ok   Falsey
ok   Truthy
ok   Null is falsey
ok   Context
ok   List
ok   Empty List
ok   Doubled
ok   Nested (Falsey)
ok   Nested (Truthy)
ok   Context Misses
ok   Dotted Names - Truthy
ok   Dotted Names - Falsey
ok   Dotted Names - Broken Chains
ok   Surrounding Whitespace
ok   Internal Whitespace
ok   Indented Inline Sections
ok   Standalone Lines
ok   Standalone Indented Lines
ok   Standalone Line Endings
ok   Standalone Without Previous Line
ok   Standalone Without Newline
ok   Padding
22 passed, 0 failed
