ok   Basic Behavior
ok   Failed Lookup
ok   Context
ok   Recursion
ok   Nested
ok   Surrounding Whitespace
ok   Inline Indentation
ok   Standalone Line Endings
ok   Standalone Without Previous Line
ok   Standalone Without Newline
ok   Standalone Indentation
ok   Padding Whitespace
12 passed, 0 failed
