ok   Truthy
ok   Falsey
ok   Null is falsey
ok   Context
ok   Parent contexts
ok   Variable test
ok   List Context
ok   Deeply Nested Contexts
ok   List
ok   Empty List
ok   Doubled
ok   Nested (Truthy)
ok   Nested (Falsey)
ok   Context Misses
ok   Implicit Iterator - String
ok   Implicit Iterator - Integer
ok   Implicit Iterator - Decimal
ok   Implicit Iterator - Array
ok   Implicit Iterator - HTML Escaping
ok   Implicit Iterator - Triple mustache
ok   Implicit Iterator - Ampersand
ok   Implicit Iterator - Root-level
ok   Dotted Names - Truthy
ok   Dotted Names - Falsey
ok   Dotted Names - Broken Chains
ok   Surrounding Whitespace
ok   Internal Whitespace
ok   Indented Inline Sections
ok   Standalone Lines
ok   Indented Standalone Lines
ok   Standalone Line Endings
ok   Standalone Without Previous Line
ok   Standalone Without Newline
ok   Padding
34 passed, 0 failed
