P3
48 27
255
221 235 255
221 235 255
221 235 255
220 235 255
220 235 255
221 235 255
220 235 255
221 235 255
221 235 255
220 235 255
221 235 255
221 235 255
221 235 255
220 235 255
221 235 255
221 235 255
221 235 255
221 235 255
221 235 255
220 235 255
221 235 255
221 235 255
221 235 255
220 235 255
220 235 255
220 235 255
221 235 255
220 235 255
220 235 255
221 235 255
221 235 255
221 235 255
221 235 255
221 235 255
221 235 255
221 235 255
220 235 255
220 235 255
221 235 255
221 235 255
220 235 255
220 235 255
221 235 255
221 235 255
221 235 255
220 235 255
220 235 255
221 235 255
221 235 255
221 235 255
221 235 255
221 235 255
221 235 255
221 235 255
221 235 255
221 235 255
221 235 255
221 235 255
221 235 255
221 235 255
221 235 255
221 235 255
221 235 255
221 235 255
221 235 255
221 235 255
221 235 255
221 235 255
221 235 255
221 235 255
221 235 255
221 235 255
221 235 255
221 235 255
221 235 255
221 235 255
221 235 255
221 235 255
221 235 255
221 235 255
221 235 255
221 235 255
221 235 255
221 235 255
221 235 255
221 235 255
221 235 255
221 235 255
221 235 255
221 235 255
221 235 255
221 235 255
221 235 255
221 235 255
221 235 255
221 235 255
221 236 255
222 236 255
222 236 255
221 236 255
221 236 255
222 236 255
222 236 255
221 236 255
221 236 255
221 236 255
221 236 255
221 236 255
221 236 255
221 236 255
221 236 255
221 236 255
221 236 255
178 180 189
180 181 189
121 98 80
132 102 80
154 146 145
177 196 221
110 118 128
120 136 156
156 166 181
162 179 202
222 236 255
211 222 239
182 191 202
172 175 181
160 170 181
166 172 181
171 175 181
189 194 202
212 223 239
221 236 255
221 236 255
221 236 255
221 236 255
221 236 255
221 236 255
221 236 255
221 236 255
221 236 255
221 236 255
221 236 255
221 236 255
222 236 255
222 236 255
222 236 255
222 236 255
222 236 255
222 236 255
222 236 255
222 236 255
222 236 255
222 236 255
222 236 255
222 236 255
222 236 255
222 236 255
222 236 255
222 236 255
203 211 225
127 100 80
118 97 80
125 99 80
106 103 107
119 144 190
97 125 184
143 161 107
141 165 70
128 153 107
145 160 181
170 175 181
161 170 181
157 168 181
156 168 181
155 167 181
155 167 181
155 167 181
161 170 181
173 176 181
211 223 239
222 236 255
222 236 255
222 236 255
222 236 255
222 236 255
222 236 255
222 236 255
222 236 255
222 236 255
222 236 255
222 236 255
222 236 255
222 236 255
222 236 255
222 236 255
222 236 255
222 236 255
223 236 255
222 236 255
222 236 255
222 236 255
222 236 255
222 236 255
222 236 255
222 236 255
222 236 255
222 236 255
139 136 140
130 101 80
119 94 75
132 132 140
167 191 221
132 153 181
121 137 158
104 114 131
129 146 169
157 166 181
166 173 181
161 170 181
156 168 181
153 166 181
151 166 181
151 165 181
152 166 181
154 167 181
157 168 181
160 170 181
172 176 181
222 236 255
222 236 255
222 236 255
222 236 255
222 236 255
222 236 255
222 236 255
222 236 255
222 236 255
222 236 255
222 236 255
223 236 255
223 236 255
223 236 255
223 236 255
223 236 255
223 236 255
223 236 255
205 219 239
223 236 255
223 236 255
223 236 255
223 236 255
223 236 255
203 218 239
223 236 255
168 174 185
100 75 57
77 61 49
145 138 140
137 156 181
8 100 72
140 157 181
104 114 131
118 135 158
123 124 131
171 175 181
165 172 181
160 170 181
156 168 181
154 167 181
153 167 181
153 166 181
153 166 181
154 167 181
157 168 181
161 170 181
166 173 181
178 179 181
223 236 255
223 236 255
223 236 255
223 236 255
223 236 255
223 236 255
223 236 255
223 236 255
223 236 255
223 236 255
162 179 202
166 181 202
134 154 181
188 202 221
185 200 221
142 158 181
143 159 181
168 182 202
140 158 181
138 156 181
165 180 202
141 158 181
163 180 202
143 159 181
140 158 181
133 117 114
95 77 64
119 94 75
149 153 164
119 155 166
120 136 158
134 154 181
139 157 181
136 156 181
170 174 181
170 175 181
165 172 181
162 171 181
158 169 181
159 169 181
156 168 181
157 168 181
158 169 181
158 169 181
162 171 181
164 172 181
168 173 181
174 176 181
171 174 181
143 159 181
164 180 202
166 181 202
131 152 181
163 180 202
160 178 202
163 179 202
145 160 181
223 237 255
141 158 181
139 157 181
136 155 181
140 157 181
138 157 181
141 158 181
134 154 181
135 155 181
133 154 181
136 155 181
135 155 181
135 155 181
138 157 181
136 155 181
136 155 181
126 139 159
98 78 64
124 99 80
147 151 161
137 156 181
164 180 202
142 158 181
136 155 181
161 169 181
177 178 181
173 176 181
170 174 181
166 173 181
165 172 181
164 171 181
164 172 181
162 171 181
164 172 181
165 172 181
165 172 181
166 173 181
170 175 181
174 176 181
178 179 181
142 158 181
136 156 181
135 155 181
132 153 181
132 153 181
134 154 181
139 157 181
140 157 181
143 159 181
135 155 181
135 155 181
136 155 181
137 156 181
131 153 181
136 155 181
142 159 181
133 154 181
137 156 181
140 157 181
138 156 181
136 156 181
140 157 181
138 156 181
135 155 181
141 158 181
112 87 70
70 53 41
202 217 239
220 235 255
220 235 255
221 235 255
185 200 221
184 182 181
180 180 181
176 178 181
174 177 181
172 176 181
172 176 181
171 175 181
170 175 181
169 174 181
170 175 181
169 174 181
172 176 181
171 175 181
174 177 181
178 179 181
182 181 181
136 155 181
140 157 181
137 156 181
140 158 181
137 156 181
137 156 181
135 155 181
134 154 181
136 155 181
135 155 181
135 155 181
140 157 181
134 154 181
134 155 181
133 154 181
136 155 181
137 156 181
140 158 181
134 154 181
137 156 181
134 154 181
133 154 181
134 154 181
138 156 181
136 155 181
141 158 181
83 63 49
134 143 159
188 201 223
216 233 255
217 233 255
216 232 255
188 198 212
185 182 181
182 181 181
181 180 181
178 179 181
178 179 181
176 178 181
177 178 181
177 178 181
176 178 181
179 179 181
176 178 181
180 180 181
181 180 181
180 180 181
184 182 181
147 156 169
139 157 181
141 158 181
133 154 181
137 156 181
133 154 181
136 155 181
137 156 181
142 159 181
137 156 181
136 155 181
135 155 181
143 159 181
133 154 181
135 155 181
132 148 169
136 156 181
113 120 135
105 89 112
96 111 128
132 153 181
124 138 158
140 157 181
36 81 220
41 77 198
75 107 223
122 137 156
131 170 179
146 172 188
183 199 221
212 231 255
213 231 255
117 126 142
113 120 128
153 154 156
155 155 156
171 170 169
171 169 169
169 168 169
184 182 181
182 181 181
184 182 181
168 168 169
184 182 181
184 182 181
134 138 143
135 138 143
115 121 128
107 119 128
137 156 181
132 153 181
137 156 181
139 157 181
136 156 181
140 157 181
139 157 181
132 153 181
141 158 181
135 155 181
133 154 181
130 152 181
136 155 181
140 157 181
137 156 181
137 156 181
93 56 72
89 46 71
98 114 129
172 61 189
114 115 145
117 137 177
73 119 126
62 50 152
37 86 82
38 81 82
22 119 101
183 207 239
172 193 221
182 216 234
186 220 234
158 166 172
119 121 127
118 122 128
116 121 128
119 123 128
119 123 128
121 124 128
112 119 128
112 119 128
120 123 128
117 122 128
118 122 128
118 123 128
119 123 128
113 120 128
114 120 128
103 110 111
108 160 80
125 158 139
137 156 181
138 156 181
141 158 181
130 152 181
136 156 181
136 155 181
138 156 181
141 158 181
141 158 181
141 158 181
129 146 169
137 156 181
139 157 181
139 157 181
115 117 134
98 86 105
141 158 181
160 144 189
148 53 163
21 123 32
27 164 40
84 176 131
113 152 178
12 64 10
96 116 128
136 155 181
110 136 143
77 166 144
73 157 144
180 202 230
111 119 128
115 121 128
117 122 128
109 112 115
117 122 128
115 121 128
116 121 128
117 122 128
114 116 119
112 119 128
117 122 128
122 124 128
112 115 119
120 123 128
118 122 128
54 138 70
57 197 105
74 193 99
134 149 169
125 153 158
117 150 158
137 156 181
143 159 181
134 154 181
139 157 181
131 153 181
134 154 181
138 156 181
139 157 181
137 156 181
106 118 105
122 134 86
100 114 106
162 179 219
171 175 187
183 199 221
95 81 112
70 104 91
14 92 21
130 142 236
123 139 213
71 92 90
122 143 169
137 156 181
109 145 149
57 126 109
91 157 145
161 188 221
105 109 113
110 118 128
115 121 128
117 118 119
102 101 101
112 120 128
108 110 113
117 122 128
115 117 119
111 115 119
117 122 128
115 121 128
115 121 128
98 102 106
124 135 150
86 139 108
48 161 83
73 172 108
99 133 130
22 125 39
24 131 41
115 151 158
139 157 181
133 154 181
136 155 181
140 158 181
141 158 181
134 155 181
136 155 181
143 159 181
104 110 68
102 108 68
183 199 252
180 198 252
134 152 179
134 154 181
134 149 169
138 156 181
91 88 141
104 68 220
87 56 182
122 140 186
127 145 169
131 145 159
129 152 181
106 138 144
83 119 123
148 156 251
94 97 101
90 92 91
113 111 113
81 85 90
108 113 119
88 91 96
117 122 128
109 114 119
116 122 128
94 96 98
110 114 119
113 116 119
100 105 110
94 102 110
76 171 125
92 138 130
73 115 101
28 102 52
116 150 161
20 107 33
20 112 35
129 149 157
140 158 181
141 158 181
134 154 181
133 148 169
138 156 181
137 156 181
116 127 133
139 157 181
141 155 162
116 134 156
114 128 167
149 160 199
115 123 172
110 119 143
138 156 181
137 156 181
126 138 175
78 52 180
67 42 144
109 115 149
135 155 181
118 137 158
135 155 181
134 154 181
139 155 200
116 119 188
72 68 108
107 108 110
115 121 128
113 120 128
99 99 101
112 113 115
107 108 110
102 103 106
111 110 110
107 110 115
118 122 128
113 115 119
117 122 128
70 109 92
79 125 110
96 137 133
121 145 157
121 154 161
137 156 181
140 157 181
103 115 131
109 129 143
120 144 157
124 139 156
137 156 181
139 157 181
141 158 181
132 153 181
139 157 181
132 150 180
125 140 158
118 131 145
128 139 167
80 81 120
112 125 149
136 155 181
124 142 169
135 155 181
81 92 110
87 96 123
120 135 175
127 140 156
122 136 175
120 135 156
139 157 181
113 125 162
130 150 180
102 108 148
39 42 45
135 155 181
114 127 144
98 96 96
99 98 98
103 104 106
98 102 106
79 77 75
89 90 93
100 98 96
118 122 128
96 103 110
89 92 97
138 156 181
132 148 169
132 148 169
133 154 181
130 152 181
138 157 181
131 148 169
136 155 181
138 156 181
131 153 181
115 137 156
141 158 181
136 155 181
131 153 181
135 155 181
134 154 181
139 157 181
143 159 181
124 136 159
138 157 181
117 134 162
132 148 169
135 155 181
130 152 181
142 158 181
144 159 181
138 156 181
142 158 181
120 139 163
125 141 168
142 158 181
124 137 166
118 131 150
131 144 168
126 144 168
126 142 163
119 129 143
114 127 143
108 120 135
91 83 81
103 102 101
69 66 64
62 58 55
49 47 45
99 97 96
108 113 119
101 105 113
118 129 144
126 136 150
140 158 181
135 144 156
133 148 169
147 161 181
123 131 143
134 154 181
125 141 163
133 154 181
136 155 181
125 141 163
142 159 181
136 155 181
135 155 181
143 159 181
124 144 169
134 154 181
142 158 181
132 153 181
137 156 181
130 147 169
135 155 181
134 154 181
129 146 169
137 156 181
122 140 163
130 152 181
135 155 181
138 156 181
118 136 160
138 156 181
142 159 181
131 142 156
126 142 163
138 156 181
119 136 159
108 120 135
122 134 150
74 76 78
114 118 123
77 84 93
71 79 90
67 67 67
23 23 22
93 94 96
84 91 101
98 107 119
82 89 98
114 123 135
136 156 181
135 155 181
119 146 151
136 155 181
128 143 163
126 139 156
123 124 131
137 156 181
144 160 181
132 153 181
136 155 181
132 148 169
138 157 181
140 157 181
136 156 181
136 156 181
142 158 181
121 131 143
144 159 181
136 155 181
136 155 181
135 155 181
123 131 145
135 155 181
130 147 169
131 148 169
137 156 181
136 155 181
127 145 169
119 131 146
141 158 181
124 138 156
122 131 144
132 148 169
134 149 169
142 153 169
140 152 169
114 126 143
113 124 139
104 115 128
132 145 163
123 140 163
110 121 135
96 104 115
108 120 135
107 120 137
129 142 160
128 141 160
112 130 145
123 140 163
124 141 163
137 156 181
101 116 135
133 154 181
136 150 169
141 158 181
136 155 181
127 140 156
135 155 181
140 157 181
141 158 181
140 158 181
137 156 181
147 162 181
138 157 181
128 146 169
146 161 181
133 154 181
141 158 181
137 156 181
138 156 181
138 156 181
134 154 181
138 156 181
139 157 181
128 140 156
130 147 169
114 126 143
130 147 169
135 155 181
138 156 181
121 139 163
120 139 163
137 156 181
126 139 156
134 149 169
133 154 181
144 154 169
132 153 181
122 140 163
130 147 169
121 137 158
132 142 156
130 147 169
121 131 144
107 116 128
135 150 169
120 131 146
133 154 181
138 157 181
133 154 181
126 142 163
138 156 181
136 156 181
139 157 181
134 154 181
138 156 181
140 157 181
138 157 181
138 156 181
145 160 181
123 140 163
145 160 181
143 159 181
139 157 181
142 159 181
134 154 181
127 145 169
129 146 169
137 156 181
137 156 181
128 146 169
140 157 181
131 153 181
136 150 169
132 153 181
135 155 181
139 151 169
137 156 181
140 158 181
130 147 169
132 153 181
141 158 181
134 154 181
136 155 181
138 156 181
131 148 169
136 156 181
122 140 163
142 158 181
137 156 181
128 143 163
138 156 181
134 154 181
129 144 163
137 156 181
134 149 169
131 148 169
131 153 181
139 157 181
135 155 181
138 156 181
141 158 181
135 155 181
139 157 181
135 155 181
141 158 181
127 142 163
139 157 181
132 153 181
135 155 181
136 155 181
137 156 181
135 155 181
133 154 181
133 154 181
141 158 181
147 161 181
135 155 181
140 157 181
135 155 181
136 155 181
138 156 181
118 129 144
122 140 163
125 141 163
141 158 181
127 142 163
140 158 181
138 151 169
133 154 181
119 132 150
124 139 158
136 150 169
137 156 181
131 148 169
131 147 169
129 144 163
122 137 158
138 156 181
145 160 181
139 157 181
141 158 181
138 156 181
138 156 181
134 149 169
121 139 163
141 158 181
126 142 163
135 155 181
132 148 169
145 160 181
132 153 181
137 156 181
143 159 181
141 158 181
138 157 181
144 159 181
135 155 181
134 154 181
139 152 169
137 156 181
134 154 181
138 156 181
143 154 169
137 156 181
134 149 169
136 150 169
140 157 181
138 151 169
135 155 181
131 153 181
128 146 169
140 157 181
133 154 181
139 157 181
134 154 181
140 157 181
136 156 181
122 140 163
125 142 163
145 160 181
137 156 181
130 147 169
139 157 181
135 155 181
130 152 181
133 154 181
148 162 181
137 156 181
134 154 181
135 155 181
139 157 181
133 148 169
138 157 181
138 156 181
130 152 181
138 156 181
136 156 181
139 157 181
140 157 181
139 157 181
139 157 181
137 156 181
135 155 181
134 154 181
142 158 181
138 156 181
139 157 181
136 156 181
135 155 181
134 154 181
136 155 181
138 156 181
138 157 181
134 154 181
139 157 181
135 155 181
134 154 181
138 156 181
141 158 181
132 153 181
135 155 181
140 157 181
140 157 181
137 156 181
136 156 181
127 143 163
132 153 181
136 155 181
136 155 181
133 154 181
140 157 181
124 139 158
143 159 181
130 152 181
135 155 181
139 157 181
140 157 181
139 157 181
132 153 181
134 154 181
140 157 181
136 155 181
134 154 181
136 155 181
134 154 181
140 157 181
139 157 181
133 154 181
138 156 181
132 153 181
131 153 181
144 159 181
138 156 181
141 158 181
138 156 181
140 157 181
135 155 181
127 145 169
135 155 181
140 157 181
142 159 181
133 154 181
143 159 181
138 156 181
130 152 181
136 155 181
137 156 181
141 158 181
139 157 181
134 154 181
133 154 181
137 156 181
138 151 169
134 154 181
137 156 181
144 159 181
137 156 181
135 155 181
138 156 181
132 153 181
138 157 181
133 154 181
134 154 181
146 161 181
144 159 181
129 147 169
141 158 181
132 153 181
133 148 169
140 157 181
134 154 181
134 154 181
133 154 181
134 154 181
142 159 181
132 153 181
139 157 181
143 159 181
133 154 181
141 158 181
137 156 181
131 152 181
133 148 169
140 158 181
134 154 181
136 156 181
143 159 181
137 156 181
137 156 181
135 155 181
120 139 163
134 154 181
138 156 181
144 160 181
139 157 181
133 154 181
136 155 181
142 159 181
134 149 169
135 155 181
141 158 181
133 154 181
135 155 181
141 158 181
135 155 181
135 155 181
139 151 169
144 160 181
126 142 163
138 156 181
137 156 181
143 159 181
132 148 169
139 157 181
137 156 181
138 156 181
133 154 181
132 153 181
133 154 181
137 156 181
136 156 181
137 156 181
