P3
24 13
255
221 235 255
221 235 255
221 235 255
221 235 255
221 235 255
221 235 255
221 235 255
221 235 255
221 236 255
221 235 255
220 235 255
221 235 255
220 235 255
221 235 255
220 235 255
221 235 255
221 235 255
221 235 255
221 235 255
221 235 255
220 235 255
221 235 255
221 235 255
221 235 255
222 236 255
222 236 255
222 236 255
221 236 255
222 236 255
221 236 255
222 236 255
221 236 255
125 99 80
134 103 80
159 169 189
128 151 181
133 154 181
221 236 255
154 167 181
156 168 181
162 170 181
162 171 181
222 236 255
222 236 255
222 236 255
222 236 255
222 236 255
222 236 255
223 237 255
223 236 255
223 236 255
222 236 255
182 199 221
223 236 255
133 154 181
222 236 255
125 99 80
121 98 80
17 31 156
129 152 181
173 176 181
160 170 181
155 167 181
152 166 181
154 167 181
164 172 181
172 176 181
223 236 255
223 236 255
184 200 221
222 236 255
223 237 255
142 159 181
151 163 181
144 159 181
120 112 164
163 180 219
146 161 181
135 155 181
137 130 186
18 5 0
169 174 185
144 160 181
102 113 128
174 177 181
168 174 181
166 173 181
165 172 181
161 170 181
165 172 181
176 178 181
142 171 136
136 155 181
147 172 219
138 156 181
102 113 128
95 109 128
19 46 28
103 129 133
116 32 144
133 146 175
81 78 83
136 61 139
63 58 108
75 50 45
159 166 181
217 233 255
182 181 181
181 180 181
179 179 181
179 179 181
179 179 181
174 176 181
177 178 181
180 180 181
160 168 181
143 159 181
99 63 155
103 114 135
176 54 60
115 135 170
103 84 144
48 40 88
67 78 29
106 135 142
58 180 64
26 86 42
110 116 128
92 131 111
27 86 86
150 175 205
204 226 255
113 120 128
81 85 90
83 93 90
105 118 98
82 85 116
37 60 74
26 20 77
115 81 135
95 108 145
134 154 159
145 126 134
61 76 158
30 51 22
45 62 61
95 119 98
96 131 148
67 70 53
61 66 49
98 115 129
45 133 45
81 123 89
119 151 164
15 80 137
182 164 225
96 101 91
95 93 101
112 111 110
92 96 106
79 84 90
124 125 128
81 86 90
37 46 102
140 157 181
137 115 133
121 48 59
134 135 155
101 115 128
34 50 102
28 116 21
99 129 129
92 127 128
79 97 60
117 120 152
107 116 128
99 142 132
100 116 37
134 155 181
132 137 170
0 0 0
80 85 90
107 109 110
85 87 90
84 81 78
87 82 78
87 88 90
90 93 91
53 52 19
125 59 56
75 38 117
70 49 51
0 0 0
29 108 187
79 86 90
135 155 181
131 139 173
81 54 91
91 61 100
146 161 181
138 156 181
112 123 135
71 87 120
81 96 137
63 57 79
88 89 90
79 84 90
87 88 90
84 87 90
102 101 101
139 157 181
144 142 36
105 118 135
85 58 18
131 129 136
104 113 129
109 81 108
171 118 151
126 124 148
129 127 148
138 153 157
96 109 134
131 153 181
141 158 181
130 152 181
34 42 43
31 40 43
97 109 128
139 157 181
142 159 181
34 145 111
27 117 91
155 164 192
163 168 203
127 139 156
135 127 31
107 95 22
142 159 181
0 0 0
134 154 181
147 89 113
161 141 166
137 156 181
174 194 221
182 164 190
124 138 156
136 155 181
134 154 181
137 156 181
137 130 133
122 81 106
117 152 133
150 163 181
93 134 143
20 85 64
112 125 146
135 155 181
61 61 72
81 81 114
136 155 181
137 156 181
99 100 91
96 108 165
99 15 187
155 150 197
90 85 102
142 159 181
133 154 181
101 112 128
137 156 181
106 131 130
142 159 181
120 80 45
132 94 47
84 112 39
84 130 48
96 149 55
134 154 181
125 139 156
133 154 181
130 152 181
98 137 143
98 111 128
127 140 156
102 112 147
137 156 181
135 155 181
84 12 152
156 164 238
152 162 211
129 120 141
128 151 181
138 157 181
105 115 128
123 122 130
132 153 181
130 152 181
166 171 183
92 108 128
0 0 0
110 134 130
97 119 129
151 164 181
139 157 181
141 158 181
106 113 195
137 156 181
138 157 181
141 158 181
134 154 181
139 157 181
135 155 181
