P3
48 27
255
170 196 0
180 201 0
169 195 0
176 198 0
176 195 0
168 190 0
175 198 0
172 197 0
175 198 0
174 198 0
176 199 0
174 193 0
176 199 0
179 200 0
171 196 0
173 193 0
174 198 0
176 199 0
175 198 0
158 185 64
166 189 64
172 197 0
174 193 0
171 196 0
173 197 0
161 185 0
170 196 0
178 200 0
172 197 0
161 184 0
154 152 80
152 149 94
160 152 99
139 136 90
166 161 107
165 166 107
178 173 114
171 170 114
173 171 114
165 161 107
165 161 107
175 171 114
151 148 99
180 174 114
173 168 99
155 162 70
164 182 40
173 197 0
171 196 0
175 198 0
175 198 0
173 197 0
173 197 0
174 197 0
171 196 0
175 198 0
169 195 0
173 197 0
179 200 0
171 196 0
177 199 0
181 201 0
161 186 0
179 200 0
140 166 110
118 144 143
116 144 143
85 116 169
60 98 181
89 118 169
61 96 171
104 132 156
104 132 156
167 189 64
175 198 0
173 197 0
165 179 57
119 121 40
119 114 40
157 155 80
152 151 103
176 172 114
173 171 114
168 163 107
170 165 110
156 157 107
164 161 107
178 173 114
166 161 107
152 147 90
166 161 107
164 159 99
140 136 90
161 153 99
168 173 70
171 196 0
180 201 0
174 198 0
165 186 0
174 198 0
176 199 0
171 196 0
176 199 0
173 197 0
172 197 0
171 190 0
172 197 0
172 196 0
163 187 0
175 198 0
162 187 64
115 142 128
88 118 169
62 99 181
60 97 181
61 98 181
63 100 181
62 99 181
61 99 181
62 99 181
61 99 181
60 98 181
139 166 110
172 192 0
157 167 57
147 140 90
144 138 90
125 127 85
143 140 94
169 165 110
141 139 95
150 148 99
147 148 103
177 172 114
170 163 107
136 135 90
178 173 114
156 154 90
168 167 107
178 172 107
169 166 99
170 162 99
167 165 90
173 193 0
175 198 0
173 197 0
176 199 0
161 186 0
178 200 0
174 198 0
175 198 0
175 198 0
169 195 0
163 187 0
160 185 0
173 197 0
169 195 0
168 190 64
84 116 169
61 98 169
62 99 181
62 99 181
61 98 181
60 97 181
60 98 181
61 98 181
59 97 181
62 99 181
61 99 181
61 98 181
60 98 181
101 130 156
141 158 110
156 151 90
155 151 94
138 136 91
151 145 95
163 162 110
157 155 107
155 152 103
181 174 114
180 172 107
177 171 107
167 162 107
174 171 114
180 174 114
146 145 90
158 155 90
167 161 99
174 168 90
152 150 70
174 194 40
173 197 0
160 185 0
172 197 0
174 198 0
175 198 0
174 198 0
172 196 0
164 185 0
175 198 0
162 185 0
165 188 0
178 200 0
175 198 0
62 99 181
63 99 169
60 98 181
55 91 169
62 99 181
63 100 181
62 99 181
60 98 181
59 97 181
62 99 181
60 98 181
62 99 181
61 98 181
66 102 181
63 99 169
61 96 171
114 114 70
158 155 90
141 143 103
95 98 76
145 144 99
142 140 92
164 162 110
155 153 103
181 173 107
174 170 107
180 174 114
167 161 99
178 173 114
154 154 90
163 158 90
165 160 99
147 144 80
141 148 40
132 148 0
176 199 0
171 196 0
174 198 0
171 196 0
176 199 0
175 198 0
166 188 0
177 199 0
175 198 0
161 186 0
174 198 0
168 194 0
85 115 143
62 99 181
64 100 181
61 99 181
62 100 181
61 98 181
61 99 181
62 99 181
63 99 169
64 100 181
63 100 181
60 97 181
62 99 181
63 100 181
62 99 169
63 100 181
61 98 181
86 106 151
70 74 42
95 98 72
121 119 82
128 128 85
141 142 99
153 150 90
152 151 94
179 171 99
178 172 107
170 162 99
175 169 99
179 172 107
144 142 80
172 167 90
169 163 107
164 157 80
148 138 80
174 194 40
175 198 0
163 187 0
172 197 0
175 198 0
178 200 0
182 202 0
170 195 0
172 197 0
172 197 0
175 198 0
171 196 0
103 129 128
64 100 169
64 101 181
60 97 169
62 98 169
63 99 169
63 100 181
63 99 169
62 99 181
60 98 181
60 97 169
61 98 181
60 98 181
62 99 181
59 97 181
63 99 169
61 98 169
61 96 159
59 94 143
79 85 80
37 50 46
73 82 67
136 136 85
139 141 94
152 151 99
154 151 94
158 157 99
175 166 103
166 164 90
178 169 90
181 172 99
165 160 99
166 160 57
144 135 70
144 141 70
159 149 80
133 154 0
170 190 0
163 185 0
174 198 0
162 185 0
166 193 0
175 198 0
165 188 0
174 198 0
178 200 0
170 194 0
169 190 64
60 95 169
61 97 156
62 99 181
61 98 181
63 100 181
60 97 169
64 101 181
61 98 169
61 97 156
63 100 181
62 99 169
61 97 156
63 100 181
63 98 156
62 99 169
61 99 181
61 99 181
61 97 156
63 98 171
53 85 128
69 74 58
96 102 76
102 104 71
107 113 71
168 164 110
136 135 77
170 164 80
183 174 107
169 165 90
170 165 80
159 157 57
174 161 99
181 172 99
180 170 90
159 150 70
136 134 40
169 186 0
177 199 0
174 198 0
175 198 0
174 198 0
170 195 0
162 187 0
167 190 0
158 184 0
175 198 0
167 188 0
115 142 128
62 98 169
63 99 169
60 96 156
62 99 181
62 99 169
62 99 181
61 98 181
63 100 181
63 100 181
60 97 181
64 100 181
63 100 181
59 97 169
63 100 181
61 97 156
64 101 181
61 97 156
61 99 181
59 96 156
57 91 128
49 70 72
110 113 70
91 95 60
140 139 80
91 95 57
146 144 65
176 168 90
131 130 57
177 170 99
144 143 70
179 170 90
165 157 80
170 162 57
173 166 80
117 113 40
119 113 0
160 179 0
168 190 0
176 199 0
166 189 0
160 184 0
174 197 0
176 199 0
173 193 0
171 196 0
171 196 0
176 199 0
129 156 128
62 99 181
60 96 143
63 100 181
65 101 181
65 101 169
64 100 169
63 99 156
59 96 169
64 101 181
62 98 169
62 99 181
60 98 181
63 99 169
60 97 156
63 100 181
62 99 169
64 100 169
61 97 156
62 99 181
59 96 156
46 67 95
62 70 43
124 120 81
133 129 80
138 136 75
158 153 70
173 165 103
164 159 85
155 150 57
156 146 80
151 150 70
151 144 70
157 152 70
127 124 40
132 124 70
165 167 57
174 197 0
161 185 0
150 173 0
174 198 0
175 194 90
181 203 90
173 197 0
173 197 0
173 193 0
164 187 0
174 198 0
60 93 156
61 95 169
60 97 169
59 93 169
61 98 169
62 98 169
66 102 181
62 98 156
62 99 181
59 96 156
62 99 169
61 98 169
63 99 169
61 98 169
62 97 143
64 100 181
63 100 181
63 98 156
59 95 143
57 93 128
64 101 181
86 102 128
106 104 49
41 53 42
90 91 33
130 129 41
141 138 75
142 138 57
134 129 57
150 146 64
164 153 80
140 137 40
176 165 80
174 167 80
130 126 0
145 159 0
156 173 0
160 172 0
176 199 0
176 199 0
180 202 90
178 201 90
189 209 128
195 214 156
174 191 156
143 163 0
162 184 0
150 175 0
120 145 110
60 94 156
61 95 169
60 97 169
64 101 181
63 100 181
59 94 169
60 97 169
62 97 143
55 90 156
62 99 181
61 98 169
62 99 169
64 100 169
62 98 156
64 100 181
61 96 156
62 99 169
60 96 156
63 99 156
61 95 143
86 102 148
74 73 28
110 107 40
70 70 40
132 133 70
154 149 75
141 135 57
129 127 40
176 164 90
155 150 57
149 145 70
107 107 0
124 121 0
155 152 57
157 173 0
172 192 0
163 178 0
184 206 128
190 208 181
197 215 156
199 217 181
207 225 221
190 211 156
217 233 255
206 223 202
206 223 202
135 160 143
117 144 128
63 100 181
56 91 156
54 87 110
61 99 181
60 95 175
60 96 143
63 100 169
60 98 181
61 96 143
62 98 169
63 99 169
61 97 156
66 102 181
61 97 156
60 95 128
63 98 156
62 99 169
62 98 156
59 93 156
57 91 143
49 77 110
111 109 0
96 98 0
111 112 28
114 112 0
124 123 40
132 127 40
162 155 70
141 137 40
132 126 40
140 129 40
151 150 57
171 178 57
151 167 0
169 178 0
159 174 0
174 198 0
205 222 202
216 232 255
201 220 202
212 229 239
205 223 221
203 223 221
194 210 202
191 209 202
210 228 239
175 194 230
113 131 169
58 93 169
49 78 128
63 100 181
48 76 110
59 93 169
52 84 143
64 100 169
64 100 169
52 84 128
50 81 128
60 96 156
64 100 169
59 95 143
62 98 156
61 96 128
61 97 156
60 96 156
65 100 169
58 92 156
54 84 110
110 122 110
89 92 0
79 72 0
114 112 40
129 122 40
78 79 0
80 80 0
141 136 12
124 117 0
116 109 0
122 121 0
106 105 0
164 165 40
165 186 0
172 192 0
174 197 0
170 187 0
196 213 221
187 210 156
177 196 128
205 222 202
190 213 181
177 196 128
160 178 90
192 212 156
176 193 169
188 204 230
106 124 143
93 119 181
50 79 143
41 67 110
60 97 156
48 77 128
55 89 143
60 95 143
63 99 169
59 95 143
59 93 143
61 97 156
55 89 110
59 94 128
59 92 110
62 98 156
63 98 156
61 97 143
62 98 156
61 95 145
62 97 143
127 134 64
131 136 0
55 55 0
84 91 0
102 91 0
108 109 0
60 65 0
102 99 0
70 65 0
106 100 0
120 122 0
146 159 0
145 153 0
157 172 0
160 179 0
173 193 0
162 184 0
203 221 202
194 215 181
175 198 0
168 189 90
136 157 90
171 192 128
182 204 90
165 188 90
160 180 110
82 104 143
106 130 143
83 106 156
48 77 143
48 77 143
48 78 143
40 63 119
47 76 119
61 96 143
65 101 169
64 101 181
63 99 169
63 99 169
60 94 156
62 98 156
63 99 169
61 94 156
64 100 169
62 98 156
55 89 128
62 98 156
59 94 128
131 136 64
120 121 0
128 139 0
131 136 0
113 119 0
91 104 0
145 140 0
76 73 0
126 130 0
124 132 0
137 145 0
154 168 0
167 176 0
153 167 0
159 178 0
163 183 0
139 149 0
140 157 0
172 198 90
162 186 90
163 185 0
167 187 0
152 176 128
176 200 90
176 200 90
161 183 110
43 69 128
51 80 143
29 48 90
92 118 181
90 113 169
57 92 156
47 77 143
57 91 156
47 75 110
61 97 156
55 87 110
60 95 143
64 99 156
59 96 156
63 100 169
63 99 169
61 94 156
62 98 156
62 99 169
60 95 143
62 98 143
86 106 90
72 69 0
131 139 0
138 153 0
109 117 0
120 124 0
127 136 0
111 104 0
142 148 0
125 130 0
133 136 0
152 160 0
143 151 0
134 146 0
144 157 0
137 153 0
174 189 0
163 180 0
150 171 0
176 200 90
171 196 0
170 197 90
160 180 90
178 200 0
164 185 0
155 177 90
151 174 128
105 130 128
76 93 128
97 116 128
76 92 110
52 80 143
56 92 169
57 89 156
48 77 128
60 94 163
60 95 128
61 95 110
57 90 128
62 97 143
64 99 156
63 97 128
62 97 143
63 99 156
56 88 90
57 89 128
59 95 128
50 80 64
95 112 0
148 164 0
160 171 0
140 153 0
116 124 0
137 151 0
134 143 0
144 146 0
134 138 0
115 124 0
102 97 0
149 156 0
165 178 0
151 157 0
153 162 0
162 184 0
169 191 0
158 164 0
172 191 90
168 193 128
176 204 156
161 181 0
153 175 0
149 170 0
178 203 128
157 182 128
164 189 90
124 145 0
107 124 128
73 86 110
0 0 0
74 81 90
89 112 156
89 109 143
77 94 134
56 89 128
60 93 143
54 87 110
61 97 143
55 88 110
62 97 143
50 80 90
63 99 156
59 94 128
60 95 128
61 96 128
62 97 143
87 98 64
112 131 0
107 123 0
122 141 0
157 178 0
139 156 0
144 159 0
72 80 0
128 144 0
113 113 0
143 157 0
152 158 0
172 197 0
170 188 0
149 167 0
165 185 0
157 166 0
179 196 0
141 156 0
175 201 128
174 198 0
163 187 90
163 186 0
139 161 90
146 171 0
159 180 90
165 189 128
142 165 0
144 168 156
154 177 90
122 138 143
0 0 0
29 46 64
88 106 128
87 103 128
55 86 143
54 84 128
46 76 128
53 85 64
59 92 143
62 96 128
60 96 143
60 95 128
59 92 110
59 93 143
53 85 110
54 84 128
107 128 64
110 128 0
116 132 0
30 46 0
151 172 0
145 163 0
142 160 0
162 184 0
124 140 0
97 117 0
156 174 0
120 140 0
161 175 0
171 196 0
132 145 0
146 154 0
160 181 0
174 198 0
173 197 0
165 184 0
164 187 90
147 169 0
151 173 0
172 198 90
174 199 90
148 172 0
163 183 128
147 168 90
119 135 90
139 161 90
163 185 0
121 143 110
19 31 0
73 85 0
114 129 90
54 85 143
67 85 90
66 84 64
59 92 143
51 82 90
60 94 156
59 92 128
54 85 64
65 100 156
55 89 110
56 91 90
54 86 128
73 95 90
111 124 0
137 158 0
118 132 0
110 124 0
113 126 0
138 146 0
131 153 0
153 169 0
145 165 0
160 181 0
138 155 0
156 171 0
151 169 0
159 178 0
140 155 0
156 177 0
155 168 0
169 179 0
161 180 0
172 193 0
177 199 0
177 201 90
187 211 181
149 170 0
118 137 0
128 147 0
129 143 0
124 143 90
142 161 0
160 180 128
166 185 128
121 139 90
117 129 90
86 104 110
70 90 64
141 157 143
106 120 0
51 80 128
47 75 90
50 79 64
51 81 90
58 92 90
62 97 128
61 96 128
57 88 128
70 90 0
111 130 0
37 59 0
90 98 0
129 145 0
144 162 0
120 141 0
115 130 0
128 146 0
128 145 0
141 159 0
153 168 0
153 174 0
138 149 0
147 165 0
143 151 0
173 197 0
161 180 0
175 186 0
159 178 0
169 190 0
173 193 0
173 197 0
173 196 128
178 199 0
175 200 90
175 200 90
158 179 90
178 199 156
143 161 90
164 185 0
179 202 90
128 144 90
127 148 90
136 154 0
119 130 90
106 121 90
69 88 0
78 102 90
83 101 0
40 65 64
93 113 64
101 117 64
65 78 0
81 100 64
69 88 0
92 108 0
68 86 0
92 109 0
101 120 0
127 141 0
129 150 0
105 126 0
146 163 0
159 183 0
145 157 0
153 172 0
145 160 0
119 143 0
158 179 0
136 152 0
134 150 0
164 179 0
167 187 0
153 175 0
176 199 0
164 185 0
151 167 0
162 182 0
158 183 0
168 190 0
126 144 0
158 177 90
166 188 90
145 162 90
163 187 0
159 182 128
142 166 90
105 123 0
144 162 90
150 169 156
87 106 0
104 118 90
115 128 0
63 75 0
65 72 0
112 128 0
123 140 0
97 111 0
131 150 0
71 80 0
126 144 0
26 43 0
90 105 0
92 109 0
85 99 0
145 164 0
150 168 0
130 147 0
149 172 0
92 109 0
149 172 0
173 197 0
107 127 0
167 190 0
114 131 0
157 174 0
173 197 0
153 171 0
162 181 0
162 180 0
153 176 0
154 177 0
152 174 0
165 184 0
178 196 0
150 169 0
170 196 0
166 183 0
179 200 0
172 193 128
124 142 0
135 155 0
169 190 90
125 141 0
160 181 128
156 181 0
157 176 90
140 156 156
156 172 128
129 145 156
62 74 0
144 155 128
167 184 90
108 127 0
124 145 0
140 159 0
112 130 0
141 160 0
126 145 0
111 127 0
128 147 0
141 163 0
134 150 0
107 127 0
157 175 0
124 147 0
131 154 0
160 185 0
130 153 0
132 153 0
154 175 0
140 161 0
130 146 0
137 161 0
167 194 0
146 166 0
163 180 0
167 186 0
162 184 0
155 177 0
174 193 0
161 182 0
174 194 0
154 160 0
156 178 0
139 157 0
141 160 90
158 177 90
166 188 90
167 191 128
139 161 90
160 182 128
98 107 0
186 211 181
83 97 0
110 125 0
155 170 128
137 152 90
108 122 0
117 129 0
110 126 0
113 131 0
163 185 0
148 170 0
144 164 0
126 148 0
134 150 0
114 131 0
142 165 0
109 130 0
94 112 0
154 177 0
109 131 0
142 162 0
150 166 0
151 175 0
144 165 0
160 184 0
160 176 0
156 176 0
122 144 0
165 188 0
171 192 0
152 171 0
163 187 0
151 173 0
155 175 0
140 158 0
157 175 0
162 186 0
171 196 0
169 195 0
140 162 0
168 190 0
135 148 90
125 140 0
127 144 90
90 100 0
174 194 128
127 142 0
122 140 90
136 152 90
118 137 128
112 126 90
152 170 156
117 129 0
155 169 128
143 161 90
139 157 0
151 174 0
156 178 0
126 144 0
110 133 0
123 142 0
134 151 0
152 176 0
145 164 0
139 162 0
153 173 0
159 179 0
155 176 0
168 189 0
172 196 0
144 167 0
145 170 0
155 176 0
158 180 0
160 185 0
151 168 0
163 185 0
134 152 0
146 170 0
151 171 0
174 198 0
156 179 0
176 199 0
171 196 0
170 192 0
169 189 0
173 197 0
165 189 0
171 191 0
