P3
48 27
255
205 226 255
204 226 255
204 226 255
203 226 255
203 225 255
202 225 255
202 225 255
201 224 255
200 224 255
200 224 255
199 223 255
199 223 255
198 223 255
198 223 255
197 222 255
196 222 255
196 222 255
195 221 255
195 221 255
195 221 255
194 221 255
194 221 255
194 221 255
194 221 255
194 221 255
194 221 255
194 221 255
194 221 255
195 221 255
195 221 255
196 222 255
196 222 255
197 222 255
197 222 255
197 223 255
198 223 255
199 223 255
199 224 255
200 224 255
200 224 255
201 225 255
202 225 255
202 225 255
203 225 255
203 226 255
203 226 255
204 226 255
205 226 255
206 227 255
205 227 255
205 226 255
204 226 255
204 226 255
203 226 255
203 225 255
203 225 255
202 225 255
201 225 255
201 224 255
200 224 255
199 224 255
199 223 255
198 223 255
198 223 255
197 222 255
197 222 255
196 222 255
196 222 255
196 222 255
195 221 255
195 221 255
195 221 255
195 221 255
195 221 255
195 221 255
196 222 255
196 222 255
196 222 255
197 222 255
197 222 255
198 223 255
198 223 255
199 223 255
199 224 255
200 224 255
201 224 255
201 224 255
202 225 255
202 225 255
203 225 255
203 226 255
204 226 255
204 226 255
205 227 255
205 227 255
206 227 255
207 228 255
207 227 255
206 227 255
206 227 255
205 227 255
205 226 255
204 226 255
204 226 255
203 226 255
202 225 255
202 225 255
202 225 255
201 224 255
200 224 255
200 224 255
199 223 255
199 223 255
198 223 255
197 223 255
197 222 255
197 222 255
197 222 255
197 222 255
197 222 255
197 222 255
196 222 255
197 222 255
197 222 255
197 222 255
198 223 255
198 223 255
199 223 255
199 223 255
200 224 255
200 224 255
201 224 255
201 225 255
202 225 255
202 225 255
203 226 255
203 226 255
204 226 255
204 226 255
205 227 255
205 227 255
206 227 255
206 227 255
207 228 255
208 228 255
208 228 255
207 228 255
207 228 255
206 227 255
206 227 255
205 227 255
205 227 255
205 226 255
204 226 255
203 226 255
203 225 255
202 225 255
202 225 255
201 225 255
201 224 255
200 224 255
199 224 255
199 223 255
199 223 255
199 223 255
198 223 255
198 223 255
198 223 255
198 223 255
198 223 255
198 223 255
199 223 255
199 223 255
199 224 255
200 224 255
200 224 255
201 224 255
201 225 255
202 225 255
202 225 255
203 225 255
203 226 255
204 226 255
204 226 255
205 227 255
205 227 255
206 227 255
206 227 255
207 228 255
207 228 255
208 228 255
208 228 255
209 229 255
209 229 255
209 228 255
208 228 255
208 228 255
207 228 255
206 227 255
206 227 255
206 227 255
205 227 255
205 227 255
204 226 255
204 226 255
204 226 255
203 225 255
202 225 255
202 225 255
202 225 255
200 224 255
201 224 255
200 224 255
200 224 255
200 224 255
200 224 255
200 224 255
200 224 255
200 224 255
200 224 255
201 224 255
201 224 255
202 225 255
202 225 255
202 225 255
203 225 255
203 226 255
204 226 255
204 226 255
205 226 255
205 227 255
206 227 255
207 228 255
207 228 255
207 228 255
208 228 255
208 228 255
209 228 255
209 229 255
209 229 255
211 230 255
210 229 255
210 229 255
209 229 255
209 229 255
208 228 255
208 228 255
208 228 255
207 228 255
207 228 255
206 227 255
206 227 255
205 227 255
205 227 255
205 226 255
204 226 255
203 226 255
203 226 255
202 225 255
203 225 255
202 225 255
202 225 255
201 225 255
195 217 247
195 218 247
183 203 230
202 225 255
202 225 255
202 225 255
203 225 255
203 225 255
203 226 255
204 226 255
205 226 255
205 227 255
206 227 255
206 227 255
207 227 255
207 228 255
207 228 255
208 228 255
208 228 255
209 229 255
209 229 255
209 229 255
210 229 255
210 229 255
211 230 255
212 230 255
212 230 255
211 230 255
211 230 255
210 229 255
210 229 255
210 229 255
209 229 255
209 229 255
208 228 255
208 228 255
208 228 255
207 228 255
207 228 255
206 227 255
206 227 255
205 227 255
205 226 255
205 226 255
204 226 255
180 202 230
152 169 192
144 159 181
132 148 169
141 158 181
139 157 181
166 181 202
188 210 239
204 226 255
205 227 255
205 227 255
205 227 255
205 227 255
207 227 255
207 228 255
207 228 255
208 228 255
208 228 255
209 229 255
209 229 255
210 229 255
210 229 255
210 229 255
211 230 255
211 230 255
211 230 255
212 230 255
212 230 255
213 231 255
213 231 255
212 231 255
212 230 255
212 230 255
212 230 255
211 230 255
211 230 255
211 230 255
210 229 255
210 229 255
209 229 255
209 229 255
209 229 255
208 228 255
208 228 255
207 228 255
207 228 255
192 212 239
147 161 181
140 155 175
145 160 181
146 161 181
130 147 169
142 156 175
142 156 175
143 159 181
134 149 169
155 173 197
199 220 247
207 228 255
208 228 255
208 228 255
208 228 255
208 228 255
209 229 255
209 229 255
210 229 255
210 229 255
211 230 255
211 230 255
211 230 255
212 230 255
212 230 255
212 231 255
213 231 255
213 231 255
213 231 255
214 232 255
214 232 255
214 232 255
214 231 255
213 231 255
213 231 255
213 231 255
213 231 255
212 230 255
212 231 255
212 230 255
211 230 255
211 230 255
210 230 255
211 230 255
210 229 255
209 229 255
209 229 255
137 153 175
134 152 175
141 156 175
123 137 156
141 155 175
123 140 163
137 153 175
139 154 175
136 150 169
142 156 175
135 149 169
138 154 175
197 215 239
210 229 255
210 229 255
210 229 255
211 230 255
211 230 255
211 230 255
212 230 255
212 230 255
212 231 255
213 231 255
213 231 255
213 231 255
213 231 255
214 231 255
214 232 255
214 232 255
214 232 255
216 232 255
216 232 255
216 232 255
215 232 255
215 232 255
214 232 255
214 232 255
214 232 255
214 232 255
213 231 255
213 231 255
213 231 255
213 231 255
212 230 255
212 231 255
212 230 255
212 230 255
164 180 202
141 156 175
127 142 163
140 155 175
142 156 175
139 155 175
142 158 181
121 136 156
142 159 181
131 148 169
128 143 163
126 142 163
124 141 163
155 173 197
212 230 255
212 230 255
212 231 255
212 230 255
212 231 255
213 231 255
214 231 255
214 231 255
214 231 255
214 232 255
215 232 255
215 232 255
215 232 255
215 232 255
215 232 255
215 232 255
216 232 255
217 233 255
217 233 255
217 233 255
216 233 255
217 233 255
216 233 255
216 233 255
216 233 255
216 233 255
216 232 255
216 232 255
215 232 255
215 232 255
215 232 255
214 232 255
214 232 255
196 212 235
140 158 181
130 147 169
136 150 169
142 158 181
130 144 163
133 145 163
126 139 156
138 154 175
144 157 175
124 138 156
127 142 163
117 131 150
139 154 175
125 141 163
214 231 255
214 231 255
214 232 255
215 232 255
215 232 255
215 232 255
215 232 255
216 232 255
216 232 255
216 232 255
216 233 255
216 233 255
217 233 255
217 233 255
217 233 255
217 233 255
217 233 255
218 234 255
219 234 255
218 234 255
218 234 255
218 234 255
218 234 255
218 234 255
218 234 255
218 233 255
217 233 255
217 233 255
218 233 255
217 233 255
217 233 255
217 233 255
216 233 255
178 195 217
128 146 169
139 154 175
129 143 163
134 149 169
124 138 156
119 132 150
115 130 150
129 143 163
142 153 169
130 147 169
128 140 156
129 143 163
131 146 166
122 140 163
149 165 186
217 233 255
217 233 255
217 233 255
217 233 255
217 233 255
218 233 255
217 233 255
217 233 255
218 234 255
218 234 255
218 234 255
218 234 255
218 234 255
218 234 255
219 234 255
218 234 255
220 235 255
220 235 255
220 235 255
220 235 255
220 235 255
220 235 255
220 235 255
219 234 255
219 235 255
220 235 255
219 234 255
220 235 255
219 234 255
219 234 255
219 234 255
219 234 255
147 161 181
125 138 156
116 128 144
134 152 175
117 129 146
144 157 175
139 155 175
136 150 169
118 131 150
138 149 166
110 124 143
130 144 163
112 126 144
132 145 163
122 137 156
154 168 186
219 234 255
219 234 255
219 234 255
219 234 255
219 234 255
219 234 255
219 234 255
220 235 255
220 235 255
219 234 255
220 235 255
220 235 255
219 235 255
220 235 255
220 235 255
220 235 255
221 235 255
221 236 255
221 236 255
221 236 255
221 236 255
221 235 255
221 235 255
221 235 255
222 236 255
221 235 255
221 235 255
221 236 255
221 235 255
221 236 255
221 235 255
221 236 255
137 150 169
133 145 163
128 143 163
121 135 153
141 155 175
121 136 156
140 152 169
125 142 163
116 131 150
125 138 156
123 137 156
132 148 169
132 148 169
131 145 163
138 151 169
141 153 169
221 235 255
221 236 255
222 236 255
221 235 255
221 235 255
221 235 255
221 236 255
221 235 255
221 236 255
221 236 255
221 235 255
221 236 255
221 235 255
221 235 255
221 236 255
221 235 255
223 236 255
223 236 255
223 236 255
223 236 255
223 236 255
223 237 255
223 236 255
223 237 255
223 237 255
223 237 255
223 237 255
223 237 255
223 237 255
223 237 255
224 237 255
215 228 247
165 177 194
133 146 163
128 141 158
132 148 169
125 138 156
105 118 135
133 146 163
125 138 156
119 135 156
118 132 150
115 130 150
137 150 169
132 145 163
117 131 150
109 122 139
179 193 212
224 237 255
223 237 255
224 237 255
223 237 255
223 237 255
223 237 255
223 236 255
223 237 255
223 236 255
223 236 255
223 237 255
223 236 255
223 236 255
223 236 255
222 236 255
223 236 255
224 237 255
224 237 255
224 237 255
216 229 247
197 211 230
196 210 230
197 211 230
162 179 202
162 179 202
175 191 212
164 180 202
135 155 181
176 191 212
155 170 192
140 158 181
139 157 181
130 144 163
132 145 163
112 125 143
124 138 156
121 133 150
111 126 144
129 143 163
133 148 169
136 150 169
124 138 156
118 132 150
136 150 169
124 136 153
122 135 153
104 116 131
118 135 156
137 156 181
136 155 181
138 156 181
151 168 192
174 190 212
185 200 221
151 169 192
186 201 221
189 202 221
215 228 247
215 228 247
176 191 212
224 237 255
224 237 255
224 237 255
224 237 255
135 155 181
138 156 181
136 155 181
136 156 181
137 156 181
140 157 181
135 155 181
134 155 181
137 156 181
135 155 181
136 156 181
136 155 181
139 157 181
138 156 181
137 156 181
142 159 181
135 152 175
112 125 143
118 131 150
132 145 163
118 131 150
128 140 156
120 133 151
134 149 169
121 133 150
121 134 151
125 138 156
128 140 156
113 126 143
121 133 150
101 113 128
133 151 175
138 156 181
136 152 172
138 157 181
136 155 181
138 157 181
142 159 181
139 157 181
140 157 181
141 158 181
140 158 181
136 156 181
140 158 181
143 159 181
135 155 181
140 157 181
140 157 181
139 157 181
136 156 181
139 157 181
140 158 181
133 154 181
138 156 181
137 156 181
136 155 181
136 155 181
138 156 181
137 156 181
132 148 169
138 157 181
138 156 181
126 143 166
132 153 181
131 153 181
128 143 163
112 126 144
109 119 133
117 128 143
116 130 150
124 138 156
91 102 116
117 128 143
107 118 133
127 137 150
101 113 129
136 150 169
124 138 156
115 128 144
130 148 172
142 159 181
137 156 181
140 157 181
131 150 175
144 160 181
141 158 181
136 156 181
136 155 181
141 158 181
136 155 181
142 159 181
139 157 181
137 156 181
137 156 181
138 156 181
138 157 181
136 155 181
138 156 181
142 159 181
139 157 181
136 155 181
141 158 181
140 157 181
136 155 181
129 147 172
140 157 181
129 149 175
134 152 175
139 157 181
135 155 181
142 158 181
131 149 172
138 154 175
117 133 154
96 107 121
100 110 123
108 119 133
111 124 143
114 126 141
117 131 150
120 133 151
91 103 120
95 107 123
116 127 143
122 137 156
120 133 150
114 128 147
141 158 181
135 155 181
140 157 181
139 157 181
133 151 175
138 157 181
128 146 170
141 158 181
141 158 181
143 159 181
138 154 175
138 157 181
134 155 181
137 156 181
139 157 181
134 152 175
136 153 175
136 155 181
135 155 181
140 158 181
134 154 181
141 158 181
142 158 181
134 152 175
135 152 175
141 158 181
136 155 181
140 157 181
128 146 169
133 154 181
135 151 172
125 142 166
131 149 172
116 132 153
132 149 170
126 146 172
103 114 128
112 123 137
98 108 121
136 147 163
123 137 156
111 123 139
111 121 135
126 140 160
98 109 123
100 112 128
128 144 166
78 89 103
131 147 169
141 158 181
136 155 181
136 155 181
140 157 181
139 157 181
137 156 181
130 145 166
135 155 181
142 158 181
135 155 181
135 155 181
140 157 181
138 156 181
133 154 181
137 156 181
134 154 181
140 158 181
142 159 181
134 155 181
132 151 175
128 147 172
141 158 181
140 157 181
137 153 175
131 149 172
132 151 175
131 147 169
130 148 172
122 138 160
128 147 172
130 148 172
141 158 181
107 121 140
125 143 166
122 137 157
103 111 122
107 118 134
93 104 119
127 139 156
109 120 135
113 123 137
111 123 138
98 108 122
95 106 121
96 106 120
122 135 154
123 139 161
126 142 163
130 147 169
117 132 150
130 148 172
124 141 163
134 152 175
121 136 156
133 154 181
140 157 181
141 158 181
144 160 181
129 143 163
135 155 181
133 151 175
134 151 172
138 157 181
136 155 181
132 153 181
137 156 181
139 157 181
135 155 181
141 158 181
135 152 175
133 150 172
140 157 181
133 149 169
138 157 181
138 156 181
118 135 156
138 156 181
124 142 166
123 140 161
125 141 163
117 128 144
119 133 151
107 121 139
92 102 116
98 109 123
67 73 80
52 58 66
56 62 69
113 125 141
84 92 104
87 95 106
103 114 129
117 130 148
115 130 150
92 106 125
105 120 140
123 139 160
138 156 181
124 141 164
126 143 166
129 147 170
128 147 172
143 159 181
140 157 181
141 158 181
123 142 166
137 156 181
135 155 181
139 157 181
137 156 181
127 143 163
134 154 181
123 142 166
137 156 181
139 157 181
137 156 181
132 151 175
130 148 172
142 158 181
133 151 175
138 157 181
121 139 163
135 152 175
115 132 154
135 151 172
140 158 181
129 145 166
123 140 163
107 123 143
122 138 160
117 133 153
102 112 126
95 105 119
80 89 101
109 124 143
89 99 113
97 107 121
93 101 112
107 120 137
64 71 80
87 96 109
111 125 143
107 123 144
102 117 135
126 143 166
129 148 172
128 146 170
112 128 149
120 133 150
120 135 154
125 141 163
133 154 181
132 148 170
127 143 163
135 155 181
135 152 175
141 158 181
132 149 172
140 158 181
136 153 175
130 148 172
138 156 181
136 155 181
124 140 161
135 155 181
130 148 172
140 157 181
123 140 163
138 156 181
137 153 175
138 157 181
123 141 164
127 142 161
128 142 160
113 129 150
130 147 170
111 123 139
115 125 140
130 147 170
131 148 170
114 130 150
103 113 128
87 97 109
108 123 143
106 119 136
113 128 147
97 107 122
94 106 122
117 132 151
113 125 143
94 106 122
109 127 150
128 143 163
120 135 155
130 147 169
138 156 181
129 145 166
132 151 175
132 149 172
136 156 181
133 151 175
132 151 175
139 157 181
133 154 181
126 146 172
136 155 181
128 147 172
139 157 181
136 155 181
135 152 175
128 147 172
138 156 181
134 154 181
140 157 181
137 156 181
136 155 181
126 142 163
135 151 172
132 153 181
113 129 150
116 132 153
134 150 172
132 151 175
103 117 135
120 136 158
128 147 172
118 135 156
129 145 166
134 150 172
106 119 136
112 124 140
116 130 148
105 118 135
121 136 156
102 114 129
88 100 115
107 121 140
125 140 160
118 133 153
102 117 136
119 135 156
125 140 160
131 144 163
115 130 150
124 141 163
138 156 181
123 140 163
139 157 181
140 158 181
128 144 166
135 155 181
129 148 172
136 151 172
126 145 169
138 156 181
135 152 175
140 158 181
133 154 181
131 149 172
130 148 172
136 156 181
134 150 172
133 151 175
126 143 166
137 156 181
139 157 181
128 147 172
110 126 146
132 153 181
133 148 169
107 120 137
109 124 144
122 140 163
131 147 169
103 116 132
124 141 163
117 136 160
127 142 163
119 133 151
107 120 136
133 149 170
119 137 160
116 133 154
123 139 160
125 141 163
118 131 149
107 121 140
139 157 181
138 154 175
127 146 170
133 149 172
119 135 156
125 140 160
127 144 166
136 152 175
139 157 181
140 158 181
122 140 163
129 148 172
134 150 172
138 157 181
135 152 175
127 147 172
136 153 175
131 150 175
135 155 181
134 152 175
129 145 166
132 151 175
132 151 175
128 147 172
135 152 175
136 151 172
126 141 161
139 157 181
119 133 153
112 129 150
128 146 169
128 144 166
122 140 163
120 139 163
109 125 146
123 139 160
92 105 122
138 156 181
120 136 156
120 134 153
109 127 150
109 124 143
119 134 153
126 142 163
117 133 154
102 113 128
124 141 163
132 146 166
120 138 160
134 149 169
132 148 169
130 148 172
117 129 146
129 147 170
138 156 181
131 150 175
135 152 175
130 148 172
141 158 181
145 160 181
131 149 172
123 140 163
129 148 172
134 152 175
133 151 175
