P3
48 27
255
205 226 255
204 226 255
204 226 255
203 226 255
203 225 255
202 225 255
202 225 255
201 224 255
200 224 255
200 224 255
199 223 255
199 223 255
198 223 255
198 223 255
197 222 255
196 222 255
196 222 255
196 221 255
195 221 255
195 221 255
194 221 255
194 221 255
194 221 255
194 221 255
194 221 255
194 221 255
194 221 255
194 221 255
195 221 255
195 221 255
196 222 255
196 222 255
197 222 255
197 222 255
198 223 255
198 223 255
199 223 255
199 223 255
200 224 255
200 224 255
201 224 255
201 225 255
202 225 255
203 225 255
203 226 255
204 226 255
204 226 255
205 226 255
206 227 255
205 227 255
205 226 255
204 226 255
204 226 255
203 226 255
203 225 255
202 225 255
202 225 255
201 224 255
201 224 255
200 224 255
199 224 255
199 223 255
198 223 255
198 223 255
197 222 255
197 222 255
196 222 255
196 222 255
196 222 255
195 221 255
195 221 255
195 221 255
195 221 255
195 221 255
195 221 255
196 222 255
196 222 255
196 222 255
197 222 255
197 222 255
198 223 255
198 223 255
199 223 255
200 224 255
200 224 255
200 224 255
201 224 255
202 225 255
202 225 255
203 225 255
203 226 255
204 226 255
204 226 255
205 226 255
205 227 255
206 227 255
207 228 255
206 227 255
206 227 255
205 227 255
205 227 255
205 226 255
204 226 255
204 226 255
203 226 255
203 225 255
202 225 255
201 225 255
201 224 255
200 224 255
200 224 255
199 223 255
199 223 255
198 223 255
198 223 255
198 223 255
197 222 255
197 222 255
197 222 255
196 222 255
197 222 255
197 222 255
197 222 255
197 222 255
197 222 255
198 223 255
198 223 255
199 223 255
199 223 255
200 224 255
200 224 255
201 224 255
201 225 255
202 225 255
202 225 255
203 226 255
203 226 255
204 226 255
205 226 255
205 227 255
206 227 255
206 227 255
207 227 255
207 228 255
208 228 255
207 228 255
207 228 255
207 227 255
206 227 255
206 227 255
205 227 255
205 226 255
204 226 255
204 226 255
203 226 255
203 225 255
202 225 255
202 225 255
202 225 255
201 224 255
200 224 255
200 224 255
199 223 255
199 223 255
198 223 255
198 223 255
198 223 255
198 223 255
198 223 255
198 223 255
198 223 255
199 223 255
199 223 255
199 223 255
200 224 255
200 224 255
201 224 255
201 225 255
202 225 255
202 225 255
203 225 255
203 226 255
204 226 255
204 226 255
205 226 255
205 227 255
206 227 255
206 227 255
207 227 255
207 228 255
208 228 255
208 228 255
209 229 255
209 229 255
209 229 255
208 228 255
208 228 255
207 228 255
206 227 255
206 227 255
206 227 255
205 227 255
205 226 255
204 226 255
204 226 255
203 226 255
203 226 255
202 225 255
202 225 255
201 225 255
201 224 255
200 224 255
200 224 255
200 224 255
200 224 255
200 224 255
200 224 255
200 224 255
200 224 255
200 224 255
200 224 255
201 224 255
201 224 255
202 225 255
202 225 255
203 225 255
203 226 255
204 226 255
204 226 255
205 227 255
205 227 255
206 227 255
206 227 255
207 228 255
207 228 255
208 228 255
208 228 255
208 228 255
209 229 255
209 229 255
210 230 255
210 229 255
210 229 255
209 229 255
209 229 255
209 229 255
208 228 255
208 228 255
207 228 255
207 228 255
207 228 255
206 227 255
205 227 255
205 226 255
204 226 255
204 226 255
203 226 255
203 225 255
203 225 255
203 225 255
202 225 255
202 225 255
201 225 255
176 197 226
188 210 239
201 225 255
202 225 255
202 225 255
203 225 255
202 225 255
203 226 255
203 226 255
204 226 255
205 226 255
205 227 255
205 227 255
206 227 255
207 227 255
207 228 255
208 228 255
208 228 255
208 228 255
209 229 255
209 229 255
210 229 255
210 229 255
210 229 255
210 229 255
212 230 255
211 230 255
211 230 255
211 230 255
211 230 255
210 229 255
210 229 255
209 229 255
209 229 255
209 229 255
208 228 255
208 228 255
207 228 255
207 227 255
206 227 255
206 227 255
205 227 255
205 227 255
205 227 255
204 226 255
164 180 202
146 163 186
139 157 181
141 158 181
145 160 181
140 157 181
138 154 175
183 203 230
204 226 255
204 226 255
205 227 255
205 227 255
206 227 255
206 227 255
207 228 255
207 228 255
208 228 255
208 228 255
209 229 255
209 229 255
209 229 255
210 229 255
210 229 255
211 230 255
211 230 255
211 230 255
211 230 255
212 230 255
213 231 255
213 231 255
213 231 255
212 231 255
212 230 255
212 230 255
211 230 255
211 230 255
211 230 255
210 229 255
210 229 255
210 229 255
209 229 255
209 229 255
208 228 255
208 228 255
208 228 255
207 228 255
191 212 239
171 188 212
138 154 175
134 149 169
126 142 163
140 155 175
137 153 175
127 145 169
139 154 175
147 161 181
151 168 192
199 220 247
207 228 255
207 228 255
208 228 255
208 228 255
209 229 255
209 229 255
210 229 255
210 229 255
210 229 255
211 230 255
211 230 255
211 230 255
212 230 255
212 230 255
212 231 255
213 231 255
213 231 255
213 231 255
214 232 255
214 232 255
214 231 255
214 231 255
213 231 255
213 231 255
213 231 255
212 231 255
212 231 255
212 231 255
212 230 255
211 230 255
211 230 255
210 230 255
210 229 255
210 229 255
209 229 255
203 222 247
144 162 186
140 155 175
135 149 169
143 159 181
129 143 163
130 149 175
138 156 181
148 162 181
134 152 175
127 143 163
129 146 169
150 165 186
209 229 255
210 229 255
210 229 255
211 230 255
210 230 255
211 230 255
211 230 255
212 230 255
212 230 255
212 231 255
213 231 255
213 231 255
213 231 255
213 231 255
214 231 255
214 231 255
214 232 255
215 232 255
216 232 255
215 232 255
215 232 255
215 232 255
215 232 255
215 232 255
215 232 255
214 232 255
214 231 255
214 231 255
213 231 255
213 231 255
213 231 255
212 231 255
212 230 255
212 231 255
212 230 255
152 166 186
146 160 181
134 146 163
143 159 181
128 143 163
132 148 169
132 148 169
134 149 169
131 146 166
127 145 169
133 149 169
130 144 163
143 157 175
128 142 160
212 230 255
212 230 255
212 230 255
213 231 255
213 231 255
214 231 255
214 231 255
214 231 255
214 232 255
214 232 255
215 232 255
215 232 255
215 232 255
215 232 255
215 232 255
216 232 255
216 233 255
217 233 255
217 233 255
217 233 255
216 233 255
217 233 255
216 233 255
216 233 255
216 232 255
216 233 255
216 232 255
216 232 255
215 232 255
215 232 255
215 232 255
214 232 255
215 232 255
204 220 243
127 142 163
120 136 156
124 138 156
133 148 169
124 138 156
137 153 175
132 148 169
137 153 175
130 144 163
136 150 169
114 127 144
118 135 158
149 162 181
143 162 186
214 231 255
214 232 255
215 232 255
215 232 255
215 232 255
215 232 255
215 232 255
215 232 255
216 233 255
216 233 255
216 233 255
217 233 255
217 233 255
217 233 255
217 233 255
217 233 255
217 233 255
219 234 255
218 234 255
218 234 255
218 234 255
218 234 255
218 234 255
218 234 255
218 234 255
218 233 255
218 234 255
218 233 255
217 233 255
217 233 255
217 233 255
217 233 255
217 233 255
171 186 207
120 136 156
132 145 163
133 148 169
140 155 175
135 147 163
140 155 175
127 143 163
128 143 163
139 152 169
124 138 156
103 117 135
118 132 150
146 161 181
135 152 175
184 199 221
217 233 255
217 233 255
216 233 255
217 233 255
217 233 255
218 234 255
217 233 255
218 234 255
218 234 255
218 234 255
218 234 255
219 234 255
218 234 255
218 234 255
219 234 255
219 234 255
220 235 255
219 235 255
220 235 255
220 235 255
220 235 255
219 234 255
219 235 255
219 234 255
219 234 255
219 234 255
220 235 255
219 234 255
219 234 255
219 234 255
219 234 255
218 234 255
153 169 192
132 148 169
128 143 163
123 134 150
120 136 156
125 141 163
133 146 163
126 139 156
129 143 163
108 120 135
103 117 135
124 138 156
129 143 163
129 143 163
124 138 156
153 167 186
219 234 255
219 234 255
219 234 255
219 235 255
219 234 255
219 234 255
219 234 255
219 235 255
219 234 255
219 234 255
219 234 255
219 234 255
220 235 255
220 235 255
220 235 255
220 235 255
221 235 255
221 235 255
221 236 255
221 235 255
221 236 255
221 236 255
221 236 255
221 235 255
221 235 255
221 236 255
221 236 255
221 235 255
221 235 255
221 236 255
221 236 255
221 236 255
106 119 136
146 161 181
115 127 143
131 145 163
139 151 169
122 132 145
140 152 169
129 140 156
129 143 163
131 147 169
123 137 156
136 150 169
131 144 163
127 139 156
119 135 156
145 158 175
221 236 255
221 236 255
221 236 255
221 235 255
221 236 255
221 236 255
221 236 255
221 236 255
221 235 255
221 236 255
221 236 255
221 236 255
221 235 255
221 235 255
221 235 255
221 236 255
222 236 255
223 236 255
222 236 255
223 236 255
223 236 255
223 236 255
223 236 255
223 237 255
223 237 255
223 237 255
223 236 255
223 237 255
224 237 255
224 237 255
223 237 255
223 237 255
168 182 202
143 156 175
127 139 156
118 132 150
114 128 146
127 140 158
108 123 143
125 138 156
139 154 175
125 141 163
131 147 169
124 138 156
107 120 137
119 135 156
143 157 175
172 185 202
224 237 255
223 237 255
223 237 255
223 236 255
223 237 255
223 236 255
223 237 255
223 236 255
223 236 255
223 236 255
223 236 255
223 236 255
223 236 255
223 236 255
222 236 255
222 236 255
224 237 255
224 237 255
224 237 255
205 219 239
206 220 239
178 192 212
197 211 230
185 200 221
175 191 212
162 179 202
173 190 212
150 168 192
137 156 181
138 156 181
140 157 181
138 157 181
109 124 143
127 139 156
116 128 144
118 132 150
110 121 137
124 138 156
118 129 144
134 146 163
130 144 163
117 131 150
127 140 156
122 135 153
113 125 141
123 136 153
114 129 150
118 130 146
135 155 181
135 155 181
135 155 181
134 154 181
165 180 202
175 191 212
164 180 202
178 192 212
197 211 230
205 219 239
215 229 247
176 191 212
207 220 239
214 228 247
224 237 255
224 237 255
163 179 202
140 158 181
138 157 181
143 159 181
139 157 181
138 156 181
138 156 181
135 155 181
135 155 181
139 157 181
138 156 181
139 157 181
141 158 181
138 156 181
132 149 172
138 156 181
136 155 181
106 119 136
112 123 137
125 138 156
125 139 156
109 123 143
126 139 157
120 133 150
120 133 150
121 133 150
120 132 150
111 124 143
105 119 137
129 143 163
117 129 146
132 149 172
131 150 175
139 157 181
136 155 181
133 151 175
137 156 181
140 158 181
137 156 181
140 157 181
138 156 181
138 156 181
139 157 181
139 157 181
136 155 181
141 158 181
144 160 181
188 202 221
136 156 181
141 158 181
140 158 181
135 155 181
136 155 181
140 158 181
140 157 181
136 155 181
130 148 172
136 155 181
139 157 181
141 158 181
137 156 181
138 156 181
135 152 175
140 158 181
135 155 181
122 137 156
116 127 143
102 113 129
119 131 147
109 122 139
100 111 125
108 122 139
129 141 158
116 131 150
103 114 128
124 135 150
127 139 156
120 133 151
106 120 139
141 158 181
139 157 181
133 150 172
134 152 175
137 156 181
139 157 181
140 157 181
140 157 181
136 155 181
136 155 181
135 155 181
140 157 181
138 157 181
136 156 181
131 150 175
137 156 181
140 158 181
134 154 181
134 154 181
138 156 181
136 155 181
140 158 181
137 156 181
133 151 175
134 154 181
139 157 181
132 150 175
140 157 181
139 157 181
131 149 172
130 149 175
133 151 175
142 158 181
132 150 175
122 136 154
114 125 139
108 120 137
124 138 156
124 136 151
106 119 135
141 153 169
113 123 137
112 122 136
118 131 150
120 133 150
114 127 144
107 120 137
129 146 169
133 150 172
139 157 181
122 140 163
135 155 181
137 156 181
135 155 181
135 155 181
128 147 172
137 156 181
140 158 181
138 156 181
133 150 172
140 158 181
141 158 181
135 155 181
136 155 181
135 155 181
138 157 181
139 157 181
137 156 181
145 160 181
136 155 181
138 156 181
140 158 181
136 155 181
142 159 181
142 158 181
135 152 175
136 153 175
137 156 181
128 147 172
129 147 170
124 141 163
130 148 172
122 140 163
118 134 155
103 115 129
118 129 144
122 134 151
112 123 137
110 122 137
107 119 135
107 120 137
93 104 119
94 103 115
104 117 133
114 129 150
128 146 169
116 131 150
122 138 160
138 157 181
129 144 163
140 158 181
137 156 181
133 154 181
137 156 181
140 157 181
132 149 172
141 158 181
141 158 181
138 156 181
135 155 181
136 155 181
143 159 181
136 155 181
139 157 181
130 148 172
138 156 181
133 154 181
136 156 181
141 158 181
144 159 181
133 151 175
135 152 175
138 154 175
134 152 175
127 144 166
127 142 163
130 149 175
125 143 166
114 128 148
116 130 150
101 114 131
124 139 160
107 122 141
83 93 106
92 102 115
89 100 115
88 98 110
109 119 133
117 129 144
93 104 118
94 102 113
102 114 129
101 112 128
111 125 144
109 124 144
128 146 169
123 139 160
135 155 181
139 157 181
135 155 181
135 152 175
132 149 172
138 156 181
131 153 181
139 157 181
137 156 181
132 151 175
139 157 181
143 159 181
141 158 181
136 155 181
135 155 181
141 158 181
140 157 181
142 158 181
135 155 181
136 153 175
137 156 181
132 151 175
126 143 166
139 157 181
139 157 181
136 156 181
137 156 181
121 138 160
136 151 172
108 123 143
125 141 163
106 120 139
127 144 166
104 114 128
86 94 106
74 80 89
59 66 75
96 107 121
89 99 113
80 90 104
63 70 80
98 109 124
102 116 134
111 124 140
128 142 160
133 151 175
124 140 160
110 122 138
133 150 172
131 146 166
134 150 172
129 148 172
133 154 181
140 158 181
128 147 172
138 157 181
138 156 181
143 159 181
139 157 181
135 152 175
140 157 181
140 157 181
131 149 172
136 153 175
133 151 175
137 156 181
133 151 175
133 154 181
127 144 166
122 140 163
132 151 175
129 147 170
141 158 181
112 127 146
137 156 181
126 143 166
105 118 135
119 133 153
121 139 163
133 149 169
98 108 121
135 150 170
126 137 153
74 82 93
96 106 120
79 88 100
90 101 116
106 118 134
93 104 119
115 129 147
91 100 112
106 120 137
135 150 170
100 115 134
122 135 153
125 140 160
131 149 172
123 137 156
135 152 175
133 151 175
141 158 181
124 141 163
137 156 181
137 156 181
136 155 181
136 156 181
136 156 181
138 157 181
137 156 181
129 146 169
127 142 163
128 147 172
127 144 166
133 150 172
134 151 175
137 156 181
136 155 181
121 138 160
137 156 181
136 153 175
134 150 172
130 147 169
117 133 154
130 147 170
121 137 157
137 156 181
121 136 156
118 130 147
135 148 166
122 134 151
77 88 102
105 117 134
100 112 128
108 118 132
95 106 121
81 91 104
108 120 135
95 107 123
131 150 175
98 111 128
122 137 156
116 132 153
124 140 160
115 133 156
134 152 175
130 150 175
128 147 172
134 149 169
135 155 181
137 153 175
138 157 181
136 153 175
141 158 181
139 157 181
133 154 181
134 154 181
137 156 181
133 154 181
136 153 175
132 149 172
131 148 172
133 150 172
140 157 181
134 154 181
132 149 172
131 153 181
132 150 175
132 153 181
138 156 181
129 148 172
124 141 163
130 148 172
126 142 163
121 132 147
95 106 122
115 129 146
134 150 172
119 134 153
114 127 144
120 134 153
132 146 166
102 114 128
119 134 153
118 132 150
108 120 137
127 143 163
109 121 137
105 120 139
115 131 153
130 148 172
132 148 169
121 139 163
138 154 175
131 149 172
127 146 170
103 116 133
131 149 172
132 147 166
138 157 181
117 132 151
93 107 124
131 149 172
136 155 181
141 158 181
136 153 175
138 156 181
139 157 181
131 146 166
139 157 181
129 145 166
138 156 181
138 156 181
138 156 181
129 148 172
133 154 181
133 151 175
131 149 172
123 138 157
138 156 181
128 144 166
122 140 163
127 146 170
122 137 156
113 126 143
126 143 166
136 153 175
130 146 166
120 138 160
113 127 146
109 121 136
124 138 156
81 92 106
115 130 150
112 125 142
126 142 163
117 134 156
116 132 153
130 148 172
119 135 156
138 156 181
130 144 163
112 129 151
141 158 181
137 153 175
121 136 156
128 144 166
130 147 169
133 150 172
138 156 181
130 148 172
132 153 181
136 155 181
131 149 172
137 156 181
135 155 181
134 151 175
133 151 175
136 155 181
131 149 172
135 155 181
139 157 181
132 149 172
130 148 172
130 147 169
119 134 153
137 156 181
127 146 172
133 151 175
125 143 166
132 149 172
101 113 128
128 147 172
134 151 175
115 129 146
115 131 152
107 122 141
117 131 150
120 136 156
107 124 146
136 153 175
121 135 154
119 132 150
128 143 163
125 141 163
113 126 144
118 133 153
136 151 172
128 144 166
129 146 169
126 142 163
135 151 172
143 159 181
130 148 172
132 149 172
118 136 160
129 147 172
135 147 164
123 139 160
137 156 181
134 154 181
138 154 175
132 149 172
