P3
48 24
255
216 233 255
216 233 255
216 233 255
216 233 255
216 233 255
216 233 255
216 233 255
217 233 255
216 233 255
216 233 255
216 233 255
216 233 255
216 233 255
217 233 255
216 233 255
216 233 255
216 232 255
216 233 255
216 233 255
216 233 255
216 233 255
216 232 255
216 233 255
216 233 255
216 233 255
216 233 255
216 232 255
216 233 255
216 233 255
216 232 255
216 232 255
216 233 255
216 233 255
216 232 255
216 233 255
216 233 255
216 233 255
216 233 255
216 233 255
216 233 255
216 233 255
216 233 255
216 233 255
216 233 255
216 233 255
216 233 255
216 233 255
216 233 255
218 233 255
217 233 255
217 233 255
217 233 255
217 233 255
217 233 255
217 233 255
217 233 255
217 233 255
217 233 255
217 233 255
217 233 255
217 233 255
217 233 255
217 233 255
217 233 255
217 233 255
217 233 255
217 233 255
217 233 255
217 233 255
217 233 255
216 233 255
217 233 255
216 233 255
217 233 255
217 233 255
217 233 255
217 233 255
216 233 255
217 233 255
217 233 255
216 233 255
217 233 255
217 233 255
217 233 255
217 233 255
217 233 255
217 233 255
217 233 255
217 233 255
217 233 255
217 233 255
217 233 255
217 233 255
217 233 255
217 233 255
218 233 255
218 234 255
218 234 255
218 234 255
218 234 255
218 234 255
218 234 255
218 234 255
218 234 255
218 234 255
218 233 255
218 233 255
218 234 255
217 233 255
217 233 255
217 233 255
217 233 255
217 233 255
218 234 255
218 234 255
218 234 255
217 233 255
217 233 255
217 233 255
218 234 255
218 234 255
218 234 255
218 234 255
218 234 255
218 234 255
218 234 255
218 233 255
218 234 255
218 234 255
218 233 255
218 234 255
218 233 255
218 234 255
218 234 255
218 234 255
218 234 255
218 234 255
218 234 255
218 234 255
218 234 255
218 234 255
218 234 255
218 234 255
218 234 255
218 234 255
219 234 255
219 235 255
218 234 255
219 234 255
219 234 255
219 234 255
219 234 255
219 234 255
219 234 255
219 234 255
219 234 255
219 234 255
219 234 255
219 234 255
219 234 255
218 234 255
219 234 255
219 234 255
218 234 255
218 234 255
219 234 255
218 234 255
218 234 255
218 234 255
219 234 255
218 234 255
218 234 255
219 234 255
219 234 255
219 234 255
218 234 255
219 234 255
218 234 255
219 234 255
218 234 255
218 234 255
219 234 255
219 234 255
219 234 255
219 234 255
219 234 255
219 234 255
219 234 255
219 234 255
219 234 255
219 234 255
219 234 255
220 235 255
220 235 255
219 235 255
220 235 255
220 235 255
219 234 255
220 235 255
220 235 255
219 234 255
219 235 255
219 235 255
220 235 255
220 235 255
219 234 255
219 234 255
220 235 255
219 235 255
219 234 255
219 235 255
220 235 255
220 235 255
220 235 255
220 235 255
220 235 255
220 235 255
219 234 255
220 235 255
219 234 255
220 235 255
219 234 255
219 234 255
220 235 255
219 235 255
220 235 255
219 235 255
220 235 255
219 234 255
219 234 255
220 235 255
219 234 255
220 235 255
219 235 255
220 235 255
220 235 255
220 235 255
220 235 255
220 235 255
220 235 255
221 235 255
221 235 255
220 235 255
220 235 255
221 235 255
220 235 255
221 235 255
221 235 255
220 235 255
220 235 255
221 235 255
220 235 255
220 235 255
220 235 255
220 235 255
220 235 255
221 235 255
220 235 255
220 235 255
221 235 255
220 235 255
221 235 255
221 235 255
221 235 255
221 235 255
220 235 255
220 235 255
220 235 255
220 235 255
221 235 255
220 235 255
221 235 255
220 235 255
220 235 255
220 235 255
220 235 255
220 235 255
221 235 255
221 235 255
220 235 255
220 235 255
220 235 255
221 235 255
220 235 255
221 235 255
221 235 255
220 235 255
221 235 255
222 236 255
221 236 255
221 235 255
221 236 255
221 236 255
221 236 255
221 236 255
222 236 255
222 236 255
221 236 255
221 236 255
222 236 255
221 236 255
221 236 255
222 236 255
221 236 255
221 236 255
221 236 255
222 236 255
221 235 255
222 236 255
221 236 255
221 236 255
221 236 255
221 236 255
222 236 255
221 236 255
222 236 255
221 235 255
221 235 255
221 236 255
221 236 255
221 236 255
221 236 255
221 235 255
221 236 255
221 236 255
221 236 255
222 236 255
221 236 255
222 236 255
221 236 255
222 236 255
221 236 255
221 236 255
221 236 255
221 236 255
221 236 255
212 227 247
213 227 247
222 236 255
222 236 255
222 236 255
213 227 247
222 236 255
213 227 247
212 227 247
212 227 247
213 227 247
202 217 239
212 227 247
212 227 247
213 227 247
203 218 239
213 227 247
202 218 239
191 208 230
212 227 247
213 227 247
222 236 255
201 217 239
202 217 239
212 227 247
213 227 247
222 236 255
201 217 239
222 236 255
222 236 255
212 227 247
222 236 255
197 198 216
222 236 255
222 236 255
222 236 255
212 227 247
222 236 255
212 227 247
203 218 239
222 236 255
222 236 255
222 236 255
222 236 255
212 227 247
202 218 239
222 236 255
222 236 255
180 197 221
180 197 221
191 207 230
192 208 230
180 197 221
190 207 230
153 174 202
170 188 212
180 197 221
167 186 212
138 161 192
153 174 202
203 218 239
202 217 239
154 174 202
169 187 212
168 186 212
151 172 202
191 208 230
154 174 202
181 198 221
183 199 221
153 174 202
137 160 192
202 217 239
153 174 202
181 198 221
167 186 212
182 192 192
189 195 186
185 180 179
161 83 78
166 113 116
141 163 192
180 197 221
192 208 230
190 207 230
140 162 192
152 173 202
166 185 212
192 208 230
180 198 221
181 198 221
192 208 230
223 236 255
213 227 247
203 218 239
190 207 230
127 150 181
140 162 192
138 161 192
136 160 192
121 147 181
138 161 192
141 163 192
138 161 192
121 147 181
120 146 181
122 148 181
141 163 192
125 149 181
121 147 181
141 163 192
121 147 181
142 163 192
126 150 181
120 147 181
123 148 181
123 148 181
137 160 192
123 148 181
122 148 181
164 184 216
167 190 228
156 183 223
155 172 197
163 164 128
153 156 123
156 155 119
149 91 77
122 81 88
150 143 163
126 150 181
127 150 181
125 149 181
145 165 192
155 175 202
124 149 181
123 148 181
123 148 181
138 161 192
143 164 192
137 161 192
123 148 181
153 174 202
123 148 181
123 148 181
121 147 181
123 148 181
123 148 181
119 146 181
126 150 181
121 147 181
120 146 181
124 148 181
125 149 181
124 149 181
137 138 161
133 144 171
123 148 181
122 148 181
121 147 181
125 149 181
125 149 181
151 173 202
135 159 192
118 143 175
120 144 176
124 148 181
135 157 187
180 197 228
167 191 228
169 192 228
173 194 228
172 183 194
120 122 96
144 142 107
82 41 41
107 75 81
124 149 181
123 148 181
121 147 181
127 150 181
124 149 181
121 147 181
127 150 181
125 150 181
121 147 181
122 148 181
120 147 181
123 148 181
132 153 181
128 151 181
124 149 181
126 150 181
121 147 181
124 149 181
122 148 181
124 149 181
119 146 181
124 149 181
123 148 181
128 142 171
147 113 128
159 96 99
165 86 80
155 104 114
137 135 161
128 142 171
123 148 181
122 148 181
118 146 181
148 170 200
121 147 181
118 143 175
116 141 175
121 144 176
122 148 181
137 155 184
122 120 144
152 168 198
152 169 198
127 138 150
92 92 67
114 116 90
97 111 121
99 83 98
112 131 157
121 147 181
128 151 181
124 149 181
124 149 181
122 148 181
123 148 181
124 149 181
123 148 181
123 148 181
120 147 181
125 149 181
120 141 169
120 146 181
122 147 181
121 147 181
125 149 181
122 148 181
121 147 181
128 151 181
127 150 181
122 148 181
141 129 151
150 122 140
157 95 99
145 78 75
163 85 80
161 83 78
164 86 80
153 92 97
125 149 181
122 148 181
122 148 181
110 130 157
124 149 181
120 145 178
116 143 178
124 149 181
119 143 174
109 131 164
101 121 153
107 126 157
101 122 155
91 108 132
78 92 111
114 132 150
121 142 169
121 147 181
113 130 160
125 149 181
121 147 181
122 140 170
125 148 178
118 143 172
122 148 181
123 148 181
119 146 181
124 149 181
127 151 181
121 147 181
122 147 181
126 150 181
129 151 181
125 149 181
124 149 181
122 147 181
121 147 181
124 148 181
120 147 181
125 149 181
147 121 140
163 84 78
168 85 78
163 85 80
153 80 75
153 80 75
140 73 70
167 85 78
146 88 92
122 148 181
118 144 178
135 156 185
122 148 181
123 147 178
141 163 192
143 148 172
166 185 212
134 155 185
63 75 97
81 96 121
104 123 149
115 136 164
122 146 178
118 142 174
119 143 176
125 148 178
114 138 169
118 145 181
123 148 181
117 141 170
124 149 181
122 148 181
121 147 181
121 147 181
126 150 181
124 149 181
117 138 167
121 147 181
125 149 181
122 147 181
120 147 181
120 146 181
127 150 181
122 148 181
124 149 181
119 146 181
120 146 181
131 135 160
168 98 99
150 78 72
153 78 72
160 82 75
160 82 75
166 85 78
157 81 75
146 77 72
145 75 70
121 140 170
121 147 181
153 176 210
216 232 255
217 233 255
209 225 247
215 232 255
196 214 239
112 136 168
116 138 169
93 116 146
112 135 166
118 142 174
109 131 159
117 144 178
113 139 174
124 149 181
126 150 181
116 142 175
123 148 181
121 147 181
121 147 181
125 149 181
124 149 181
128 151 181
121 147 181
122 147 181
124 149 181
121 147 181
122 147 181
126 150 181
124 148 181
121 147 181
124 149 181
120 146 181
125 149 181
120 146 181
122 148 181
131 126 150
146 75 70
154 80 75
161 85 80
148 77 72
151 78 72
137 71 67
135 70 67
139 73 70
145 76 72
134 107 123
121 147 181
123 148 181
189 210 239
199 220 247
189 210 239
178 201 230
147 171 202
127 150 181
128 151 181
125 149 181
122 147 181
125 148 178
126 150 181
122 147 181
123 148 181
121 142 168
126 150 181
123 148 181
124 149 181
121 147 181
121 147 181
124 148 181
121 146 178
124 149 181
121 143 170
122 148 181
117 142 172
125 149 181
129 152 181
123 148 181
119 146 181
122 148 181
130 152 181
126 150 181
121 147 181
122 148 181
121 147 181
123 115 135
140 74 70
147 75 70
159 81 75
160 82 75
154 79 72
127 67 64
166 85 78
124 66 64
131 67 64
129 142 171
117 142 175
124 149 181
118 140 169
121 147 181
111 136 169
123 147 178
124 149 181
124 149 181
115 141 175
122 147 181
121 147 181
119 143 175
123 148 181
118 140 169
127 150 181
128 151 181
122 147 181
126 150 181
125 149 181
118 143 175
125 149 181
124 149 181
122 148 181
121 147 181
127 150 181
122 148 181
121 147 181
122 147 181
126 150 181
120 146 181
122 148 181
123 148 181
122 148 181
111 130 162
128 151 181
123 148 181
126 150 181
125 149 181
151 91 94
132 68 64
132 68 64
137 71 67
142 74 70
160 82 75
154 76 70
120 65 64
145 88 92
113 137 169
123 148 181
115 130 158
121 147 181
121 147 181
118 140 169
122 148 181
123 148 181
126 150 181
122 148 181
120 147 181
121 147 181
122 148 181
122 148 181
116 142 175
115 139 169
127 150 181
119 146 181
122 148 181
123 148 181
123 148 181
123 148 181
124 149 181
125 149 181
122 148 181
121 147 181
121 147 181
121 147 181
125 149 181
121 147 181
125 149 181
127 150 181
124 149 181
123 148 181
119 140 169
116 138 169
118 139 169
125 149 181
115 130 158
127 115 137
124 66 63
125 66 64
139 71 67
130 67 64
122 63 61
134 70 67
125 64 60
115 129 158
118 139 170
117 138 170
118 139 170
120 139 170
116 138 169
127 150 181
122 148 181
124 149 181
112 133 162
123 148 181
125 149 181
126 150 181
118 139 169
114 138 169
125 149 181
120 147 181
111 133 163
123 148 181
124 149 181
124 148 181
120 147 181
124 149 181
116 141 175
122 147 181
128 151 181
121 147 181
123 148 181
121 147 181
120 147 181
121 147 181
121 147 181
124 149 181
124 149 181
124 149 181
126 150 181
124 149 181
117 122 147
120 147 181
115 138 169
111 129 158
109 111 133
136 69 64
85 45 45
101 49 45
102 71 78
80 40 38
122 92 103
117 139 169
122 140 170
118 145 181
118 138 170
124 148 178
113 134 163
121 147 181
114 131 158
118 139 169
122 148 181
121 147 181
116 134 164
121 147 181
123 148 181
117 139 169
126 150 181
119 146 181
124 149 181
124 148 181
124 148 181
124 149 181
123 148 181
124 149 181
121 147 181
125 149 181
123 147 178
123 148 181
124 148 181
121 147 181
124 149 181
123 148 181
122 147 181
123 148 181
123 148 181
119 139 170
111 136 169
117 133 158
117 139 169
110 129 157
96 107 130
110 122 144
106 98 115
77 79 92
70 36 35
92 65 73
77 61 71
87 82 97
104 119 143
100 117 143
123 148 181
123 148 181
119 140 169
112 137 169
116 130 158
116 138 169
123 148 181
125 149 181
118 139 169
116 140 170
121 147 181
120 139 170
121 147 181
123 148 181
121 147 181
121 147 181
122 147 181
121 147 181
122 147 181
124 149 181
122 148 181
127 150 181
120 147 181
125 149 181
122 148 181
126 150 181
124 149 181
122 147 181
125 149 181
124 149 181
122 147 181
117 139 169
125 149 181
121 133 159
124 149 181
110 129 158
119 139 170
106 118 145
109 129 157
110 121 144
89 93 113
88 66 74
93 107 128
93 97 114
98 108 129
107 119 145
94 96 114
105 120 144
115 130 158
112 130 158
115 138 169
109 128 158
119 146 181
125 149 181
120 139 170
119 146 181
130 152 181
120 147 181
123 148 181
125 149 181
120 147 181
121 147 181
122 148 181
124 149 181
122 148 181
122 148 181
125 149 181
123 142 170
121 147 181
122 147 181
123 148 181
121 147 181
121 147 181
125 149 181
122 148 181
123 148 181
122 147 181
120 146 181
123 148 181
122 148 181
125 149 181
116 138 169
122 148 181
124 149 181
113 137 169
116 137 170
112 137 169
117 139 169
120 141 169
114 138 169
124 149 181
118 124 146
120 133 158
124 142 170
115 130 158
114 137 169
116 138 169
118 140 169
113 134 163
123 148 181
121 147 181
118 139 169
124 148 181
121 147 181
121 147 181
123 148 181
128 151 181
116 139 169
120 147 181
122 148 181
121 147 181
123 148 181
121 147 181
120 146 181
119 143 174
122 147 181
121 147 181
118 145 181
122 148 181
124 149 181
124 149 181
125 150 181
120 146 181
121 147 181
123 148 181
122 147 181
123 148 181
122 148 181
121 147 181
117 132 158
124 149 181
121 142 169
122 140 170
126 150 181
119 140 169
112 128 158
117 139 169
126 150 181
127 150 181
115 138 169
126 150 181
121 147 181
105 120 144
125 149 181
118 139 169
122 148 181
121 140 170
118 139 170
116 138 169
121 147 181
126 150 181
128 151 181
123 148 181
122 147 181
124 149 181
125 149 181
125 142 170
119 146 181
122 148 181
126 150 181
125 149 181
126 150 181
122 147 181
125 149 181
122 148 181
119 146 181
116 138 169
123 148 181
120 147 181
123 148 181
125 149 181
125 149 181
124 149 181
128 151 181
122 147 181
120 147 181
