P3
48 27
255
205 226 255
204 226 255
204 226 255
203 226 255
203 225 255
202 225 255
202 225 255
201 224 255
200 224 255
200 224 255
199 223 255
199 223 255
198 223 255
198 223 255
197 222 255
196 222 255
196 222 255
195 221 255
195 221 255
195 221 255
194 221 255
194 221 255
194 221 255
194 221 255
194 221 255
194 221 255
194 221 255
194 221 255
195 221 255
195 221 255
196 222 255
196 222 255
197 222 255
197 222 255
197 223 255
198 223 255
199 223 255
199 224 255
200 224 255
200 224 255
201 225 255
202 225 255
202 225 255
203 225 255
203 226 255
203 226 255
204 226 255
205 226 255
206 227 255
205 227 255
205 226 255
204 226 255
204 226 255
203 226 255
203 225 255
203 225 255
202 225 255
201 225 255
201 224 255
200 224 255
199 224 255
199 223 255
198 223 255
198 223 255
197 222 255
197 222 255
196 222 255
196 222 255
196 222 255
195 221 255
195 221 255
195 221 255
195 221 255
195 221 255
195 221 255
196 222 255
196 222 255
196 222 255
197 222 255
197 222 255
198 223 255
198 223 255
199 223 255
199 224 255
200 224 255
201 224 255
201 224 255
202 225 255
202 225 255
203 225 255
203 226 255
204 226 255
204 226 255
205 227 255
205 227 255
206 227 255
207 228 255
207 227 255
206 227 255
206 227 255
205 227 255
205 226 255
204 226 255
204 226 255
203 226 255
202 225 255
202 225 255
202 225 255
201 224 255
200 224 255
200 224 255
199 223 255
199 223 255
198 223 255
197 223 255
197 222 255
197 222 255
197 222 255
197 222 255
197 222 255
197 222 255
196 222 255
197 222 255
197 222 255
197 222 255
198 223 255
198 223 255
199 223 255
199 223 255
200 224 255
200 224 255
201 224 255
201 225 255
202 225 255
202 225 255
203 226 255
203 226 255
204 226 255
204 226 255
205 227 255
205 227 255
206 227 255
206 227 255
207 228 255
208 228 255
208 228 255
207 228 255
207 228 255
206 227 255
206 227 255
205 227 255
205 227 255
205 226 255
204 226 255
203 226 255
203 225 255
202 225 255
202 225 255
201 225 255
201 224 255
200 224 255
199 224 255
199 223 255
199 223 255
199 223 255
198 223 255
198 223 255
198 223 255
198 223 255
198 223 255
198 223 255
199 223 255
199 223 255
199 224 255
200 224 255
200 224 255
201 224 255
201 225 255
202 225 255
202 225 255
203 225 255
203 226 255
204 226 255
204 226 255
205 227 255
205 227 255
206 227 255
206 227 255
207 228 255
207 228 255
208 228 255
208 228 255
209 229 255
209 229 255
209 228 255
208 228 255
208 228 255
207 228 255
206 227 255
206 227 255
206 227 255
205 227 255
205 227 255
204 226 255
204 226 255
204 226 255
203 225 255
202 225 255
202 225 255
202 225 255
200 224 255
201 224 255
200 224 255
200 224 255
200 224 255
200 224 255
200 224 255
200 224 255
200 224 255
200 224 255
201 224 255
201 224 255
202 225 255
202 225 255
202 225 255
203 225 255
203 226 255
204 226 255
204 226 255
205 226 255
205 227 255
206 227 255
207 228 255
207 228 255
207 228 255
208 228 255
208 228 255
209 228 255
209 229 255
209 229 255
211 230 255
210 229 255
210 229 255
209 229 255
209 229 255
208 228 255
206 227 255
206 227 255
207 228 255
207 228 255
206 227 255
206 227 255
205 227 255
205 227 255
204 226 255
204 226 255
204 226 255
203 225 255
203 225 255
202 225 255
202 225 255
201 225 255
201 225 255
202 225 255
202 225 255
202 225 255
202 225 255
202 225 255
202 225 255
203 225 255
203 225 255
203 225 255
204 226 255
204 226 255
205 227 255
205 227 255
206 227 255
206 227 255
207 228 255
207 228 255
189 206 225
186 200 210
160 173 185
190 207 225
191 207 225
209 229 255
210 229 255
210 230 255
211 230 255
210 229 255
209 229 255
204 226 255
203 226 255
199 223 255
197 222 255
196 222 255
198 223 255
208 228 255
202 225 255
207 228 255
207 228 255
207 228 255
206 227 255
206 227 255
205 227 255
205 227 255
205 226 255
205 226 255
204 226 255
204 226 255
204 226 255
204 226 255
204 226 255
203 226 255
204 226 255
204 226 255
204 226 255
204 226 255
205 227 255
205 227 255
206 227 255
207 227 255
207 228 255
207 228 255
199 215 228
186 194 181
159 158 107
152 149 99
104 104 70
161 159 107
161 159 107
136 134 90
150 148 99
189 190 161
160 159 128
151 155 140
209 229 255
202 225 255
201 224 255
197 222 255
194 220 255
191 219 255
190 218 255
187 217 255
175 203 239
188 217 255
188 217 255
191 219 255
198 223 255
206 227 255
208 228 255
207 228 255
207 228 255
207 228 255
207 227 255
206 227 255
206 227 255
205 227 255
135 159 202
193 215 247
63 100 181
167 190 230
194 215 247
206 227 255
206 227 255
207 228 255
207 228 255
207 228 255
208 228 255
180 198 221
174 184 189
164 161 107
140 136 90
156 157 107
137 135 90
149 148 99
179 174 114
148 147 99
163 160 107
163 160 107
122 120 80
161 159 107
167 166 99
119 119 80
204 226 255
201 224 255
198 223 255
197 222 255
202 225 255
196 219 221
198 223 255
200 222 239
201 224 255
199 220 221
199 222 239
192 218 239
189 218 255
192 220 255
203 226 255
210 229 255
210 229 255
209 229 255
208 228 255
209 229 255
94 123 181
63 100 181
61 98 169
62 99 169
58 93 145
64 101 181
94 123 192
117 141 194
208 228 255
209 229 255
210 229 255
210 229 255
210 229 255
137 137 94
148 147 99
156 157 107
154 150 99
170 163 107
155 150 99
163 160 107
164 161 107
170 163 107
166 160 99
136 134 90
167 167 107
137 133 80
151 146 80
158 152 99
204 226 255
205 227 255
211 230 255
202 223 239
206 227 255
207 228 255
208 228 255
203 224 239
209 228 255
202 225 255
198 221 239
193 213 239
192 218 239
202 225 255
192 220 255
204 226 255
210 230 255
212 230 255
212 230 255
135 156 181
62 98 169
62 98 156
66 102 181
58 93 128
57 92 110
63 98 156
62 99 181
61 96 159
155 177 221
211 230 255
211 230 255
212 230 255
166 168 134
135 136 94
148 149 103
147 148 103
160 159 107
168 162 107
173 170 114
180 174 114
176 172 114
167 162 107
176 171 107
176 168 90
139 134 80
148 146 90
165 160 99
120 118 70
209 229 255
211 230 255
211 230 255
207 226 239
213 231 255
206 226 239
213 231 255
210 230 255
196 214 239
213 231 255
212 230 255
211 230 255
193 211 221
204 225 239
202 224 239
199 222 239
195 214 239
213 231 255
173 192 221
60 95 143
61 97 156
61 97 156
60 97 156
63 99 169
63 98 169
62 98 156
63 100 181
58 92 156
60 92 145
117 137 148
208 224 242
149 150 124
134 133 90
107 112 82
177 173 114
156 154 90
172 169 107
154 148 90
174 167 110
168 161 99
184 176 114
179 172 107
172 162 90
154 148 90
154 146 70
181 174 114
178 172 107
183 173 99
216 232 255
208 227 239
199 216 239
216 232 255
210 228 239
208 226 221
216 233 255
188 204 221
200 216 239
215 232 255
201 217 239
212 230 255
214 231 255
214 232 255
200 216 239
211 230 255
207 228 255
215 232 255
120 142 192
57 90 128
61 97 156
57 91 143
59 95 143
56 89 110
62 99 169
55 88 110
62 96 156
59 93 110
62 97 171
140 160 194
82 91 95
109 112 81
99 100 66
139 137 85
145 142 91
177 173 114
153 151 99
162 159 90
162 159 99
173 168 99
175 170 107
163 156 80
179 172 107
172 168 99
167 163 80
161 158 99
155 150 99
153 147 80
219 234 255
218 233 255
219 234 255
214 230 239
214 230 239
218 234 255
218 234 255
219 234 255
203 218 239
218 233 255
218 234 255
204 219 239
219 234 255
216 233 255
217 233 255
217 233 255
173 190 221
205 221 239
57 91 143
63 99 156
60 95 128
62 97 143
55 90 128
64 98 169
58 91 128
62 97 143
59 93 156
55 86 112
59 93 143
57 89 90
63 66 44
90 92 64
108 111 80
134 135 86
143 142 94
166 161 99
173 170 107
184 175 107
172 166 80
181 173 107
150 144 70
172 167 90
181 172 99
165 159 90
160 153 70
181 173 107
162 157 90
136 133 80
220 235 255
221 235 255
221 235 255
221 235 255
221 235 255
222 236 255
221 235 255
221 235 255
221 235 255
215 230 239
220 235 255
215 231 239
221 236 255
208 223 247
221 235 255
221 235 255
176 191 207
179 196 230
62 97 128
60 95 128
65 100 169
58 91 110
60 95 143
61 97 156
59 92 145
61 96 169
60 96 143
59 94 128
60 95 128
60 91 114
26 35 30
88 91 33
115 116 75
147 142 70
129 127 76
151 143 85
162 155 85
157 155 85
169 161 80
176 169 90
175 169 99
166 160 57
168 163 80
168 164 80
147 144 70
168 164 80
145 140 57
174 163 80
208 224 202
213 228 221
206 223 202
223 237 255
206 223 202
215 230 239
196 211 202
189 208 192
204 219 230
199 217 181
199 217 181
215 231 239
200 218 181
192 209 156
196 214 156
182 204 90
142 167 90
189 209 128
53 83 90
61 95 110
60 94 110
63 98 143
59 93 110
63 98 156
63 98 143
57 91 90
58 93 128
61 93 156
62 97 143
51 74 103
130 136 90
105 103 31
72 73 49
104 107 40
119 121 49
156 150 75
166 163 80
135 133 70
167 163 80
160 157 57
174 167 80
158 156 57
157 153 70
171 165 80
176 168 80
156 149 90
155 151 70
152 149 57
182 204 90
185 205 90
181 203 90
178 200 0
184 206 128
176 199 0
175 198 0
182 202 0
179 200 0
181 208 181
169 195 0
173 197 0
157 180 90
179 204 128
181 203 128
177 201 90
164 184 110
176 200 90
52 83 110
49 80 90
57 91 64
57 92 90
58 91 128
55 87 128
53 87 110
59 93 90
59 94 128
61 97 143
58 90 114
89 106 0
155 170 40
77 78 0
88 92 42
101 102 0
111 104 28
151 146 70
162 154 57
162 158 90
183 172 90
150 145 57
160 155 57
158 153 70
164 160 57
165 160 57
154 152 57
165 156 57
154 150 57
172 163 99
185 205 90
168 195 0
179 202 90
162 184 0
172 197 0
171 196 0
175 198 0
178 201 90
173 197 0
171 196 0
163 186 0
173 199 90
175 198 0
180 201 90
164 184 128
157 174 0
179 200 0
180 203 90
101 127 110
49 79 110
56 89 110
62 97 143
57 91 128
63 97 145
58 89 131
60 96 143
58 92 128
55 88 110
50 80 94
148 170 0
176 195 0
59 70 0
77 72 0
82 85 40
83 82 28
129 125 40
130 128 40
157 146 57
142 137 40
157 150 0
154 150 57
159 153 70
171 164 70
151 146 80
149 144 57
167 162 70
143 132 80
118 110 0
176 198 0
178 200 0
174 197 0
179 202 90
183 206 128
174 196 0
165 186 0
169 190 0
175 202 128
160 184 0
169 188 0
174 199 90
157 176 0
163 185 0
150 171 90
137 157 0
129 152 0
163 187 0
156 182 0
52 85 0
54 87 90
58 91 110
59 92 143
57 89 110
55 85 128
53 83 64
50 82 0
58 89 114
113 127 64
135 145 0
161 180 0
150 171 0
56 46 0
130 124 0
99 94 0
105 106 40
126 120 40
144 141 40
139 133 57
157 154 0
145 143 0
134 123 0
126 121 40
134 123 70
140 133 0
162 155 57
151 142 70
125 120 40
173 197 0
171 196 0
179 200 0
152 174 0
171 189 0
174 196 0
160 178 90
190 211 156
174 198 90
163 185 0
176 195 90
129 148 90
125 143 90
140 160 0
153 174 0
165 188 0
172 197 0
153 174 0
162 183 0
115 129 0
97 118 0
52 83 90
54 86 64
54 87 90
49 78 64
45 73 0
45 70 64
30 50 0
95 111 0
100 99 0
150 161 0
131 142 0
108 114 0
85 79 0
135 124 0
78 62 0
101 96 0
106 102 0
123 122 0
128 121 0
135 129 0
163 155 70
149 143 40
147 142 57
92 89 0
135 130 57
87 83 40
116 112 40
173 196 0
171 196 0
177 199 0
178 200 0
179 200 0
161 184 0
168 190 0
169 190 90
151 171 0
162 179 90
153 173 0
153 174 0
159 176 0
168 189 0
128 149 0
172 195 0
168 188 0
167 189 0
143 162 0
175 198 0
133 155 0
48 75 0
44 70 0
45 72 0
83 107 128
35 55 64
68 85 0
97 116 0
51 57 0
98 112 0
96 108 0
109 128 0
114 119 0
87 97 0
82 74 40
96 90 0
119 114 0
141 137 0
122 110 0
109 98 0
142 138 0
95 87 0
147 137 0
116 110 0
120 116 0
136 130 57
110 108 0
110 105 40
178 200 0
175 195 90
154 173 0
165 186 0
179 200 0
167 187 0
159 175 0
151 170 0
167 187 0
127 142 0
183 204 90
177 199 0
163 184 0
153 174 0
183 202 0
165 188 0
150 167 0
155 177 0
132 152 0
121 140 0
126 145 0
132 151 0
88 103 0
92 108 0
128 142 0
117 133 0
95 104 0
135 146 0
105 118 0
146 159 0
93 104 0
124 129 0
125 134 0
123 127 0
67 67 0
81 83 0
69 73 0
94 78 0
102 96 0
115 100 0
84 77 0
105 100 0
121 116 0
126 120 40
103 90 0
110 108 0
111 118 0
144 156 0
167 189 0
174 198 0
175 197 0
182 202 0
181 202 0
164 186 0
170 189 0
163 184 0
168 189 0
137 156 0
162 185 0
179 200 0
169 195 0
145 167 0
163 185 0
159 178 0
145 164 0
171 191 0
151 171 0
94 117 0
138 161 0
77 102 0
128 148 0
117 133 0
166 186 0
143 163 0
101 121 0
138 159 0
116 129 0
117 131 0
125 146 0
133 141 0
148 151 0
133 146 0
94 104 0
128 138 0
64 67 0
110 108 0
99 90 0
103 100 0
123 115 0
108 112 0
132 125 0
134 141 0
158 164 0
101 104 0
176 190 0
163 183 0
179 200 0
174 196 0
180 201 0
156 178 0
168 186 0
177 199 0
172 197 0
166 188 0
151 171 0
166 187 0
179 200 0
159 182 0
93 118 0
177 199 0
124 147 0
139 161 0
178 200 0
135 155 0
112 134 0
155 178 0
126 145 0
136 160 0
112 127 0
106 127 0
156 178 0
130 148 0
124 147 0
125 146 0
114 131 0
113 129 0
180 201 0
140 156 0
136 156 0
134 152 0
160 169 0
129 129 0
136 150 0
148 154 0
132 131 0
142 147 0
125 120 0
108 103 0
119 115 0
127 127 0
141 143 0
169 181 0
151 151 0
154 159 0
163 186 0
170 196 0
162 183 0
159 179 0
172 195 0
180 201 0
169 191 0
175 198 0
175 198 0
155 177 0
147 171 0
163 185 0
148 172 0
181 201 0
167 189 0
154 177 0
130 151 0
139 159 0
143 164 0
148 171 0
110 132 0
153 169 0
148 173 0
150 173 0
163 187 0
145 164 0
135 159 0
153 176 0
162 186 0
133 150 0
127 144 0
137 159 0
152 167 0
145 154 0
169 189 0
171 191 0
162 181 0
159 173 0
144 156 0
140 149 0
146 159 0
142 153 0
133 144 0
128 131 0
133 136 0
133 134 0
145 157 0
139 146 0
154 174 0
171 195 0
181 201 0
165 186 0
174 198 0
167 187 0
163 185 0
169 190 0
151 175 0
176 199 0
163 187 0
160 185 0
167 188 0
138 160 0
151 170 0
165 186 0
174 197 0
128 148 0
165 186 0
138 163 0
162 186 0
151 175 0
125 150 0
161 173 0
159 179 0
141 165 0
133 146 0
139 155 0
122 140 0
155 177 0
148 162 0
133 149 0
164 181 0
139 157 0
146 171 0
137 150 0
127 145 0
139 152 0
144 155 0
149 165 0
157 164 0
161 179 0
143 162 0
165 175 0
149 155 0
155 164 0
146 158 0
159 158 0
153 172 0
173 196 0
164 186 0
178 200 0
152 176 0
172 197 0
166 188 0
160 183 0
177 199 0
160 181 0
149 174 0
152 174 0
174 197 0
164 187 0
176 199 0
146 161 0
160 185 0
162 186 0
142 164 0
151 175 0
146 170 0
177 199 0
159 179 0
161 182 0
171 196 0
92 114 0
123 145 0
136 149 0
150 165 0
170 196 0
141 163 0
145 166 0
170 187 0
137 157 0
159 175 0
161 179 0
154 171 0
135 151 0
132 148 0
170 187 0
146 166 0
166 178 0
144 160 0
167 179 0
153 162 0
162 181 0
140 149 0
175 194 0
158 176 0
152 175 0
174 197 0
161 183 0
166 189 0
153 175 0
166 187 0
175 198 0
137 160 0
171 196 0
149 174 0
148 174 0
165 186 0
160 185 0
152 176 0
160 184 0
165 187 0
139 164 0
160 181 0
159 185 0
164 188 0
140 160 0
171 191 0
172 193 0
147 162 0
162 185 0
132 153 0
162 180 0
150 166 0
156 177 0
149 170 0
167 194 0
151 174 0
155 173 0
133 152 0
176 199 0
157 179 0
104 125 0
171 190 0
147 166 0
147 163 0
177 195 0
157 177 0
151 172 0
140 148 0
162 175 0
169 191 0
140 149 0
