P3
48 27
255
205 226 255
204 226 255
204 226 255
203 226 255
203 225 255
202 225 255
202 225 255
201 224 255
200 224 255
200 224 255
199 223 255
199 223 255
198 223 255
198 223 255
197 222 255
196 222 255
196 222 255
195 221 255
195 221 255
195 221 255
194 221 255
194 221 255
194 221 255
194 221 255
194 221 255
194 221 255
194 221 255
194 221 255
195 221 255
195 221 255
196 222 255
196 222 255
197 222 255
197 222 255
197 223 255
198 223 255
199 223 255
199 224 255
200 224 255
200 224 255
201 225 255
202 225 255
202 225 255
203 225 255
203 226 255
203 226 255
204 226 255
205 226 255
206 227 255
205 227 255
205 226 255
204 226 255
204 226 255
203 226 255
203 225 255
203 225 255
202 225 255
201 225 255
201 224 255
200 224 255
199 224 255
199 223 255
198 223 255
198 223 255
197 222 255
197 222 255
196 222 255
196 222 255
196 222 255
195 221 255
195 221 255
195 221 255
195 221 255
195 221 255
195 221 255
196 222 255
196 222 255
196 222 255
197 222 255
197 222 255
198 223 255
198 223 255
199 223 255
199 224 255
200 224 255
201 224 255
201 224 255
202 225 255
202 225 255
203 225 255
203 226 255
204 226 255
204 226 255
205 227 255
205 227 255
206 227 255
207 228 255
207 227 255
206 227 255
206 227 255
205 227 255
205 226 255
204 226 255
204 226 255
203 226 255
202 225 255
202 225 255
202 225 255
201 224 255
200 224 255
200 224 255
199 223 255
199 223 255
198 223 255
197 223 255
197 222 255
197 222 255
197 222 255
197 222 255
197 222 255
197 222 255
196 222 255
197 222 255
197 222 255
197 222 255
198 223 255
198 223 255
199 223 255
199 223 255
200 224 255
200 224 255
201 224 255
201 225 255
202 225 255
202 225 255
203 226 255
203 226 255
204 226 255
204 226 255
205 227 255
205 227 255
206 227 255
206 227 255
207 228 255
208 228 255
208 228 255
207 228 255
207 228 255
206 227 255
206 227 255
205 227 255
205 227 255
205 226 255
204 226 255
203 226 255
203 225 255
202 225 255
202 225 255
201 225 255
201 224 255
200 224 255
199 224 255
199 223 255
199 223 255
199 223 255
198 223 255
198 223 255
198 223 255
198 223 255
198 223 255
198 223 255
199 223 255
199 223 255
199 224 255
200 224 255
200 224 255
201 224 255
201 225 255
202 225 255
202 225 255
203 225 255
203 226 255
204 226 255
204 226 255
205 227 255
205 227 255
206 227 255
206 227 255
207 228 255
207 228 255
208 228 255
208 228 255
209 229 255
209 229 255
209 228 255
208 228 255
208 228 255
207 228 255
206 227 255
206 227 255
206 227 255
205 227 255
205 227 255
204 226 255
204 226 255
204 226 255
203 225 255
202 225 255
202 225 255
202 225 255
200 224 255
201 224 255
200 224 255
200 224 255
200 224 255
200 224 255
200 224 255
200 224 255
200 224 255
200 224 255
201 224 255
201 224 255
202 225 255
202 225 255
202 225 255
203 225 255
203 226 255
204 226 255
204 226 255
205 226 255
205 227 255
206 227 255
207 228 255
207 228 255
207 228 255
208 228 255
208 228 255
209 228 255
209 229 255
209 229 255
211 230 255
210 229 255
210 229 255
192 211 236
209 229 255
188 207 232
196 217 246
187 206 232
207 228 255
207 228 255
207 227 255
206 227 255
205 227 255
205 227 255
204 226 255
204 226 255
204 226 255
203 226 255
202 225 255
202 225 255
202 225 255
202 225 255
202 225 255
201 225 255
201 225 255
202 225 255
202 225 255
202 225 255
202 225 255
202 225 255
203 225 255
204 226 255
204 226 255
205 226 255
205 226 255
206 227 255
206 227 255
207 227 255
207 228 255
204 222 242
204 222 242
187 200 210
190 206 225
204 222 242
209 229 255
210 229 255
210 229 255
211 230 255
190 208 232
159 177 202
179 200 228
177 199 228
162 184 214
172 197 228
171 196 228
167 194 228
160 183 214
173 199 232
184 208 239
172 190 214
207 228 255
207 227 255
206 227 255
206 227 255
205 227 255
205 227 255
205 226 255
204 226 255
204 226 255
204 226 255
203 226 255
203 226 255
203 226 255
204 226 255
204 226 255
204 226 255
204 226 255
204 226 255
205 226 255
206 227 255
206 227 255
207 227 255
207 227 255
204 222 242
179 197 221
166 175 171
139 144 121
163 160 107
120 120 80
161 159 107
135 134 90
151 148 99
137 135 90
180 180 140
161 167 166
188 201 210
181 201 228
178 200 228
174 197 228
177 199 228
173 197 228
169 195 228
165 193 228
165 193 228
164 192 228
164 192 228
164 192 228
165 193 228
166 193 228
172 193 221
208 228 255
208 228 255
207 228 255
207 228 255
207 228 255
207 228 255
206 227 255
180 202 239
152 175 212
116 142 202
150 173 212
205 227 255
194 215 239
206 227 255
206 227 255
207 227 255
207 228 255
207 228 255
208 228 255
203 222 242
181 192 194
104 103 70
133 133 90
133 133 90
144 145 99
164 160 107
160 159 107
147 147 99
137 135 90
151 148 99
139 136 90
155 150 99
170 163 107
153 148 90
179 200 228
183 203 228
175 198 228
173 197 228
172 197 228
170 195 228
168 194 228
166 194 228
166 193 228
165 193 228
163 192 228
164 192 228
165 193 228
165 193 228
162 184 214
196 214 239
209 229 255
209 229 255
209 229 255
208 228 255
93 121 178
64 101 181
65 101 181
66 102 181
62 98 156
62 98 156
62 98 169
152 173 194
208 228 255
209 229 255
209 229 255
209 229 255
196 214 239
145 146 121
137 135 90
159 158 107
172 170 114
162 160 107
154 150 99
170 168 107
165 161 107
172 170 114
167 162 107
162 160 107
162 160 107
163 158 90
122 120 80
141 135 80
183 202 228
180 201 228
179 200 228
178 200 228
176 199 228
175 198 228
172 197 228
171 196 228
169 195 228
167 194 228
168 195 228
168 195 228
166 194 228
166 194 228
172 196 228
165 186 214
189 207 232
212 230 255
211 230 255
155 176 219
62 99 178
64 100 178
62 97 143
61 96 128
64 100 169
61 98 169
64 100 169
61 98 169
118 142 183
211 230 255
211 230 255
203 217 228
123 123 85
175 172 114
151 148 99
147 148 99
155 152 103
132 137 99
169 168 107
168 161 99
173 165 107
164 160 107
166 162 107
153 149 99
182 174 107
141 137 90
177 171 107
155 150 99
183 202 228
183 202 228
181 201 228
184 203 228
182 202 228
179 201 228
177 199 228
173 197 228
177 199 228
174 198 228
174 198 228
177 199 228
175 198 228
175 198 228
174 198 228
143 166 206
170 188 214
214 231 255
188 206 239
59 94 171
64 100 178
61 97 143
62 99 169
57 90 128
66 101 156
66 102 181
63 99 156
63 99 169
65 101 169
157 178 212
209 225 242
64 70 57
126 127 87
137 137 94
168 164 107
174 170 107
163 160 99
149 147 94
172 168 105
168 167 107
173 170 107
177 171 107
167 161 99
160 155 80
160 153 90
153 147 80
146 143 80
152 146 80
188 205 228
188 205 228
190 206 228
188 205 228
187 205 228
186 204 228
184 203 228
185 203 228
182 202 228
180 201 228
180 201 228
179 200 228
182 202 228
168 190 221
140 162 200
98 121 163
77 102 150
195 210 232
119 142 192
60 94 124
61 96 143
57 92 110
61 97 156
59 93 128
60 96 156
64 100 169
64 99 156
59 93 143
57 88 131
89 109 131
191 202 206
89 89 60
125 124 85
132 133 94
136 135 80
148 145 99
151 151 94
163 158 90
161 159 99
171 164 99
171 167 99
165 159 90
167 162 107
136 128 70
178 171 99
148 143 70
166 163 80
154 148 90
188 204 214
195 209 228
193 208 228
188 204 214
192 207 228
188 205 228
191 207 228
190 206 228
190 206 228
193 208 228
187 205 228
187 203 214
188 205 228
171 187 209
120 141 179
80 104 153
50 80 137
144 156 181
57 89 110
57 91 137
55 87 110
58 93 110
58 94 143
62 99 169
61 96 128
57 92 90
60 94 169
59 92 143
57 91 144
56 88 128
141 147 137
89 94 70
123 123 75
110 114 75
150 150 94
121 120 76
183 175 114
175 169 99
179 172 107
174 168 90
164 161 70
176 168 90
151 148 57
158 153 70
181 172 99
144 138 40
162 157 90
171 164 70
178 194 161
179 196 181
180 197 181
192 206 214
192 206 214
188 203 198
170 186 161
186 201 198
170 189 140
179 196 181
192 207 228
188 204 214
166 185 114
158 175 161
50 79 120
40 65 76
36 58 71
67 82 48
56 89 151
56 88 156
60 94 124
60 95 143
59 91 128
61 95 143
59 94 128
62 97 143
49 77 110
60 94 143
61 96 156
55 85 118
63 70 43
68 76 58
128 127 75
166 159 107
142 138 71
161 157 90
165 157 80
180 172 99
164 157 94
167 163 80
170 159 80
167 159 90
170 162 99
153 149 57
160 155 80
164 157 80
161 157 90
141 134 70
182 198 181
177 194 161
174 190 161
148 169 80
178 192 181
166 185 114
172 190 140
175 193 161
166 185 114
145 167 0
173 190 140
155 175 80
147 166 114
147 163 128
96 114 114
49 78 108
40 63 80
83 102 83
59 92 137
60 94 128
60 95 128
54 86 128
57 91 90
56 88 110
56 89 110
60 94 143
59 94 128
59 88 99
59 92 143
58 86 94
73 75 75
84 86 28
86 89 42
147 145 64
118 119 85
138 139 58
147 144 64
143 136 70
168 164 80
160 155 80
160 152 57
148 144 70
175 162 90
172 165 80
167 163 80
170 161 90
162 154 70
154 149 57
174 191 161
163 182 80
169 187 114
158 178 0
152 175 0
164 183 80
161 181 80
140 163 0
143 165 0
150 171 0
150 172 0
154 172 0
131 153 0
114 130 0
91 102 0
35 56 80
86 104 0
136 157 0
53 85 85
55 86 110
56 91 107
64 99 156
57 91 143
57 91 128
61 96 128
59 94 128
51 83 90
43 69 0
51 82 92
141 164 64
131 145 0
25 32 12
81 80 0
60 68 9
107 108 40
166 157 57
127 127 40
169 157 70
148 143 40
179 170 90
173 166 80
148 145 70
168 159 80
167 160 90
130 123 57
148 143 80
159 153 70
163 155 70
161 180 0
155 176 0
154 176 0
150 172 0
149 168 0
148 170 0
150 171 0
141 163 0
153 175 0
132 152 0
151 168 0
127 149 0
141 162 0
113 132 0
118 137 0
53 60 0
118 139 0
153 172 0
129 150 57
60 93 137
59 93 110
59 92 90
52 85 0
58 90 128
53 86 90
54 86 90
55 88 110
55 86 110
50 80 64
112 132 64
171 192 0
96 103 0
56 58 0
126 121 80
129 128 28
145 138 70
152 148 0
151 145 40
135 131 0
155 147 57
138 133 57
140 137 0
155 152 57
169 160 70
155 153 0
140 137 40
155 146 70
148 141 57
154 176 0
152 174 0
150 174 0
156 177 0
154 176 0
152 175 0
142 162 0
145 166 0
142 163 0
149 169 0
153 173 0
131 151 0
117 135 0
118 134 0
120 137 0
98 113 0
142 162 0
173 197 0
157 177 0
51 80 90
44 72 90
55 88 90
61 94 128
48 77 64
45 71 110
51 80 90
56 87 110
44 71 64
76 94 0
154 176 0
162 176 0
119 137 0
92 84 0
126 124 0
69 66 28
100 101 0
92 95 0
130 122 0
128 122 0
158 151 57
166 160 57
147 142 57
103 101 0
104 99 40
109 104 57
131 123 0
141 137 40
106 104 0
152 167 0
150 170 0
149 170 0
155 177 0
148 168 0
138 159 0
137 156 0
142 163 0
139 157 0
148 166 0
144 159 0
132 148 0
144 161 0
109 123 0
95 111 0
135 152 0
134 154 0
127 148 0
73 92 0
124 146 0
77 105 64
54 86 90
48 79 64
51 79 110
42 65 64
57 90 128
50 77 90
117 138 90
153 173 0
131 140 0
124 132 0
132 149 0
127 135 0
54 54 0
134 122 0
71 69 0
87 78 0
96 92 0
123 123 0
138 135 40
147 141 57
140 132 57
134 129 40
94 95 0
141 133 0
138 131 57
148 141 57
151 144 70
147 165 0
154 173 0
146 166 0
136 153 0
147 168 0
151 168 0
131 148 0
149 168 0
156 176 0
125 140 0
111 126 0
110 123 0
96 109 0
121 134 0
145 158 0
108 122 0
105 122 0
133 153 0
86 106 0
143 160 0
104 118 0
30 49 0
76 97 0
42 71 0
48 76 64
98 112 0
53 60 0
126 140 0
88 101 0
112 129 0
93 109 0
115 127 0
93 97 0
58 43 0
101 101 0
79 72 0
105 92 0
123 113 0
73 70 0
92 89 0
131 127 0
82 83 0
122 118 0
138 131 57
111 109 0
130 126 40
154 147 57
132 128 0
146 159 0
126 139 0
162 179 0
147 166 0
150 165 0
125 141 0
132 149 0
120 133 0
103 117 0
126 139 0
102 113 0
127 140 0
117 130 0
101 116 0
127 145 0
93 110 0
122 139 0
76 92 0
70 88 0
141 161 0
105 122 0
95 112 0
128 145 0
29 47 0
91 108 0
85 95 0
75 90 0
68 76 0
95 113 0
85 101 0
137 155 0
97 107 0
141 153 0
111 113 0
139 146 0
93 96 0
82 86 0
87 85 0
111 103 0
78 80 0
115 104 0
84 73 0
135 125 0
128 120 57
103 95 0
130 122 40
101 101 40
154 166 0
172 195 0
167 185 0
147 164 0
144 159 0
147 162 0
126 139 0
142 157 0
171 189 0
95 102 0
102 112 0
113 128 0
155 170 0
113 131 0
164 179 0
160 180 0
164 184 0
140 157 0
143 164 0
135 158 0
139 159 0
127 148 0
102 113 0
81 98 0
134 151 0
123 138 0
112 132 0
137 153 0
99 121 0
117 133 0
135 153 0
137 160 0
137 150 0
110 124 0
123 134 0
102 116 0
129 132 0
131 144 0
78 80 0
100 97 0
98 95 0
136 129 0
91 93 0
100 89 0
146 156 0
116 115 0
158 171 0
163 167 0
153 162 0
162 184 0
168 188 0
170 187 0
146 162 0
165 183 0
142 156 0
137 155 0
144 159 0
155 169 0
120 136 0
143 161 0
140 156 0
120 134 0
151 170 0
134 152 0
128 147 0
147 165 0
131 148 0
145 166 0
161 185 0
106 126 0
114 134 0
95 112 0
147 167 0
126 146 0
130 148 0
126 144 0
111 131 0
135 152 0
111 125 0
126 143 0
157 167 0
153 167 0
129 150 0
136 153 0
119 134 0
135 143 0
106 115 0
147 161 0
84 78 0
137 138 0
118 117 0
98 96 0
149 154 0
148 165 0
147 159 0
148 160 0
144 152 0
160 178 0
165 182 0
135 152 0
164 182 0
161 181 0
134 151 0
120 137 0
131 147 0
159 180 0
159 182 0
153 171 0
166 185 0
156 177 0
123 141 0
134 157 0
147 167 0
163 186 0
133 151 0
157 180 0
108 129 0
99 117 0
162 178 0
115 136 0
126 146 0
124 144 0
162 186 0
169 188 0
108 129 0
148 172 0
125 144 0
147 165 0
136 160 0
142 152 0
146 163 0
152 173 0
120 140 0
160 179 0
133 148 0
140 152 0
164 177 0
138 151 0
144 150 0
146 148 0
150 161 0
141 153 0
130 140 0
164 174 0
154 163 0
145 164 0
150 165 0
144 162 0
152 169 0
125 142 0
165 182 0
141 159 0
156 178 0
147 161 0
135 158 0
131 152 0
139 160 0
158 177 0
164 184 0
148 170 0
114 133 0
131 146 0
158 184 0
148 171 0
127 150 0
150 171 0
107 121 0
161 181 0
127 149 0
152 175 0
145 163 0
151 175 0
148 174 0
133 152 0
129 146 0
138 160 0
160 184 0
128 151 0
141 153 0
134 155 0
137 158 0
134 151 0
137 152 0
157 170 0
139 153 0
157 167 0
153 169 0
139 141 0
163 176 0
128 132 0
136 141 0
146 158 0
157 172 0
161 183 0
142 162 0
148 172 0
160 182 0
163 180 0
158 179 0
160 182 0
152 171 0
161 182 0
99 119 0
152 179 0
139 158 0
162 185 0
135 157 0
154 179 0
138 161 0
140 162 0
161 184 0
166 187 0
127 148 0
155 173 0
149 173 0
152 168 0
151 171 0
140 158 0
149 173 0
125 144 0
116 138 0
161 182 0
152 174 0
157 175 0
166 188 0
156 177 0
157 175 0
158 175 0
150 173 0
125 141 0
143 157 0
156 168 0
153 160 0
155 167 0
156 172 0
140 152 0
127 139 0
142 156 0
135 152 0
149 150 0
136 147 0
159 176 0
153 172 0
157 179 0
173 194 0
129 147 0
155 172 0
176 190 0
148 167 0
163 184 0
144 165 0
120 143 0
152 173 0
154 172 0
173 191 0
129 149 0
151 174 0
137 159 0
156 175 0
151 169 0
159 180 0
158 183 0
149 170 0
140 161 0
154 176 0
137 162 0
142 165 0
167 194 0
156 177 0
129 151 0
151 175 0
125 144 0
140 159 0
167 189 0
149 166 0
163 178 0
159 167 0
136 155 0
152 166 0
173 188 0
146 165 0
144 160 0
148 160 0
171 185 0
146 169 0
167 187 0
167 176 0
158 173 0
149 160 0
