P3
48 27
255
205 226 255
204 226 255
204 226 255
203 226 255
203 225 255
202 225 255
202 225 255
201 224 255
200 224 255
200 224 255
199 223 255
199 223 255
198 223 255
198 223 255
197 222 255
196 222 255
196 222 255
195 221 255
195 221 255
195 221 255
194 221 255
194 221 255
194 221 255
194 221 255
194 221 255
194 221 255
194 221 255
194 221 255
195 221 255
195 221 255
196 222 255
196 222 255
197 222 255
197 222 255
197 223 255
198 223 255
199 223 255
199 224 255
200 224 255
200 224 255
201 225 255
202 225 255
202 225 255
203 225 255
203 226 255
203 226 255
204 226 255
205 226 255
206 227 255
205 227 255
205 226 255
204 226 255
204 226 255
203 226 255
203 225 255
203 225 255
202 225 255
201 225 255
201 224 255
200 224 255
199 224 255
199 223 255
198 223 255
198 223 255
197 222 255
197 222 255
196 222 255
196 222 255
196 222 255
195 221 255
195 221 255
195 221 255
195 221 255
195 221 255
195 221 255
196 222 255
196 222 255
196 222 255
197 222 255
197 222 255
198 223 255
198 223 255
199 223 255
199 224 255
200 224 255
201 224 255
201 224 255
202 225 255
202 225 255
203 225 255
203 226 255
204 226 255
204 226 255
205 227 255
205 227 255
206 227 255
207 228 255
207 227 255
206 227 255
206 227 255
205 227 255
205 226 255
204 226 255
204 226 255
203 226 255
202 225 255
202 225 255
202 225 255
201 224 255
200 224 255
200 224 255
199 223 255
199 223 255
198 223 255
197 223 255
197 222 255
197 222 255
197 222 255
197 222 255
197 222 255
197 222 255
196 222 255
197 222 255
197 222 255
197 222 255
198 223 255
198 223 255
199 223 255
199 223 255
200 224 255
200 224 255
201 224 255
201 225 255
202 225 255
202 225 255
203 226 255
203 226 255
204 226 255
204 226 255
205 227 255
205 227 255
206 227 255
206 227 255
207 228 255
208 228 255
208 228 255
207 228 255
207 228 255
206 227 255
206 227 255
205 227 255
205 227 255
205 226 255
204 226 255
203 226 255
203 225 255
202 225 255
202 225 255
201 225 255
201 224 255
200 224 255
199 224 255
199 223 255
199 223 255
199 223 255
198 223 255
198 223 255
198 223 255
198 223 255
198 223 255
198 223 255
199 223 255
199 223 255
199 224 255
200 224 255
200 224 255
201 224 255
201 225 255
202 225 255
202 225 255
203 225 255
203 226 255
204 226 255
204 226 255
205 227 255
205 227 255
206 227 255
206 227 255
207 228 255
207 228 255
208 228 255
208 228 255
209 229 255
209 229 255
209 228 255
208 228 255
208 228 255
207 228 255
206 227 255
206 227 255
206 227 255
205 227 255
205 227 255
204 226 255
204 226 255
204 226 255
203 225 255
202 225 255
202 225 255
202 225 255
200 224 255
201 224 255
200 224 255
200 224 255
200 224 255
200 224 255
200 224 255
200 224 255
200 224 255
200 224 255
201 224 255
201 224 255
202 225 255
202 225 255
202 225 255
203 225 255
203 226 255
204 226 255
204 226 255
205 226 255
205 227 255
206 227 255
207 228 255
207 228 255
207 228 255
208 228 255
208 228 255
209 228 255
209 229 255
209 229 255
211 230 255
210 229 255
210 229 255
209 229 255
209 229 255
208 228 255
208 228 255
208 228 255
207 228 255
207 228 255
206 227 255
206 227 255
205 227 255
205 227 255
205 226 255
204 226 255
203 226 255
203 226 255
202 225 255
203 225 255
202 225 255
202 225 255
201 225 255
196 218 247
186 207 235
179 201 230
202 225 255
201 225 255
202 225 255
202 225 255
203 225 255
203 226 255
204 226 255
204 226 255
205 227 255
206 227 255
206 227 255
207 227 255
207 228 255
207 228 255
208 228 255
208 228 255
209 229 255
209 229 255
210 229 255
210 229 255
210 229 255
210 229 255
212 230 255
211 230 255
211 230 255
211 230 255
210 230 255
210 229 255
210 229 255
210 229 255
209 229 255
208 228 255
208 228 255
208 228 255
207 228 255
207 228 255
206 227 255
206 227 255
206 227 255
205 227 255
204 226 255
204 226 255
189 211 239
157 174 197
138 154 175
148 162 181
141 158 181
140 155 175
159 178 202
148 167 192
204 226 255
205 226 255
205 227 255
205 227 255
206 227 255
206 227 255
207 227 255
207 228 255
208 228 255
208 228 255
208 228 255
209 229 255
210 229 255
210 229 255
210 229 255
211 230 255
211 230 255
211 230 255
211 230 255
212 230 255
213 231 255
213 231 255
213 231 255
212 231 255
212 230 255
212 230 255
211 230 255
211 230 255
210 230 255
210 229 255
210 229 255
209 229 255
209 229 255
208 228 255
208 228 255
208 228 255
207 228 255
207 228 255
207 227 255
153 169 190
141 158 181
128 143 163
130 144 163
132 148 169
129 146 169
128 143 163
127 143 163
115 130 150
158 175 197
206 227 255
207 228 255
207 228 255
208 228 255
208 228 255
209 229 255
209 229 255
209 229 255
210 229 255
210 229 255
211 230 255
211 230 255
211 230 255
212 230 255
212 230 255
212 231 255
212 231 255
213 231 255
213 231 255
215 232 255
214 232 255
214 231 255
214 231 255
213 231 255
213 231 255
213 231 255
212 231 255
212 230 255
212 230 255
212 230 255
211 230 255
211 230 255
211 230 255
210 229 255
210 229 255
209 229 255
210 229 255
141 155 175
134 152 175
133 148 169
137 153 175
146 161 181
119 135 156
138 151 169
136 150 169
119 132 150
132 148 169
126 142 163
130 144 163
196 214 239
209 229 255
210 229 255
210 229 255
210 229 255
211 230 255
212 230 255
212 230 255
212 230 255
212 230 255
213 231 255
213 231 255
213 231 255
213 231 255
214 231 255
214 231 255
214 232 255
214 232 255
216 232 255
215 232 255
215 232 255
215 232 255
215 232 255
215 232 255
214 232 255
214 232 255
214 232 255
214 231 255
213 231 255
213 231 255
212 231 255
213 231 255
212 231 255
212 230 255
211 230 255
146 163 186
130 144 163
137 153 175
122 137 156
133 146 163
142 156 175
136 152 175
137 153 175
127 140 158
122 134 150
124 141 163
129 141 156
110 126 146
149 165 186
211 230 255
212 230 255
212 231 255
212 231 255
213 231 255
213 231 255
213 231 255
214 231 255
214 232 255
214 232 255
215 232 255
215 232 255
215 232 255
215 232 255
215 232 255
216 232 255
216 232 255
217 233 255
217 233 255
217 233 255
217 233 255
216 233 255
216 233 255
216 233 255
216 233 255
216 232 255
215 232 255
215 232 255
215 232 255
215 232 255
215 232 255
214 232 255
215 232 255
206 223 247
127 140 156
130 147 169
139 151 169
136 152 175
121 135 153
126 142 163
125 141 163
133 151 175
128 143 163
122 137 156
127 143 164
116 132 153
133 146 163
146 161 181
205 223 247
214 232 255
215 232 255
215 232 255
215 232 255
215 232 255
215 232 255
215 232 255
215 232 255
216 233 255
216 233 255
217 233 255
217 233 255
217 233 255
217 233 255
217 233 255
217 233 255
219 234 255
218 234 255
218 234 255
219 234 255
218 234 255
218 234 255
218 234 255
218 233 255
218 234 255
217 233 255
217 233 255
217 233 255
217 233 255
217 233 255
217 233 255
217 233 255
178 194 217
121 137 158
135 152 175
140 155 175
124 138 156
135 149 169
135 150 169
135 149 169
134 149 169
132 145 163
116 128 144
123 137 156
116 131 151
117 132 151
136 153 175
182 199 221
216 233 255
216 233 255
217 233 255
217 233 255
217 233 255
218 234 255
218 234 255
218 234 255
218 234 255
218 234 255
218 234 255
218 234 255
218 234 255
218 234 255
218 234 255
218 234 255
220 235 255
220 235 255
220 235 255
220 235 255
219 235 255
219 235 255
220 235 255
219 234 255
220 235 255
220 235 255
219 234 255
219 234 255
219 234 255
219 235 255
219 234 255
219 234 255
159 175 197
132 146 164
135 145 160
140 155 175
139 154 175
130 147 169
133 148 169
140 152 169
124 138 156
129 143 163
136 150 169
119 133 151
128 143 163
128 143 163
142 156 175
148 162 181
219 234 255
219 234 255
220 235 255
219 234 255
219 234 255
219 234 255
219 234 255
219 235 255
219 235 255
219 234 255
220 235 255
220 235 255
220 235 255
220 235 255
220 235 255
220 235 255
221 236 255
221 235 255
221 236 255
221 236 255
221 235 255
221 235 255
221 236 255
221 235 255
221 236 255
221 235 255
221 236 255
221 236 255
221 236 255
221 236 255
221 236 255
221 235 255
150 163 181
118 132 150
132 148 169
126 142 163
125 139 157
117 131 150
121 133 150
125 138 156
117 131 150
125 138 156
123 134 150
128 138 151
140 155 175
130 147 169
131 144 163
130 144 163
221 235 255
221 235 255
221 236 255
221 235 255
221 235 255
221 235 255
221 235 255
221 236 255
221 235 255
221 236 255
221 236 255
221 235 255
221 236 255
221 235 255
221 236 255
221 236 255
222 236 255
223 236 255
223 236 255
223 236 255
223 236 255
223 236 255
223 236 255
223 237 255
223 237 255
223 237 255
223 237 255
223 237 255
223 237 255
224 237 255
224 237 255
223 237 255
150 160 175
122 134 151
129 146 169
122 137 156
118 131 150
115 127 144
128 140 156
96 108 123
130 146 166
125 138 156
113 129 150
137 151 169
125 139 156
105 118 135
127 140 157
134 146 163
224 237 255
223 237 255
224 237 255
224 237 255
223 237 255
223 237 255
223 237 255
223 237 255
223 237 255
223 237 255
223 236 255
223 236 255
223 236 255
223 236 255
223 236 255
223 236 255
224 237 255
224 237 255
216 229 247
206 220 239
196 210 230
206 220 239
198 212 230
174 190 212
167 182 202
191 204 221
154 170 192
154 170 192
151 169 192
141 158 181
145 160 181
143 159 181
142 158 181
126 142 163
124 138 156
126 139 156
129 143 163
125 138 156
117 132 151
117 129 146
133 146 163
130 143 160
125 137 153
131 145 163
118 132 150
139 152 169
114 130 151
131 145 163
146 161 181
145 160 181
144 159 181
145 160 181
178 192 212
185 198 217
169 183 202
169 183 202
205 219 239
188 202 221
208 221 239
216 229 247
216 229 247
205 219 239
224 237 255
224 237 255
169 183 202
142 159 181
137 153 175
148 162 181
144 160 181
139 157 181
147 161 181
146 161 181
134 154 181
132 151 175
143 159 181
141 158 181
136 155 181
147 161 181
144 159 181
138 156 181
143 159 181
125 136 151
115 128 144
128 140 156
127 139 156
115 128 144
128 140 156
121 136 156
130 144 163
126 139 156
122 134 151
125 139 156
132 148 169
130 144 163
116 128 144
143 159 181
135 155 181
143 159 181
141 158 181
139 154 175
145 160 181
135 152 175
140 157 181
145 160 181
142 158 181
140 157 181
145 160 181
149 163 181
141 158 181
148 162 181
138 156 181
141 158 181
140 157 181
143 159 181
143 159 181
151 163 181
147 161 181
137 156 181
142 159 181
138 153 172
138 154 175
144 159 181
144 160 181
136 156 181
139 153 172
143 159 181
136 151 172
141 154 172
143 159 181
128 143 163
102 115 131
97 108 122
108 120 135
131 144 163
109 122 139
91 102 116
137 150 169
107 119 135
129 143 163
123 134 150
129 142 160
103 114 129
135 149 169
148 162 181
135 155 181
145 160 181
145 160 181
144 160 181
144 160 181
138 156 181
141 158 181
143 159 181
144 159 181
140 158 181
143 159 181
143 159 181
146 161 181
143 159 181
142 159 181
142 158 181
129 147 170
144 160 181
139 157 181
141 158 181
144 160 181
139 157 181
142 159 181
138 154 175
145 160 181
142 159 181
131 149 172
146 161 181
141 155 175
138 156 181
148 162 181
136 155 181
130 145 166
127 140 157
118 130 146
127 141 160
130 141 156
120 132 148
112 123 137
116 128 144
122 134 150
126 138 155
109 120 133
118 130 146
125 137 153
125 139 156
137 153 175
128 146 170
139 153 172
146 161 181
144 160 181
145 160 181
142 159 181
131 149 172
140 158 181
138 156 181
138 156 181
147 161 181
146 161 181
142 158 181
137 156 181
140 157 181
144 159 181
147 161 181
144 160 181
139 157 181
142 159 181
145 160 181
132 149 172
137 156 181
136 155 181
138 154 175
147 161 181
139 157 181
146 161 181
131 148 169
141 158 181
136 153 175
149 162 181
130 144 163
137 152 172
145 160 181
128 144 164
116 127 141
108 119 132
119 129 144
115 127 143
132 145 163
114 125 141
112 125 143
112 123 139
120 131 146
117 130 146
116 129 146
127 138 153
116 127 143
139 154 175
132 149 172
139 154 175
132 145 163
131 148 170
138 156 181
134 150 172
145 160 181
141 158 181
138 153 172
144 160 181
145 160 181
145 160 181
142 159 181
142 159 181
139 157 181
132 150 175
138 154 175
127 144 166
138 152 172
142 158 181
140 158 181
142 158 181
143 159 181
139 157 181
141 155 175
136 152 172
145 160 181
141 153 170
130 146 166
139 154 175
135 151 172
137 151 170
125 136 150
134 148 166
125 135 150
104 113 125
117 128 144
102 110 122
115 125 139
119 133 151
110 123 139
109 122 139
118 127 139
135 146 161
127 142 163
136 149 166
128 141 160
137 152 172
141 158 181
134 150 172
131 149 172
131 147 169
133 151 175
141 158 181
137 156 181
141 158 181
139 157 181
142 158 181
131 145 163
143 159 181
140 153 172
140 157 181
142 159 181
136 153 175
131 149 172
142 158 181
133 150 172
146 161 181
136 151 172
129 148 172
140 157 181
135 150 170
140 155 175
144 160 181
133 146 163
122 138 160
123 140 163
127 143 164
122 134 150
125 141 161
125 137 153
121 133 150
113 126 143
131 142 156
82 89 99
110 118 129
90 99 110
95 104 115
106 115 126
107 118 133
100 109 120
131 144 161
138 152 172
124 136 151
139 154 175
119 134 154
122 135 152
135 149 169
135 152 175
136 151 172
133 150 172
126 143 166
140 155 175
137 152 172
144 160 181
142 159 181
132 148 170
140 154 172
142 159 181
138 151 169
146 161 181
141 158 181
130 148 172
129 143 163
137 156 181
137 152 172
137 153 175
116 129 147
144 160 181
139 157 181
137 149 166
121 137 157
146 161 181
129 141 158
135 151 172
139 154 175
146 161 181
120 133 151
135 150 170
125 137 153
118 128 143
132 145 163
122 133 148
135 147 163
103 113 128
108 118 131
116 126 141
125 136 150
112 123 136
126 138 154
144 157 175
136 147 163
133 147 166
123 135 152
118 131 148
130 143 160
144 160 181
133 147 166
141 158 181
136 153 175
124 139 160
119 133 150
135 150 170
136 152 172
133 150 172
132 146 166
141 158 181
124 141 163
142 158 181
143 159 181
138 152 172
149 162 181
147 161 181
136 150 169
144 159 181
141 158 181
133 150 172
138 151 169
124 142 166
126 145 169
134 147 166
108 120 135
145 160 181
119 132 150
139 153 172
140 158 181
127 142 163
134 151 172
111 122 137
133 145 163
134 148 166
127 138 153
118 128 143
110 123 139
102 112 125
115 125 139
121 135 153
104 112 124
122 137 156
118 133 153
110 120 133
137 151 170
132 145 163
142 159 181
139 154 175
121 134 150
137 153 175
133 148 169
128 143 163
124 138 157
141 158 181
129 144 163
144 160 181
141 155 175
134 152 175
133 148 169
136 152 172
145 160 181
144 160 181
141 156 175
122 139 160
130 144 163
139 153 172
137 151 169
141 155 175
127 141 160
135 148 166
141 156 175
142 155 172
116 128 145
134 151 175
126 138 153
141 158 181
122 134 151
117 129 146
137 152 172
119 130 146
119 131 146
132 145 161
101 112 128
92 100 112
115 124 136
120 131 147
108 121 137
110 121 136
126 141 160
96 107 121
131 143 159
119 134 154
109 124 143
141 158 181
135 148 166
124 137 154
133 147 166
132 148 169
131 146 166
143 159 181
124 141 163
141 156 175
139 154 175
143 159 181
138 152 172
137 152 172
126 142 163
142 159 181
141 158 181
128 142 161
141 158 181
148 162 181
138 157 181
139 154 175
146 161 181
135 151 172
133 147 166
142 158 181
132 148 169
120 136 156
139 153 172
137 152 172
142 159 181
121 133 150
121 136 156
137 152 172
109 120 136
114 127 143
145 160 181
124 138 156
129 143 161
122 137 156
133 150 172
138 153 172
134 150 172
107 121 139
122 138 160
123 135 151
134 149 169
101 111 125
138 152 172
137 152 172
113 125 143
142 158 181
137 152 172
130 144 163
133 149 170
132 143 160
130 148 172
140 153 172
136 152 175
123 136 153
133 150 172
137 151 170
132 149 172
146 161 181
150 163 181
148 162 181
132 149 172
128 143 163
121 137 158
139 153 172
129 143 163
138 152 172
135 151 172
143 159 181
97 111 128
137 153 175
131 145 163
133 147 166
122 135 153
119 132 150
134 149 169
126 140 160
135 150 169
132 149 172
136 153 175
145 160 181
123 137 156
130 142 160
130 144 163
132 146 166
99 111 128
119 132 150
128 143 163
124 139 160
134 147 166
134 146 163
130 143 161
128 143 163
133 150 172
137 150 169
105 118 136
137 153 175
138 154 175
145 160 181
132 148 169
126 141 160
142 156 175
142 156 175
133 150 172
142 159 181
133 150 172
145 160 181
