P3
48 27
255
205 226 255
204 226 255
204 226 255
203 226 255
202 225 255
202 225 255
202 225 255
201 225 255
200 224 255
200 224 255
199 224 255
199 223 255
198 223 255
198 223 255
197 222 255
197 222 255
196 222 255
195 221 255
195 221 255
195 221 255
194 221 255
194 221 255
194 221 255
194 221 255
194 221 255
194 221 255
194 221 255
195 221 255
195 221 255
195 221 255
196 222 255
196 222 255
197 222 255
197 222 255
198 223 255
198 223 255
199 223 255
200 224 255
200 224 255
200 224 255
201 224 255
202 225 255
202 225 255
203 225 255
203 226 255
203 226 255
204 226 255
204 226 255
206 227 255
205 227 255
205 226 255
204 226 255
204 226 255
203 226 255
203 225 255
202 225 255
202 225 255
201 224 255
200 224 255
200 224 255
199 224 255
199 223 255
199 223 255
198 223 255
197 222 255
197 222 255
196 222 255
196 222 255
195 221 255
196 221 255
195 221 255
195 221 255
195 221 255
195 221 255
196 222 255
196 222 255
196 222 255
197 222 255
197 222 255
197 222 255
198 223 255
199 223 255
199 223 255
200 224 255
200 224 255
201 224 255
202 225 255
201 225 255
202 225 255
203 225 255
203 225 255
203 226 255
205 226 255
205 226 255
205 227 255
206 227 255
207 228 255
206 227 255
206 227 255
205 227 255
205 227 255
205 226 255
204 226 255
203 226 255
203 226 255
203 225 255
202 225 255
201 224 255
201 224 255
200 224 255
200 224 255
199 223 255
199 223 255
198 223 255
198 223 255
197 222 255
197 222 255
197 222 255
197 222 255
196 222 255
196 222 255
197 222 255
197 222 255
197 222 255
197 222 255
198 223 255
198 223 255
198 223 255
199 223 255
200 224 255
200 224 255
201 224 255
201 224 255
202 225 255
202 225 255
203 226 255
204 226 255
204 226 255
204 226 255
205 227 255
205 227 255
206 227 255
207 227 255
207 228 255
208 228 255
208 228 255
207 228 255
207 228 255
206 227 255
206 227 255
206 227 255
205 226 255
204 226 255
204 226 255
203 226 255
203 226 255
202 225 255
201 225 255
201 224 255
200 224 255
200 224 255
200 224 255
199 224 255
199 223 255
199 223 255
198 223 255
198 223 255
198 223 255
198 223 255
198 223 255
198 223 255
199 223 255
199 223 255
199 223 255
200 224 255
200 224 255
201 224 255
201 224 255
202 225 255
202 225 255
203 225 255
203 226 255
204 226 255
204 226 255
205 226 255
205 227 255
206 227 255
207 227 255
207 228 255
207 228 255
208 228 255
208 228 255
209 229 255
209 229 255
209 229 255
208 228 255
208 228 255
207 228 255
207 227 255
206 227 255
206 227 255
205 227 255
205 226 255
204 226 255
204 226 255
203 225 255
203 225 255
202 225 255
202 225 255
202 225 255
201 224 255
200 224 255
201 224 255
200 224 255
200 224 255
200 224 255
200 224 255
200 224 255
200 224 255
201 224 255
201 224 255
201 224 255
201 224 255
202 225 255
203 225 255
203 225 255
203 226 255
204 226 255
204 226 255
205 226 255
205 227 255
206 227 255
206 227 255
207 228 255
207 228 255
208 228 255
208 228 255
209 229 255
209 229 255
209 229 255
211 230 255
210 229 255
210 229 255
209 229 255
209 229 255
209 229 255
208 228 255
208 228 255
207 228 255
206 227 255
206 227 255
206 227 255
206 227 255
205 226 255
205 227 255
204 226 255
204 226 255
203 225 255
203 225 255
203 225 255
202 225 255
202 225 255
201 224 255
196 228 250
198 228 250
202 225 255
202 225 255
203 225 255
202 225 255
203 225 255
203 226 255
203 226 255
204 226 255
204 226 255
205 227 255
206 227 255
206 227 255
206 227 255
207 228 255
207 228 255
208 228 255
208 228 255
209 229 255
209 229 255
209 229 255
210 229 255
210 229 255
210 230 255
212 230 255
211 230 255
211 230 255
211 230 255
210 229 255
210 229 255
210 229 255
209 229 255
209 229 255
209 228 255
209 229 255
207 228 255
207 228 255
206 227 255
207 227 255
206 227 255
206 227 255
205 227 255
205 226 255
204 226 255
189 229 248
159 233 237
165 232 239
178 229 242
185 235 237
191 230 240
202 236 233
206 230 244
207 228 249
205 226 255
205 227 255
205 227 255
205 227 255
206 227 255
206 227 255
207 228 255
208 228 255
208 228 255
208 228 255
209 229 255
209 229 255
210 229 255
210 229 255
211 230 255
211 230 255
211 230 255
211 230 255
212 230 255
213 231 255
213 231 255
212 231 255
212 230 255
212 230 255
212 230 255
211 230 255
211 230 255
211 230 255
210 229 255
210 229 255
209 229 255
209 229 255
209 229 255
208 228 255
208 228 255
208 228 255
207 228 255
170 227 243
139 228 235
149 226 239
159 222 244
170 222 246
177 224 245
184 221 247
191 220 247
199 223 244
208 224 241
216 229 232
206 227 255
207 228 255
207 228 255
207 228 255
209 229 255
209 229 255
209 229 255
209 229 255
210 229 255
210 229 255
210 230 255
211 230 255
211 230 255
212 230 255
212 230 255
212 231 255
212 231 255
213 231 255
213 231 255
214 232 255
215 232 255
214 231 255
214 231 255
213 231 255
213 231 255
213 231 255
213 231 255
213 231 255
212 230 255
211 230 255
211 230 255
211 230 255
210 229 255
211 230 255
210 229 255
209 229 255
209 229 255
124 218 236
136 218 241
151 216 246
159 213 249
170 214 249
178 212 251
184 216 249
192 212 250
198 214 249
205 214 247
214 216 243
222 219 237
216 227 248
209 229 255
210 229 255
210 229 255
211 230 255
211 230 255
211 230 255
211 230 255
212 231 255
212 231 255
213 231 255
213 231 255
213 231 255
213 231 255
214 231 255
214 231 255
214 232 255
214 232 255
216 233 255
215 232 255
215 232 255
215 232 255
215 232 255
215 232 255
215 232 255
214 232 255
214 232 255
214 232 255
214 231 255
212 231 255
214 231 255
213 231 255
212 231 255
212 230 255
212 230 255
110 212 234
128 211 242
141 209 246
153 207 249
161 206 251
170 207 252
176 207 252
184 206 252
190 208 251
196 207 251
206 210 248
213 209 246
221 212 241
228 217 237
212 230 255
213 231 255
213 231 255
213 231 255
213 231 255
213 231 255
213 231 255
213 231 255
214 232 255
214 232 255
215 232 255
215 232 255
215 232 255
215 232 255
215 232 255
215 232 255
215 232 255
217 233 255
217 233 255
217 233 255
217 233 255
216 233 255
216 233 255
216 233 255
216 232 255
215 232 255
216 232 255
215 232 255
215 232 255
215 232 255
215 232 255
215 232 255
214 231 255
165 218 243
114 204 238
131 204 245
142 201 249
154 201 251
163 201 252
170 200 253
178 200 254
184 200 254
191 201 253
197 201 252
204 200 251
211 202 249
219 201 246
230 206 237
220 225 250
214 232 255
214 232 255
215 232 255
215 232 255
215 232 255
215 232 255
216 233 255
216 233 255
216 233 255
216 233 255
216 233 255
216 233 255
217 233 255
217 233 255
217 233 255
217 233 255
219 234 255
218 234 255
219 234 255
218 234 255
218 234 255
218 233 255
218 234 255
218 234 255
217 233 255
217 233 255
217 233 255
218 233 255
217 233 255
216 233 255
217 233 255
217 233 255
169 217 246
116 198 241
132 196 247
145 194 250
153 195 252
163 195 253
171 192 255
177 195 255
185 192 255
190 195 254
197 193 254
204 193 252
212 195 250
217 194 248
228 196 241
228 216 244
216 232 255
217 233 255
217 233 255
217 233 255
217 233 255
217 233 255
217 233 255
218 234 255
217 233 255
218 234 255
218 234 255
218 234 255
218 234 255
218 234 255
218 234 255
219 234 255
220 235 255
220 235 255
220 235 255
220 235 255
219 235 255
219 234 255
219 234 255
220 235 255
219 235 255
219 234 255
219 234 255
219 234 255
219 234 255
219 234 255
219 235 255
219 234 255
138 203 240
119 189 244
134 188 248
144 186 251
155 187 253
163 186 254
169 186 255
175 186 255
185 189 255
190 188 255
198 188 254
205 187 253
210 188 251
217 189 248
227 187 243
230 212 243
219 234 255
219 234 255
219 234 255
219 234 255
219 234 255
219 234 255
220 235 255
220 235 255
220 235 255
220 235 255
219 234 255
219 235 255
220 235 255
220 235 255
220 235 255
220 235 255
221 235 255
221 236 255
221 235 255
221 236 255
221 235 255
221 235 255
221 236 255
221 235 255
222 236 255
221 235 255
221 235 255
221 236 255
221 235 255
221 236 255
222 236 255
221 235 255
88 183 231
118 182 244
134 182 249
148 182 252
156 180 253
161 179 254
171 180 255
176 182 255
183 183 255
190 179 255
198 180 254
204 180 253
210 183 251
218 181 248
228 180 242
235 179 237
221 235 255
221 235 255
221 235 255
221 236 255
222 236 255
221 235 255
221 236 255
221 235 255
221 235 255
222 236 255
222 236 255
221 235 255
221 236 255
221 236 255
221 236 255
221 236 255
222 236 255
223 236 255
222 236 255
222 236 255
223 237 255
223 236 255
223 236 255
222 236 255
223 237 255
223 237 255
224 237 255
223 237 255
223 237 255
224 237 255
223 237 255
224 237 255
174 208 247
114 173 242
133 172 248
146 172 251
155 173 253
162 172 254
169 174 255
176 171 255
184 175 255
188 173 255
196 174 254
203 175 253
211 171 251
218 172 248
228 172 242
230 191 243
215 242 238
223 237 255
223 237 255
223 237 255
223 237 255
223 236 255
224 237 255
224 237 255
223 236 255
223 237 255
222 236 255
223 236 255
223 236 255
223 236 255
223 236 255
223 236 255
224 237 255
224 237 255
188 251 200
213 242 238
224 237 255
201 246 220
201 246 220
213 242 238
213 242 238
176 255 178
202 247 220
202 247 220
178 255 178
190 251 200
178 255 178
178 255 178
143 214 207
121 164 243
133 163 247
146 166 251
153 166 252
163 167 254
170 167 254
177 167 255
185 167 255
192 168 254
197 164 253
204 165 252
210 163 250
217 166 248
229 164 241
225 190 220
183 255 177
183 255 177
184 255 178
183 255 178
196 251 199
195 251 200
195 251 200
195 251 200
206 246 220
215 242 239
206 247 220
224 237 255
224 237 255
224 237 255
224 237 255
224 237 255
201 247 220
175 255 178
176 255 179
177 255 179
177 255 179
177 255 179
177 255 179
178 255 179
178 255 179
178 255 179
178 255 179
178 255 179
179 255 179
179 255 179
179 255 179
179 255 179
179 255 179
115 153 239
130 156 245
142 157 249
154 156 251
159 156 252
171 159 254
177 159 254
183 158 254
190 157 253
196 158 253
205 157 251
211 157 249
219 157 246
229 152 238
210 211 208
182 255 179
182 255 179
182 255 179
182 255 179
183 255 179
183 255 179
183 255 179
183 255 179
184 255 179
184 255 179
184 255 179
184 255 179
185 255 178
185 255 179
184 255 179
185 255 179
177 255 180
178 255 180
178 255 180
178 255 180
178 255 180
178 255 180
178 255 180
178 255 180
179 255 180
179 255 180
179 255 180
179 255 180
179 255 180
179 255 180
179 255 180
179 255 180
180 255 180
128 177 220
128 146 242
140 148 246
154 149 249
162 150 251
167 148 251
177 148 252
183 150 252
192 149 252
196 151 251
202 149 250
212 148 247
221 146 242
221 177 219
181 255 180
181 255 180
182 255 180
182 255 180
182 255 180
182 255 180
182 255 180
182 255 180
182 255 180
182 255 180
183 255 180
183 255 180
183 255 180
183 255 180
183 255 180
183 255 180
184 255 180
178 255 180
178 255 180
178 255 180
179 255 180
179 255 180
179 255 180
179 255 180
179 255 180
179 255 180
179 255 180
179 255 180
179 255 180
179 255 180
180 255 180
180 255 180
180 255 180
180 255 180
180 255 180
126 130 236
138 134 242
151 138 246
161 138 248
168 140 250
177 137 249
183 141 250
192 139 249
197 136 248
208 136 245
216 134 241
203 202 209
181 255 180
181 255 180
181 255 180
181 255 180
181 255 180
182 255 180
182 255 180
182 255 180
182 255 180
182 255 180
182 255 180
182 255 180
182 255 180
182 255 180
182 255 180
183 255 180
183 255 180
183 255 180
179 255 180
179 255 180
179 255 180
179 255 180
179 255 180
179 255 180
179 255 180
179 255 180
179 255 180
179 255 180
179 255 180
180 255 180
180 255 180
180 255 180
180 255 180
180 255 180
180 255 180
180 255 180
180 255 180
138 119 236
152 128 243
158 124 244
169 124 245
175 123 245
183 128 247
192 130 247
199 128 245
207 124 242
217 116 234
181 255 180
181 255 180
181 255 180
181 255 180
181 255 180
181 255 180
181 255 180
181 255 180
182 255 180
182 255 180
182 255 180
182 255 180
182 255 180
182 255 180
182 255 180
182 255 180
182 255 180
182 255 180
182 255 180
179 255 181
179 255 181
179 255 181
179 255 181
179 255 181
179 255 181
179 255 181
179 255 181
180 255 181
180 255 181
180 255 181
180 255 181
180 255 181
180 255 181
180 255 181
180 255 181
180 255 181
180 255 181
180 255 181
180 255 181
161 194 205
165 157 224
169 98 235
176 109 240
186 108 240
192 103 237
196 156 223
202 155 220
181 255 181
181 255 181
181 255 181
181 255 181
181 255 181
181 255 181
181 255 181
181 255 181
181 255 181
181 255 181
181 255 181
182 255 181
182 255 181
182 255 181
182 255 181
182 255 181
182 255 181
182 255 181
182 255 180
182 255 181
179 255 181
179 255 181
179 255 181
179 255 181
179 255 181
179 255 181
180 255 181
180 255 181
180 255 181
180 255 181
180 255 181
180 255 181
180 255 181
180 255 181
180 255 181
180 255 181
180 255 181
180 255 181
180 255 181
180 255 181
180 255 181
180 255 181
178 225 194
179 189 206
182 225 194
181 255 181
181 255 181
181 255 181
181 255 181
181 255 181
181 255 181
181 255 181
181 255 181
181 255 181
181 255 181
181 255 181
181 255 181
181 255 181
181 255 181
181 255 181
181 255 181
182 255 181
182 255 181
182 255 181
182 255 181
182 255 181
182 255 181
182 255 181
179 255 181
179 255 181
179 255 181
179 255 181
180 255 181
180 255 181
180 255 181
180 255 181
180 255 181
180 255 181
180 255 181
180 255 181
180 255 181
180 255 181
180 255 181
180 255 181
180 255 181
180 255 181
180 255 181
180 255 181
180 255 181
180 255 181
180 255 181
180 255 181
181 255 181
181 255 181
181 255 181
181 255 181
181 255 181
181 255 181
181 255 181
181 255 181
181 255 181
181 255 181
181 255 181
181 255 181
181 255 181
181 255 181
181 255 181
181 255 181
181 255 181
181 255 181
181 255 181
182 255 181
182 255 181
182 255 181
182 255 181
182 255 181
179 255 181
179 255 181
180 255 181
180 255 181
180 255 181
180 255 181
180 255 181
180 255 181
180 255 181
180 255 181
180 255 181
180 255 181
180 255 181
180 255 181
180 255 181
180 255 181
180 255 181
180 255 181
180 255 181
180 255 181
180 255 181
180 255 181
180 255 181
180 255 181
181 255 181
181 255 181
181 255 181
181 255 181
181 255 181
181 255 181
181 255 181
181 255 181
181 255 181
181 255 181
181 255 181
181 255 181
181 255 181
181 255 181
181 255 181
181 255 181
181 255 181
181 255 181
181 255 181
181 255 181
181 255 181
182 255 181
182 255 181
182 255 181
180 255 181
180 255 181
180 255 181
180 255 181
180 255 181
180 255 181
180 255 181
180 255 181
180 255 181
180 255 181
180 255 181
180 255 181
180 255 181
180 255 181
180 255 181
180 255 181
180 255 181
180 255 181
180 255 181
180 255 181
180 255 181
180 255 181
180 255 181
181 255 181
181 255 181
181 255 181
181 255 181
181 255 181
181 255 181
181 255 181
181 255 181
181 255 181
181 255 181
181 255 181
181 255 181
181 255 181
181 255 181
181 255 181
181 255 181
181 255 181
181 255 181
181 255 181
181 255 181
181 255 181
181 255 181
181 255 181
181 255 181
181 255 181
180 255 181
180 255 181
180 255 181
180 255 181
180 255 181
180 255 181
180 255 181
180 255 181
180 255 181
180 255 181
180 255 181
180 255 181
180 255 181
180 255 181
180 255 181
180 255 181
180 255 181
180 255 181
180 255 181
180 255 181
180 255 181
180 255 181
180 255 181
180 255 181
181 255 181
181 255 181
181 255 181
181 255 181
181 255 181
181 255 181
181 255 181
181 255 181
181 255 181
181 255 181
181 255 181
181 255 181
181 255 181
181 255 181
181 255 181
181 255 181
181 255 181
181 255 181
181 255 181
181 255 181
181 255 181
181 255 181
181 255 181
181 255 181
180 255 181
180 255 181
180 255 181
180 255 181
180 255 181
180 255 181
180 255 181
180 255 181
180 255 181
180 255 181
180 255 181
180 255 181
180 255 181
180 255 181
180 255 181
180 255 181
180 255 181
180 255 181
180 255 181
180 255 181
180 255 181
180 255 181
180 255 181
181 255 181
181 255 181
181 255 181
181 255 181
181 255 181
181 255 181
181 255 181
181 255 181
181 255 181
181 255 181
181 255 181
181 255 181
181 255 181
181 255 181
181 255 181
181 255 181
181 255 181
181 255 181
181 255 181
181 255 181
181 255 181
181 255 181
181 255 181
181 255 181
181 255 181
