P3
48 27
255
173 197 0
173 197 0
174 197 0
175 198 0
174 197 0
173 197 0
170 191 0
178 200 0
166 189 0
170 196 0
176 199 0
165 188 0
173 197 0
165 186 0
176 198 0
174 198 0
176 199 0
175 198 0
173 197 0
171 196 0
153 178 90
157 177 64
179 200 0
172 196 0
173 197 0
163 185 0
175 198 0
159 185 0
173 197 0
142 146 70
166 155 99
162 159 99
171 169 107
161 160 103
154 150 99
170 163 107
165 161 107
172 170 114
171 170 114
175 171 114
154 155 99
162 160 107
177 171 107
170 163 107
165 155 99
128 133 57
172 196 0
157 183 0
177 199 0
172 196 0
172 197 0
172 196 0
176 199 0
171 196 0
172 196 0
176 199 0
172 196 0
172 197 0
175 198 0
168 195 0
174 197 0
169 191 0
177 199 0
176 198 0
170 192 0
126 154 128
61 99 181
61 98 181
61 98 181
62 99 181
64 100 181
81 114 169
99 129 156
176 199 0
168 195 0
173 197 0
176 198 0
125 120 70
156 155 91
146 139 85
170 163 107
168 163 107
160 157 99
156 157 107
162 160 107
169 163 107
157 157 107
180 174 114
168 163 107
163 160 107
174 169 99
162 159 107
153 148 90
156 151 99
160 179 0
173 197 0
170 196 0
172 197 0
174 197 0
176 198 0
174 198 0
175 198 0
175 198 0
172 197 0
181 201 0
177 199 0
173 197 0
173 197 0
179 200 0
172 197 0
157 180 90
102 129 143
63 100 181
61 99 181
61 98 181
62 99 181
63 100 181
59 97 181
62 99 181
60 98 181
62 99 181
60 95 171
120 146 143
173 197 0
162 177 40
168 161 99
162 158 91
138 138 85
143 139 91
167 162 107
167 163 110
175 171 114
178 172 107
169 169 114
180 174 114
175 169 99
177 172 114
174 171 114
178 173 114
157 150 90
117 115 57
162 153 99
138 143 57
170 196 0
169 195 0
175 198 0
171 196 0
170 196 0
178 200 0
177 198 0
163 187 0
175 198 0
176 199 0
162 186 0
164 187 0
170 196 0
163 185 0
164 188 64
64 101 181
61 98 181
62 99 181
60 97 181
60 98 181
62 99 181
61 98 181
61 99 181
61 99 181
61 99 181
61 98 181
62 99 181
60 97 181
119 145 143
135 138 107
139 133 70
124 122 75
96 102 75
141 139 94
145 143 94
156 153 103
154 152 103
154 153 107
169 169 114
168 164 110
171 170 114
160 157 99
178 173 114
162 159 99
133 131 80
155 150 99
175 168 90
124 125 57
148 170 0
174 198 0
164 187 0
177 199 0
181 201 0
168 187 0
174 197 0
175 198 0
169 195 0
173 197 0
151 175 0
174 198 0
175 198 0
127 154 110
62 99 181
59 96 169
63 100 181
62 99 181
60 97 181
60 98 181
61 98 181
62 99 169
61 98 181
61 98 181
62 99 181
62 99 181
62 99 181
61 98 181
64 99 171
57 92 169
114 116 49
117 115 81
118 118 85
156 153 99
155 154 107
150 150 103
166 162 107
166 163 80
174 170 107
183 175 114
175 171 114
184 174 107
177 171 107
186 175 107
169 160 90
169 159 80
136 130 57
148 139 70
165 178 0
172 196 0
173 197 0
170 195 0
160 186 0
160 185 0
173 197 0
173 197 0
176 199 0
167 189 0
176 199 0
167 194 0
163 187 0
59 96 169
63 100 181
61 98 169
61 99 181
63 100 181
63 100 169
61 99 181
62 99 181
63 100 181
64 100 181
62 99 181
61 98 181
62 99 181
64 100 181
64 100 181
62 99 169
62 99 169
105 122 166
74 80 82
75 82 66
135 133 91
137 137 85
153 149 80
160 158 99
163 160 99
165 161 99
162 159 99
169 166 99
177 165 99
177 170 99
157 154 80
173 168 99
121 117 57
164 159 99
161 153 99
164 169 57
175 198 0
175 198 0
170 191 0
178 200 0
175 198 0
175 198 0
169 191 0
177 199 0
169 190 0
174 198 0
178 200 0
119 141 110
64 101 181
65 102 181
63 100 181
58 92 169
61 98 181
62 98 169
63 100 181
60 97 181
61 99 181
64 101 181
61 98 169
63 99 169
62 99 181
62 99 181
61 98 169
65 101 181
63 99 169
52 84 143
45 69 115
93 96 71
95 98 67
140 140 96
138 137 86
152 147 99
159 155 103
169 166 99
182 174 107
172 167 90
183 174 107
170 162 99
158 154 80
166 159 90
142 136 80
108 103 57
110 108 0
175 185 0
170 195 0
174 198 0
160 186 0
162 187 0
179 200 0
169 195 0
161 186 0
171 196 0
173 197 0
151 176 0
174 198 0
60 97 156
62 99 181
63 100 181
63 100 181
64 100 169
62 99 169
61 99 181
60 98 181
64 100 169
62 99 169
63 100 181
60 97 169
63 99 169
60 98 181
61 97 156
59 95 156
63 100 181
64 100 169
63 99 169
53 82 116
65 70 52
114 110 65
105 108 57
138 136 75
154 152 99
175 165 94
142 140 57
151 147 85
175 168 90
169 163 107
171 169 107
160 152 99
179 171 99
161 151 90
125 123 40
131 123 70
163 181 0
176 199 0
160 185 0
179 200 0
178 200 0
177 199 0
171 196 0
177 199 0
162 184 0
172 197 0
173 197 0
115 142 110
62 99 181
63 100 169
62 99 169
61 99 181
62 98 156
64 101 181
62 99 181
64 100 181
59 96 156
61 98 181
62 99 181
59 93 156
62 99 181
61 98 169
63 100 181
62 98 169
63 99 169
62 99 181
60 97 169
61 97 171
44 64 71
73 68 42
88 90 49
161 154 99
157 152 90
134 131 49
170 165 80
154 150 80
185 176 114
172 164 70
151 145 80
143 142 0
157 151 57
151 148 57
149 143 70
155 147 57
155 176 0
171 196 0
169 195 0
175 198 0
158 184 0
175 197 0
167 189 0
159 183 0
169 191 0
167 194 0
174 198 0
127 154 110
62 98 156
62 98 156
63 99 169
66 102 181
63 100 181
64 100 181
63 100 181
57 91 143
61 97 156
61 97 156
62 98 169
65 102 181
62 99 181
58 95 156
61 98 169
62 98 156
63 100 181
62 99 181
61 97 156
59 94 156
51 81 143
36 49 28
69 75 42
87 85 51
124 122 51
168 159 80
155 149 85
166 162 70
182 175 114
164 157 80
170 162 57
176 169 90
145 137 57
140 134 57
117 113 40
147 165 0
168 190 0
173 197 0
171 196 0
177 195 0
163 187 0
177 199 0
175 198 0
173 197 0
176 199 0
174 198 0
164 187 0
86 114 128
63 99 169
58 91 143
63 100 169
62 99 169
62 99 169
62 98 169
63 99 169
64 101 181
63 100 181
64 100 181
61 98 169
64 100 181
64 101 181
62 99 181
61 97 169
63 99 169
61 98 169
64 100 181
62 98 169
63 97 159
45 70 90
97 94 51
89 88 57
120 117 31
114 116 28
129 129 57
140 140 49
155 147 57
160 154 70
143 140 0
161 154 70
154 151 57
156 151 57
146 142 70
107 115 0
164 186 0
173 197 0
171 196 0
171 196 0
172 196 0
180 203 90
173 194 90
179 202 90
170 192 90
135 152 90
171 196 0
182 202 0
58 90 143
66 102 181
60 96 156
64 101 181
63 100 169
58 92 156
59 96 156
62 97 156
62 98 169
62 99 169
65 101 169
64 99 156
61 97 169
58 92 156
61 96 143
64 99 156
63 99 169
59 96 169
62 99 169
63 99 169
63 99 169
56 87 128
84 84 0
81 80 0
123 123 0
107 107 57
114 113 64
146 139 40
150 143 40
140 133 40
106 108 0
167 158 80
127 120 40
134 129 57
138 132 40
156 164 40
175 194 0
172 192 0
171 196 0
169 195 0
183 206 128
204 222 202
208 225 221
207 225 221
204 222 202
198 217 181
178 201 90
115 141 90
59 94 128
56 90 143
55 86 143
64 100 169
57 92 156
61 97 156
61 98 169
64 100 169
64 101 181
63 98 156
58 93 169
64 100 169
65 101 169
59 96 156
60 96 143
62 97 143
59 92 143
62 99 169
60 96 143
62 97 143
61 97 156
71 91 131
113 105 12
123 125 28
72 67 40
113 105 0
116 114 40
128 121 40
138 130 40
140 138 0
135 132 0
136 131 40
149 142 57
117 114 0
143 162 0
160 175 0
165 185 0
142 158 0
220 235 255
216 233 255
192 211 221
212 230 255
211 230 255
210 228 239
201 221 221
200 216 239
212 228 221
157 175 212
95 122 181
60 93 143
60 94 156
54 88 110
61 98 181
64 100 181
61 98 169
63 99 169
60 97 156
62 98 156
57 90 143
63 100 169
61 97 156
61 96 143
60 95 143
64 100 169
60 96 156
63 99 156
63 99 169
62 98 156
64 100 169
75 86 64
84 93 0
94 84 0
96 90 0
100 99 0
83 82 0
138 133 40
126 120 0
133 132 0
125 120 0
95 94 0
86 81 0
154 157 0
157 170 0
161 177 0
172 193 0
159 174 0
206 226 239
194 211 221
186 203 156
183 202 128
153 169 128
193 213 156
182 202 181
171 193 128
180 201 221
184 200 202
138 161 212
95 124 192
58 93 169
32 50 90
57 91 143
63 99 169
61 96 128
49 78 128
56 90 143
59 94 128
61 98 181
57 89 156
64 100 169
61 96 143
62 98 169
63 99 169
63 99 156
57 91 143
60 96 143
55 86 110
64 98 159
57 77 110
111 110 0
99 99 0
100 88 0
88 88 0
138 133 0
56 55 0
80 74 0
119 110 40
145 145 0
162 169 0
131 135 0
165 177 0
163 180 0
141 156 0
168 182 0
173 197 0
180 199 156
172 197 0
153 172 0
160 183 0
171 192 0
164 185 0
174 196 128
178 202 90
156 177 169
80 106 143
105 128 156
58 92 156
113 130 169
58 93 169
49 78 143
54 86 143
61 97 156
60 94 156
55 89 128
56 90 128
61 98 181
58 94 128
55 89 128
58 92 110
59 91 128
63 99 169
59 95 143
62 99 169
62 98 169
61 97 156
55 87 110
117 129 0
117 125 0
136 138 0
71 84 0
130 126 0
108 99 0
104 105 0
103 99 0
154 168 0
134 134 0
108 109 0
153 164 0
148 160 0
163 176 0
175 185 0
172 192 0
160 179 0
173 198 90
166 188 90
165 190 128
175 198 0
175 198 0
175 200 90
169 192 90
176 199 0
173 198 169
49 80 90
72 82 64
82 101 143
90 114 169
31 50 90
54 86 143
53 84 128
51 81 110
61 97 156
64 100 181
60 96 156
61 96 143
65 101 169
61 96 143
63 99 156
62 96 169
61 96 143
62 98 156
59 95 143
55 88 110
62 97 143
107 122 64
104 106 0
116 121 0
126 140 0
122 135 0
107 107 0
105 107 0
128 136 0
139 149 0
128 137 0
82 91 0
146 158 0
169 180 0
156 176 0
171 183 0
157 172 0
150 163 0
172 186 0
162 185 0
169 197 90
165 186 0
158 182 0
149 167 90
156 178 0
177 199 0
160 185 90
131 153 0
104 125 156
22 35 64
21 34 64
82 100 143
52 83 128
53 84 143
45 72 128
98 120 78
52 83 128
61 95 169
58 91 143
60 95 128
60 95 128
65 100 156
57 91 143
64 100 156
59 95 143
58 91 110
64 100 169
57 90 110
58 92 90
134 143 0
138 149 0
103 113 0
93 106 0
112 121 0
134 142 0
137 153 0
166 178 0
158 178 0
151 159 0
124 128 0
143 159 0
151 161 0
155 162 0
140 152 0
168 175 0
153 173 0
160 183 0
168 190 0
168 191 90
173 197 0
141 158 0
152 174 0
154 177 0
138 160 90
151 174 0
149 174 0
126 148 90
100 120 128
22 35 64
58 69 0
77 94 90
56 91 156
80 98 118
40 64 64
54 87 110
59 92 143
56 89 110
52 83 110
53 83 110
62 97 143
55 87 90
61 96 128
60 92 128
56 89 110
57 89 143
58 92 90
78 103 90
136 153 0
148 159 0
108 124 0
141 153 0
124 133 0
137 154 0
142 160 0
136 147 0
146 162 0
146 154 0
161 175 0
162 173 0
149 161 0
157 177 0
169 191 0
172 196 0
169 191 0
147 166 0
166 190 128
175 198 0
153 176 0
150 173 90
163 187 0
140 160 0
168 195 156
163 184 90
142 160 90
114 130 0
138 159 90
80 99 90
77 91 90
76 87 110
35 52 90
112 125 148
38 61 110
80 108 110
51 80 90
48 77 128
61 95 128
53 82 90
58 91 119
56 88 90
62 98 156
59 92 110
54 87 90
60 93 143
115 136 90
73 91 0
141 160 0
113 123 0
147 164 0
148 167 0
89 106 0
151 164 0
155 172 0
138 156 0
159 180 0
168 186 0
157 177 0
148 165 0
157 176 0
158 166 0
139 161 0
171 190 0
174 193 0
166 184 0
167 190 128
170 196 0
153 178 90
133 154 0
174 199 90
162 184 0
163 182 90
139 163 128
139 159 90
153 173 128
144 166 90
96 114 0
30 46 0
0 0 0
39 64 64
55 87 110
72 94 128
56 89 110
50 81 110
52 84 64
61 94 143
56 88 90
57 90 128
60 94 156
50 78 110
55 88 110
55 87 90
95 109 64
137 159 0
111 133 0
87 100 0
160 167 0
118 135 0
114 133 0
138 155 0
141 149 0
124 130 0
150 165 0
174 194 0
134 153 0
143 158 0
144 160 0
170 192 0
154 161 0
134 149 0
149 165 0
171 191 0
156 173 0
157 178 0
166 189 90
161 186 90
177 201 90
177 201 90
164 184 128
176 195 128
123 140 0
160 182 128
154 173 0
91 105 0
129 147 0
121 136 90
24 37 64
137 147 156
76 80 0
93 110 90
41 66 90
46 75 0
48 77 64
52 84 64
56 88 90
50 79 110
57 89 110
105 127 90
95 116 0
42 66 0
93 108 0
148 162 0
89 108 0
170 183 0
163 186 0
148 171 0
157 176 0
137 159 0
107 121 0
134 154 0
150 166 0
173 197 0
162 177 0
175 194 0
147 161 0
155 172 0
155 181 0
165 179 0
147 168 0
167 194 0
153 173 0
177 197 156
176 194 181
162 188 90
140 162 90
155 175 90
168 191 128
136 155 0
127 144 90
164 183 156
147 165 90
124 142 0
114 127 0
122 135 128
91 101 0
41 65 64
92 105 0
135 155 0
69 90 64
33 53 0
93 107 0
52 80 90
115 129 0
74 95 64
104 124 64
69 86 0
124 138 0
120 135 0
71 93 0
147 164 0
93 111 0
122 142 0
144 166 0
157 179 0
141 162 0
127 148 0
170 194 0
153 174 0
126 142 0
164 183 0
176 194 0
164 172 0
167 186 0
148 167 0
140 156 0
156 177 0
153 175 0
165 188 0
159 181 0
173 194 128
179 203 128
158 177 90
179 205 156
157 181 128
154 175 90
162 184 0
120 136 128
154 175 156
88 106 0
112 132 0
136 153 128
98 110 90
122 134 90
121 139 0
125 144 0
164 185 0
101 106 0
117 137 0
95 109 0
69 79 0
68 84 0
72 92 0
69 89 0
143 159 0
114 135 0
95 115 0
149 175 0
159 179 0
140 163 0
126 145 0
164 186 0
115 132 0
153 174 0
107 129 0
145 162 0
147 167 0
147 173 0
147 173 0
161 177 0
163 181 0
172 193 0
169 186 0
165 184 0
158 179 0
179 200 0
140 155 0
178 200 0
135 155 0
141 161 0
160 178 90
164 182 128
159 181 156
145 163 0
130 146 90
160 182 156
133 151 90
128 147 90
127 145 128
121 136 128
116 131 90
117 129 90
138 150 90
94 115 0
149 174 0
126 141 0
98 111 0
131 146 0
79 99 0
59 75 0
111 129 0
117 134 0
127 145 0
125 144 0
140 162 0
114 136 0
96 114 0
155 172 0
153 165 0
146 166 0
139 161 0
108 124 0
146 164 0
153 173 0
156 175 0
152 175 0
120 135 0
157 178 0
155 173 0
179 200 0
172 197 0
168 188 0
156 177 0
177 199 0
165 188 0
173 197 0
162 181 128
137 156 0
127 144 90
109 125 90
111 126 90
160 180 128
111 126 0
143 161 90
111 126 0
114 128 0
111 126 0
132 146 90
158 177 90
110 126 0
104 119 0
113 130 0
132 149 0
114 129 0
96 116 0
125 144 0
147 164 0
114 135 0
122 142 0
112 128 0
142 164 0
123 139 0
106 128 0
154 173 0
161 181 0
123 149 0
155 176 0
139 161 0
162 185 0
150 173 0
150 172 0
152 174 0
154 178 0
174 198 0
165 187 0
159 183 0
174 198 0
163 181 0
174 194 0
164 183 0
171 196 0
162 186 0
173 197 0
173 197 0
139 157 0
127 144 90
161 180 128
134 152 156
133 154 0
107 124 0
166 190 128
98 111 128
152 168 90
140 153 128
67 81 0
143 155 128
95 103 0
86 102 0
62 75 0
104 124 0
173 193 0
165 188 0
128 146 0
151 173 0
159 181 0
137 159 0
144 162 0
112 131 0
140 162 0
127 146 0
143 162 0
150 173 0
151 168 0
150 175 0
149 168 0
151 175 0
142 165 0
148 172 0
164 186 0
164 186 0
180 201 0
159 175 0
166 183 0
165 188 0
164 184 0
149 166 0
173 197 0
183 198 0
174 198 0
172 197 0
145 160 0
174 194 0
