-- three requests pipelined on one HTTP/1.1 connection
== connection 1: 192 bytes in 12 pieces
[server] GET /todos 200
[server] POST /todos 201
[server] GET /todos/1 200
< HTTP/1.1 200 OK
< content-type: application/json
< access-control-allow-origin: *
< date: Fri, 10 Oct 2025 01:20:00 GMT
< content-length: 2
<
[]
< HTTP/1.1 201 Created
< content-type: application/json
< location: http://localhost/todos/1
< access-control-allow-origin: *
< date: Fri, 10 Oct 2025 01:20:00 GMT
< content-length: 75
<
{"completed":false,"id":1,"title":"first","url":"http://localhost/todos/1"}
< HTTP/1.1 200 OK
< content-type: application/json
< access-control-allow-origin: *
< date: Fri, 10 Oct 2025 01:20:00 GMT
< content-length: 75
<
{"completed":false,"id":1,"title":"first","url":"http://localhost/todos/1"}
(the server closed the connection)
-- Connection: close ends the connection after its response
== connection 2: 61 bytes in 4 pieces
[server] GET /todos/1 200
< HTTP/1.1 200 OK
< content-type: application/json
< access-control-allow-origin: *
< date: Fri, 10 Oct 2025 01:20:00 GMT
< connection: close
< content-length: 75
<
{"completed":false,"id":1,"title":"first","url":"http://localhost/todos/1"}
(the server closed the connection)
-- HTTP/1.0 closes after one response by default
== connection 3: 25 bytes in 2 pieces
[server] GET /todos/1 200
< HTTP/1.1 200 OK
< content-type: application/json
< access-control-allow-origin: *
< date: Fri, 10 Oct 2025 01:20:00 GMT
< connection: close
< content-length: 75
<
{"completed":false,"id":1,"title":"first","url":"http://localhost/todos/1"}
(the server closed the connection)
-- HTTP/1.0 with keep-alive keeps the connection for a second request
== connection 4: 75 bytes in 5 pieces
[server] GET /todos/1 200
[server] HEAD /todos/1 200
< HTTP/1.1 200 OK
< content-type: application/json
< access-control-allow-origin: *
< date: Fri, 10 Oct 2025 01:20:00 GMT
< connection: keep-alive
< content-length: 75
<
{"completed":false,"id":1,"title":"first","url":"http://localhost/todos/1"}
< HTTP/1.1 200 OK
< content-type: application/json
< access-control-allow-origin: *
< date: Fri, 10 Oct 2025 01:20:00 GMT
< connection: close
< content-length: 75
(the server closed the connection)
-- connection tokens are a list, and case does not matter
== connection 5: 68 bytes in 4 pieces
[server] GET /todos 200
< HTTP/1.1 200 OK
< content-type: application/json
< access-control-allow-origin: *
< date: Fri, 10 Oct 2025 01:20:00 GMT
< connection: close
< content-length: 77
<
[{"completed":false,"id":1,"title":"first","url":"http://localhost/todos/1"}]
(the server closed the connection)
== shutdown: the port no longer answers
