Invalid arguments: flag --select needs a value

Sorts CSV data lexicographically.

Note that this requires reading all of the CSV data into memory.

Usage:
    xsv sort [options] [<input>]

sort options:
    -s, --select <arg>     Select a subset of columns to sort.
                           See 'xsv select --help' for the format
                           details.
    -N, --numeric          Compare according to string numerical
                           value
    -R, --reverse          Reverse order

Common options:
    -h, --help             Display this message
    -o, --output <file>    Write output to <file> instead of stdout.
    -n, --no-headers       When set, the first row will not be
                           interpreted as headers.
    -d, --delimiter <arg>  The field delimiter for reading CSV data.
                           Must be a single character. [default: ,]
[exit 1]
