Invalid arguments: join takes four arguments

Joins two sets of CSV data on the specified columns.

The default join operation is an 'inner' join. This corresponds
to the intersection of rows on the keys specified.

Joins are always done by ignoring leading and trailing whitespace.
By default, joins are done case sensitively, but this can be
disabled with the --no-case flag.

The columns arguments specify the columns to join for each input.
Columns can be referenced by name or index, starting at 1.
Specify multiple columns by separating them with a comma.
Specify a range of columns with `-`. Both columns1 and columns2
must specify exactly the same number of columns.
(See 'xsv select --help' for the full syntax.)

Usage:
    xsv join [options] <columns1> <input1> <columns2> <input2>

join options:
    --no-case              When set, joins are done case
                           insensitively.
    --left                 Do a 'left outer' join. This returns all
                           rows in first CSV data set, including
                           rows with no corresponding row in the
                           second data set. When no corresponding
                           row exists, it is padded out with empty
                           fields.
    --right                Do a 'right outer' join. This returns
                           all rows in second CSV data set,
                           including rows with no corresponding
                           row in the first data set. When no
                           corresponding row exists, it is padded
                           out with empty fields. (This is the
                           reverse of 'outer-left'.)
    --full                 Do a 'full outer' join. This returns all
                           rows in both data sets with matching
                           records joined. If there is no match,
                           the missing side will be padded out
                           with empty fields.
    --cross                This returns the cartesian product of
                           the CSV data sets given. The number of
                           rows return is equal to N * M, where N
                           and M correspond to the number of rows
                           in the given data sets, respectively.
    --nulls                When set, joins will work on empty
                           fields. Otherwise, empty fields are
                           completely ignored. (In fact, any row
                           that has an empty field in the key
                           specified is ignored.)

Common options:
    -h, --help             Display this message
    -o, --output <file>    Write output to <file> instead of stdout.
    -n, --no-headers       When set, the first row will not be
                           interpreted as headers.
    -d, --delimiter <arg>  The field delimiter for reading CSV data.
                           Must be a single character. [default: ,]
[exit 1]
