tree/.hidden/notes.txt:TODO: hidden note
tree/README.md:TODO: write the install section
tree/data/blob.bin: binary file matches (found "\0" byte around offset 14)
tree/data/noeol.txt:last line without newline TODO
tree/data/table.csv:1,TODO csv
tree/debug.log:TODO debug log line
tree/docs/draft.tmp:TODO draft that .gitignore hides
tree/docs/guide.md:The widget reads one file. TODO: document flags.
tree/docs/nested/old.tmp:TODO nested tmp is not hidden by docs/*.tmp
tree/docs/unicode.txt:naïve café TODO
tree/keep.log:TODO keep this log
tree/scripts/build.sh:# TODO: cache the build
tree/scripts/run.log:TODO: a log .gitignore hides and scripts/.ignore lets back in
tree/secret.txt:TODO: rotate the secret
tree/src/main.rs:    // TODO: support more than one file
tree/src/secret.txt:TODO: this secret.txt is not at the root
tree/src/util/generated.rs:// TODO generated code, ignored by src/util/.gitignore
tree/target/out.txt:TODO built artifact
tree/vendor/lib.c:/* TODO vendored */
[stderr]
[exit 0]
