    CLS                 ; 200  00E0
    LD V6, #00          ; 202  6600
    LD V7, #00          ; 204  6700
    LD VC, #00          ; 206  6C00
    LD V0, #F0          ; 208  60F0
    LD V1, #20          ; 20A  6120
    ADD V0, V1          ; 20C  8014
    CALL #268           ; 20E  2268
    LD V1, #20          ; 210  6120
    ADD V0, V1          ; 212  8014
    CALL #268           ; 214  2268
    LD V0, #30          ; 216  6030
    LD V1, #50          ; 218  6150
    SUB V0, V1          ; 21A  8015
    CALL #268           ; 21C  2268
    LD V0, #50          ; 21E  6050
    LD V1, #30          ; 220  6130
    SUB V0, V1          ; 222  8015
    CALL #268           ; 224  2268
    LD V0, #50          ; 226  6050
    LD V1, #30          ; 228  6130
    SUBN V0, V1         ; 22A  8017
    CALL #268           ; 22C  2268
    LD V0, #30          ; 22E  6030
    LD V1, #50          ; 230  6150
    SUBN V0, V1         ; 232  8017
    CALL #268           ; 234  2268
    LD V0, #00          ; 236  6000
    LD V1, #85          ; 238  6185
    SHR V0, V1          ; 23A  8016
    CALL #268           ; 23C  2268
    LD V0, #00          ; 23E  6000
    SHL V0, V1          ; 240  801E
    CALL #268           ; 242  2268
    LD VF, #77          ; 244  6F77
    LD V0, #F0          ; 246  60F0
    LD V1, #0F          ; 248  610F
    OR V0, V1           ; 24A  8011
    CALL #268           ; 24C  2268
    LD VF, #77          ; 24E  6F77
    LD V0, #FF          ; 250  60FF
    XOR V0, V1          ; 252  8013
    CALL #268           ; 254  2268
    LD VF, #77          ; 256  6F77
    LD VA, #FF          ; 258  6AFF
    ADD VA, #02         ; 25A  7A02
    LD VD, VF           ; 25C  8DF0
    LD VF, #FF          ; 25E  6FFF
    LD V1, #01          ; 260  6101
    ADD VF, V1          ; 262  8F14
    LD VB, VF           ; 264  8BF0
    JP #266             ; 266  1266
    LD V8, VF           ; 268  88F0
    LD V5, V0           ; 26A  8500
    CALL #284           ; 26C  2284
    ADD V6, #02         ; 26E  7602
    LD V5, V8           ; 270  8580
    CALL #284           ; 272  2284
    LD V6, VC           ; 274  86C0
    ADD V7, #06         ; 276  7706
    SE V7, #1E          ; 278  371E
    RET                 ; 27A  00EE
    LD V7, #00          ; 27C  6700
    LD VC, #20          ; 27E  6C20
    LD V6, VC           ; 280  86C0
    RET                 ; 282  00EE
    LD V9, V5           ; 284  8950
    SHR V9, V9          ; 286  8996
    SHR V9, V9          ; 288  8996
    SHR V9, V9          ; 28A  8996
    SHR V9, V9          ; 28C  8996
    LD F, V9            ; 28E  F929
    DRW V6, V7, 5       ; 290  D675
    ADD V6, #05         ; 292  7605
    LD V9, #0F          ; 294  690F
    AND V9, V5          ; 296  8952
    LD F, V9            ; 298  F929
    DRW V6, V7, 5       ; 29A  D675
    ADD V6, #05         ; 29C  7605
    RET                 ; 29E  00EE
[exit 0]
