status: idle at #21C
cycles 985  frames 98  tone 0
pc #21C  i #222  dt 0  st 0
v  00 20 01 00 00 00 00 00 00 00 00 00 00 00 00 00
stack -
keys -
+----------------------------------------------------------------+
|...#...##...#...#...#......##......#...##...#......#...##...#...|
|..#...#..#...#...#...#....#..#....#...#..#...#....#...#..#...#..|
|.#...#....#...#...#...#..#....#..#...#....#...#..#...#....#...#.|
|#...#......#...#...#...##......##...#......#...##...#......#...#|
|#...#...#......#...#...##...#...#......##...#......#...#...##...|
|.#...#...#....#...#...#..#...#...#....#..#...#....#...#...#..#..|
|..#...#...#..#...#...#....#...#...#..#....#...#..#...#...#....#.|
|...#...#...##...#...#......#...#...##......#...##...#...#......#|
|...#...##...#......##...#......#...#...##...#...#......##...#...|
|..#...#..#...#....#..#...#....#...#...#..#...#...#....#..#...#..|
|.#...#....#...#..#....#...#..#...#...#....#...#...#..#....#...#.|
|#...#......#...##......#...##...#...#......#...#...##......#...#|
|...#...##......#...##......#...#...##...#...#...#...#...#......#|
|..#...#..#....#...#..#....#...#...#..#...#...#...#...#...#....#.|
|.#...#....#..#...#....#..#...#...#....#...#...#...#...#...#..#..|
|#...#......##...#......##...#...#......#...#...#...#...#...##...|
|...##......##...#......#...#...#...#...#...#...#...##...#......#|
|..#..#....#..#...#....#...#...#...#...#...#...#...#..#...#....#.|
|.#....#..#....#...#..#...#...#...#...#...#...#...#....#...#..#..|
|#......##......#...##...#...#...#...#...#...#...#......#...##...|
|#......##......#...##...#...#......##......##...#......##...#...|
|.#....#..#....#...#..#...#...#....#..#....#..#...#....#..#...#..|
|..#..#....#..#...#....#...#...#..#....#..#....#...#..#....#...#.|
|...##......##...#......#...#...##......##......#...##......#...#|
|...##......##......##......##......##......##......#...##......#|
|..#..#....#..#....#..#....#..#....#..#....#..#....#...#..#....#.|
|.#....#..#....#..#....#..#....#..#....#..#....#..#...#....#..#..|
|#......##......##......##......##......##......##...#......##...|
|#......##......#...#...#...##......#...#...##...#......##...#...|
|.#....#..#....#...#...#...#..#....#...#...#..#...#....#..#...#..|
|..#..#....#..#...#...#...#....#..#...#...#....#...#..#....#...#.|
|...##......##...#...#...#......##...#...#......#...##......#...#|
+----------------------------------------------------------------+
[exit 0]
