status: ran 300 cycles
cycles 300  frames 30  tone 0
pc #206  i #000  dt 0  st 0
v  00 00 00 00 00 00 02 02 00 00 00 00 00 00 00 00
stack -
keys -
+----------------------------------------------------------------+
|................................................................|
|................................................................|
|................................................................|
|................................................................|
|................................................................|
|................................................................|
|................................................................|
|................................................................|
|................................................................|
|................................................................|
|................................................................|
|................................................................|
|................................................................|
|................................................................|
|................................................................|
|................................................................|
|................................................................|
|................................................................|
|................................................................|
|................................................................|
|................................................................|
|................................................................|
|................................................................|
|................................................................|
|................................................................|
|................................................................|
|................................................................|
|................................................................|
|................................................................|
|................................................................|
|................................................................|
|................................................................|
+----------------------------------------------------------------+
[exit 0]
