status: ran 20000 cycles
cycles 20000  frames 2000  tone 98
pc #216  i #270  dt 0  st 0
v  07 13 01 01 00 01 02 00 00 00 00 00 00 00 00 00
stack -
keys -
+----------------------------------------------------------------+
|################################################################|
|#..............................................................#|
|#..............................................................#|
|#..............................................................#|
|#..............................................................#|
|#..............................................................#|
|#..............................................................#|
|#..............................................................#|
|#..............................................................#|
|#..............................................................#|
|#..............................................................#|
|#..............................................................#|
|#..............................................................#|
|#..............................................................#|
|#..............................................................#|
|#..............................................................#|
|#..............................................................#|
|#..............................................................#|
|#..............................................................#|
|#......##......................................................#|
|#......##......................................................#|
|#..............................................................#|
|#..............................................................#|
|#..............................................................#|
|#..............................................................#|
|#..............................................................#|
|#..............................................................#|
|#..............................................................#|
|#..............................................................#|
|#..............................................................#|
|#..............................................................#|
|################################################################|
+----------------------------------------------------------------+
[exit 0]
