status: idle at #21E
cycles 502  frames 50  tone 0
pc #21E  i #050  dt 0  st 0
v  00 05 00 22 00 00 14 02 00 00 00 00 00 00 00 00
stack -
keys -
+----------------------------------------------------------------+
|................................................................|
|................................................................|
|..####..####..####..............................................|
|..#..#.....#..#..#..............................................|
|..####..####..#..#..............................................|
|..#..#.....#..#..#..............................................|
|..#..#..####..####..............................................|
|................................................................|
|................................................................|
|................................................................|
|................................................................|
|................................................................|
|................................................................|
|................................................................|
|................................................................|
|................................................................|
|................................................................|
|................................................................|
|................................................................|
|................................................................|
|................................................................|
|................................................................|
|................................................................|
|................................................................|
|................................................................|
|................................................................|
|................................................................|
|................................................................|
|................................................................|
|................................................................|
|................................................................|
|................................................................|
+----------------------------------------------------------------+
[exit 0]
