status: ran 2500 cycles
cycles 2500  frames 250  tone 10
pc #232  i #270  dt 0  st 0
v  08 06 FF 01 00 00 02 00 00 00 00 00 00 00 00 00
stack -
keys -
+----------------------------------------------------------------+
|################################################################|
|#..............................................................#|
|#..............................................................#|
|#..............................................................#|
|#..............................................................#|
|#..............................................................#|
|#..............................................................#|
|#..............................................................#|
|#..............................................................#|
|#..............................................................#|
|#..............................................................#|
|#..............................................................#|
|#..............................................................#|
|#..............................................................#|
|#..............................................................#|
|#..............................................................#|
|#..............................................................#|
|#..............................................................#|
|#..............................................................#|
|#..............................................................#|
|#..............................................................#|
|#..............................................................#|
|#..............................................................#|
|#..............................................................#|
|#..............................................................#|
|#..............................................................#|
|#..............................................................#|
|#..............................................................#|
|#..............................................................#|
|#..............................................................#|
|#..............................................................#|
|################################################################|
+----------------------------------------------------------------+
[exit 0]
