status: fault at #204 after 34 cycles: stack overflow: CALL #202
cycles 34  frames 3  tone 0
pc #204  i #000  dt 0  st 0
v  11 00 00 00 00 00 00 00 00 00 00 00 00 00 00 00
stack #206 #206 #206 #206 #206 #206 #206 #206 #206 #206 #206 #206 #206 #206 #206 #206
keys -
+----------------------------------------------------------------+
|................................................................|
|................................................................|
|................................................................|
|................................................................|
|................................................................|
|................................................................|
|................................................................|
|................................................................|
|................................................................|
|................................................................|
|................................................................|
|................................................................|
|................................................................|
|................................................................|
|................................................................|
|................................................................|
|................................................................|
|................................................................|
|................................................................|
|................................................................|
|................................................................|
|................................................................|
|................................................................|
|................................................................|
|................................................................|
|................................................................|
|................................................................|
|................................................................|
|................................................................|
|................................................................|
|................................................................|
|................................................................|
+----------------------------------------------------------------+
[exit 0]
