status: idle at #21A
cycles 16  frames 1  tone 0
pc #21A  i #22E  dt 0  st 0
v  02 02 04 04 00 00 00 00 00 00 00 01 00 00 00 00
stack -
keys -
+----------------------------------------------------------------+
|.......#........................................................|
|......#.........................................................|
|......##........................................................|
|.....#..........................................................|
|................................................................|
|................................................................|
|................................................................|
|................................................................|
|................................................................|
|................................................................|
|................................................................|
|................................................................|
|................................................................|
|................................................................|
|................................................................|
|................................................................|
|................................................................|
|................................................................|
|................................................................|
|................................................................|
|................................................................|
|................................................................|
|................................................................|
|................................................................|
|................................................................|
|................................................................|
|................................................................|
|................................................................|
|................................................................|
|................................................................|
|................................................................|
|................................................................|
+----------------------------------------------------------------+
[exit 0]
