status: idle at #21C
cycles 132  frames 13  tone 0
pc #21C  i #09B  dt 0  st 0
v  10 42 0E 00 00 00 00 00 00 00 00 00 00 00 00 00
stack -
keys -
+----------------------------------------------------------------+
|................................................................|
|................................................................|
|................................................................|
|................................................................|
|..####......#.....####....####....#..#....####....####....####..|
|..#..#.....##........#.......#....#..#....#.......#..........#..|
|..#..#......#.....####....####....####....####....####......#...|
|..#..#......#.....#..........#.......#.......#....#..#.....#....|
|..####.....###....####....####.......#....####....####.....#....|
|................................................................|
|................................................................|
|................................................................|
|................................................................|
|................................................................|
|..####....####....####....###.....####....###.....####....####..|
|..#..#....#..#....#..#....#..#....#.......#..#....#.......#.....|
|..####....####....####....###.....#.......#..#....####....####..|
|..#..#.......#....#..#....#..#....#.......#..#....#.......#.....|
|..####....####....#..#....###.....####....###.....####....#.....|
|................................................................|
|................................................................|
|................................................................|
|................................................................|
|................................................................|
|................................................................|
|................................................................|
|................................................................|
|................................................................|
|................................................................|
|................................................................|
|................................................................|
|................................................................|
+----------------------------------------------------------------+
[exit 0]
