status: ran 6000 cycles
cycles 6000  frames 600  tone 0
pc #22E  i #2BF  dt 0  st 0
v  17 0B 01 01 00 06 01 01 01 00 38 0A 00 00 00 00
stack -
keys -
+----------------------------------------------------------------+
|................................................................|
|.####...#.......................................................|
|.#..#..##.......................................................|
|.#..#...#.......................................................|
|.#..#...#.......................................................|
|.####..###......................................................|
|................................................................|
|................................................................|
|................................................................|
|................................................................|
|................................................................|
|................................................................|
|................................................................|
|................................................................|
|................................................................|
|................................................................|
|................................................................|
|................................................................|
|................................................................|
|................................................................|
|................................................................|
|................................................................|
|................................................................|
|................................................................|
|................................................................|
|................................................................|
|................................................................|
|................................................................|
|................................................................|
|................................................................|
|........................................................########|
|................................................................|
+----------------------------------------------------------------+
[exit 0]
