status: idle at #218
cycles 82  frames 8  tone 0
pc #218  i #069  dt 0  st 0
v  02 05 05 FF 00 00 0C 1F 00 00 00 00 00 00 00 00
stack -
keys -
+----------------------------------------------------------------+
|................................................................|
|..####.####.####................................................|
|..#..#.#..#.#..#................................................|
|..#..#.#..#.#..#................................................|
|..#..#.#..#.#..#................................................|
|..####.####.####................................................|
|................................................................|
|..####.####.####................................................|
|..#..#.#..#....#................................................|
|..#..#.#..#...#.................................................|
|..#..#.#..#..#..................................................|
|..####.####..#..................................................|
|................................................................|
|..####.#..#.####................................................|
|..#..#.#..#....#................................................|
|..#..#.####.####................................................|
|..#..#....#.#...................................................|
|..####....#.####................................................|
|................................................................|
|....#..####.####................................................|
|...##.....#....#................................................|
|....#..####...#.................................................|
|....#.....#..#..................................................|
|...###.####..#..................................................|
|................................................................|
|..####.####.####................................................|
|.....#.#....#...................................................|
|..####.####.####................................................|
|..#.......#....#................................................|
|..####.####.####................................................|
|................................................................|
|................................................................|
+----------------------------------------------------------------+
[exit 0]
