0 #200 00E0  CLS
1 #202 6000  LD V0, #00
2 #204 6102  LD V1, #02
3 #206 6204  LD V2, #04
4 #208 F029  LD F, V0
5 #20A D125  DRW V1, V2, 5
6 #20C 7001  ADD V0, #01
7 #20E 7108  ADD V1, #08
8 #210 3008  SE V0, #08
9 #212 1218  JP #218
10 #218 3010  SE V0, #10
11 #21A 1208  JP #208
status: ran 12 cycles
cycles 12  frames 1  tone 0
pc #208  i #050  dt 0  st 0
v  01 0A 04 00 00 00 00 00 00 00 00 00 00 00 00 00
stack -
keys -
+----------------------------------------------------------------+
|................................................................|
|................................................................|
|................................................................|
|................................................................|
|..####..........................................................|
|..#..#..........................................................|
|..#..#..........................................................|
|..#..#..........................................................|
|..####..........................................................|
|................................................................|
|................................................................|
|................................................................|
|................................................................|
|................................................................|
|................................................................|
|................................................................|
|................................................................|
|................................................................|
|................................................................|
|................................................................|
|................................................................|
|................................................................|
|................................................................|
|................................................................|
|................................................................|
|................................................................|
|................................................................|
|................................................................|
|................................................................|
|................................................................|
|................................................................|
|................................................................|
+----------------------------------------------------------------+
[exit 0]
