status: idle at #21C
cycles 979  frames 97  tone 0
pc #21C  i #21E  dt 0  st 0
v  00 20 00 00 00 00 00 00 00 00 00 00 00 00 00 00
stack -
keys -
+----------------------------------------------------------------+
|...#...#...#...##...#......#...##...#...#...#......#...##......#|
|..#...#...#...#..#...#....#...#..#...#...#...#....#...#..#....#.|
|.#...#...#...#....#...#..#...#....#...#...#...#..#...#....#..#..|
|#...#...#...#......#...##...#......#...#...#...##...#......##...|
|#......#...#...#...##...#......##......##...#......#...##......#|
|.#....#...#...#...#..#...#....#..#....#..#...#....#...#..#....#.|
|..#..#...#...#...#....#...#..#....#..#....#...#..#...#....#..#..|
|...##...#...#...#......#...##......##......#...##...#......##...|
|...#...#...##...#......#...#...##......#...##......#...#...#...#|
|..#...#...#..#...#....#...#...#..#....#...#..#....#...#...#...#.|
|.#...#...#....#...#..#...#...#....#..#...#....#..#...#...#...#..|
|#...#...#......#...##...#...#......##...#......##...#...#...#...|
|...##...#...#...#...#...#......#...##......#...##......##......#|
|..#..#...#...#...#...#...#....#...#..#....#...#..#....#..#....#.|
|.#....#...#...#...#...#...#..#...#....#..#...#....#..#....#..#..|
|#......#...#...#...#...#...##...#......##...#......##......##...|
|...##......#...#...##......##......#...#...##......#...#...##...|
|..#..#....#...#...#..#....#..#....#...#...#..#....#...#...#..#..|
|.#....#..#...#...#....#..#....#..#...#...#....#..#...#...#....#.|
|#......##...#...#......##......##...#...#......##...#...#......#|
|#...#...#...#......#...##......#...##......##...#...#...#...#...|
|.#...#...#...#....#...#..#....#...#..#....#..#...#...#...#...#..|
|..#...#...#...#..#...#....#..#...#....#..#....#...#...#...#...#.|
|...#...#...#...##...#......##...#......##......#...#...#...#...#|
|#...#......#...#...#...#...##......##...#...#......#...##......#|
|.#...#....#...#...#...#...#..#....#..#...#...#....#...#..#....#.|
|..#...#..#...#...#...#...#....#..#....#...#...#..#...#....#..#..|
|...#...##...#...#...#...#......##......#...#...##...#......##...|
|#...#......##......#...##...#......#...#...##...#...#......#...#|
|.#...#....#..#....#...#..#...#....#...#...#..#...#...#....#...#.|
|..#...#..#....#..#...#....#...#..#...#...#....#...#...#..#...#..|
|...#...##......##...#......#...##...#...#......#...#...##...#...|
+----------------------------------------------------------------+
[exit 0]
