status: idle at #21E
cycles 15  frames 1  tone 0
pc #21E  i #220  dt 0  st 0
v  46 28 00 00 00 00 00 00 00 00 00 01 00 00 00 00
stack -
keys -
+----------------------------------------------------------------+
|................................................................|
|................................................................|
|................................................................|
|................................................................|
|................................................................|
|................................................................|
|................................................................|
|................................................................|
|......########..................................................|
|......#......#..................................................|
|......#......#..................................................|
|......#......#..................................................|
|......#......#..................................................|
|......#......#..................................................|
|......#......#..................................................|
|......########..................................................|
|................................................................|
|................................................................|
|................................................................|
|................................................................|
|................................................................|
|................................................................|
|................................................................|
|................................................................|
|................................................................|
|................................................................|
|................................................................|
|................................................................|
|............................................................####|
|............................................................#...|
|............................................................#...|
|............................................................#...|
+----------------------------------------------------------------+
[exit 0]
