status: idle at #266
cycles 437  frames 43  tone 0
pc #266  i #050  dt 0  st 0
v  F0 01 00 00 00 00 20 00 00 00 01 01 20 77 00 01
stack -
keys -
+----------------------------------------------------------------+
|..#..####...####...#............####.####...####...#............|
|.##..#..#...#..#..##...............#.#..#...#..#..##............|
|..#..#..#...#..#...#............####.#..#...#..#...#............|
|..#..#..#...#..#...#............#....#..#...#..#...#............|
|.###.####...####..###...........####.####...####..###...........|
|................................................................|
|####.####...####.####...........#..#.####...####...#............|
|...#.#..#...#..#.#..#...........#..#....#...#..#..##............|
|####.#..#...#..#.#..#...........####.####...#..#...#............|
|...#.#..#...#..#.#..#..............#.#......#..#...#............|
|####.####...####.####..............#.####...####..###...........|
|................................................................|
|####.####...####.####...........####.####...####...#............|
|#....#..#...#..#.#..#...........#..#.#..#...#..#..##............|
|####.#..#...#..#.#..#...........#..#.####...#..#...#............|
|#....#..#...#..#.#..#...........#..#.#..#...#..#...#............|
|####.####...####.####...........####.#..#...####..###...........|
|................................................................|
|####.####...####...#............####.####...####.####...........|
|...#.#..#...#..#..##............#....#......#..#.#..#...........|
|####.#..#...#..#...#............####.####...#..#.#..#...........|
|#....#..#...#..#...#............#....#......#..#.#..#...........|
|####.####...####..###...........#....#......####.####...........|
|................................................................|
|####.####...####.####...........####.####...####.####...........|
|#....#..#...#..#.#..#...........#....#..#...#..#.#..#...........|
|####.#..#...#..#.#..#...........####.#..#...#..#.#..#...........|
|#....#..#...#..#.#..#...........#....#..#...#..#.#..#...........|
|####.####...####.####...........#....####...####.####...........|
|................................................................|
|................................................................|
|................................................................|
+----------------------------------------------------------------+
[exit 0]
