status: ran 3000 cycles
cycles 3000  frames 300  tone 0
pc #22E  i #2BF  dt 0  st 0
v  1B 0F 01 01 00 06 06 01 00 00 1C 06 00 00 00 00
stack -
keys -
+----------------------------------------------------------------+
|................................................................|
|.####.####......................................................|
|.#..#.#..#......................................................|
|.#..#.#..#......................................................|
|.#..#.#..#......................................................|
|.####.####......................................................|
|................................................................|
|................................................................|
|................................................................|
|................................................................|
|................................................................|
|................................................................|
|................................................................|
|................................................................|
|................................................................|
|................................................................|
|................................................................|
|................................................................|
|................................................................|
|................................................................|
|................................................................|
|................................................................|
|................................................................|
|................................................................|
|................................................................|
|................................................................|
|................................................................|
|................................................................|
|................................................................|
|................................................................|
|............................########............................|
|................................................................|
+----------------------------------------------------------------+
[exit 0]
