pattern:    [^\d\s[:punct:]]\W\b
parsed:     cat{cc{0x0-0x8 0xb 0xe-0x1f A-Z a-z 0x7f-0x10ffff}cc{0x0-/ :-@ [-^ ` 0x7b-0x10ffff}wb{}}
simplified: cat{cc{0x0-0x8 0xb 0xe-0x1f A-Z a-z 0x7f-0x10ffff}cc{0x0-/ :-@ [-^ ` 0x7b-0x10ffff}wb{}}
groups:     none
program:
1. save 0
2. class cc{0x0-0x8 0xb 0xe-0x1f A-Z a-z 0x7f-0x10ffff}
3. class cc{0x0-/ :-@ [-^ ` 0x7b-0x10ffff}
4. assert wb{}
5. save 1
6. match
--- exit 0
