a|ab	ab	(0 2)
ab|a	ab	(0 2)
(a|ab)(c|bcd)(d*)	abcd	(0 4 0 1 1 4 4 4)
a*?	aaa	(0 3)
a+?	aaa	(0 3)
(a+?)(a*)	aaaa	(0 4 0 1 1 4)
cat|category	category catalogue	(0 8) (9 12)
\w+?	word	(0 4)
x*y*	xxyy	(0 4)
(a|b)*?c	ababc	(0 5 3 4)
a{2,3}?	aaaaaaa	(0 3) (3 6)
(?:a|aa)*	aaaa	(0 4)
.*?b	aabab	(0 5)
--- exit 0
