abc	xxabcxxabc	(2 5) (7 10)
abc	ab	no match
a	banana	(1 2) (3 4) (5 6)
	abc	(0 0) (1 1) (2 2) (3 3)
x*		(0 0)
a|ab	ab	(0 1)
ab|a	ab	(0 2)
cat|dog|bird	hotdog catbird	(3 6) (7 10) (10 14)
(a|ab)(c|bcd)(d*)	abcd	(0 4 0 1 1 4 4 4)
[abc]+	xxcabbaxx	(2 7)
[^abc]+	abcxyzabc	(3 6)
[a-c-]+	a-b-c-d	(0 6)
[]a]+	a]]a	(0 4)
[^]a]+	a]xyz	(2 5)
[a-zA-Z0-9_]+	foo_Bar9 baz	(0 8) (9 12)
\d+	tel 555-1234	(4 7) (8 12)
\D+	12ab34	(2 4)
\s+	a \t b	(1 2) (4 5)
\S+	 hi there 	(1 3) (4 9)
\w+	héllo wörld	(0 1) (2 5) (6 7) (8 11)
\W+	a, b; c	(1 3) (4 6)
[\d\s]+	12 34x	(0 5)
[^\d\s]+	12 ab 34	(3 5)
[[:alpha:]]+	ab12cd	(0 2) (4 6)
[[:^alpha:]]+	ab12cd	(2 4)
[[:digit:][:upper:]]+	abC9Dx	(2 5)
[[:punct:]]+	a!?b...	(1 3) (4 7)
\x41\x{42}	xABx	(1 3)
[\x{263a}-\x{263c}]	a☺☻b	(1 2) (2 3)
.	☺x	(0 1) (1 2)
.+	a\nbc	(0 1) (2 4)
(?s).+	a\nbc	(0 4)
^abc	abcabc	(0 3)
abc$	abcabc	(3 6)
^$		(0 0)
^	abc	(0 0)
$	abc	(3 3)
(?m)^\w+	one\ntwo\nthree	(0 3) (4 7) (8 13)
(?m)\w+$	one\ntwo\nthree	(0 3) (4 7) (8 13)
(?m)^$	a\n\nb	(2 2)
\Aab	abab	(0 2)
ab\z	abab	(2 4)
\bfoo\b	foo foobar barfoo foo	(0 3) (18 21)
\Boo\B	foo food	(5 7)
\b	ab cd	(0 0) (2 2) (3 3) (5 5)
a*	baaa	(0 0) (1 4)
a+	baaab	(1 4)
a?	ba	(0 0) (1 2)
a*?	aaa	(0 0) (1 1) (2 2) (3 3)
a+?	aaa	(0 1) (1 2) (2 3)
a??b	ab	(0 2)
(a+)(a*)	aaaa	(0 4 0 4 4 4)
(a+?)(a*)	aaaa	(0 4 0 1 1 4)
a{2}	aaaaa	(0 2) (2 4)
a{2,}	aaaaa	(0 5)
a{2,3}	aaaaaaa	(0 3) (3 6)
a{2,3}?	aaaaaaa	(0 2) (2 4) (4 6)
a{0}b	ab	(1 2)
(ab){1,2}	ababab	(0 4 2 4) (4 6 4 6)
a{,3}	a{,3}	(0 5)
x{2}y{0,1}z	xxz xxyz	(0 3) (4 8)
(a{2}){2}	aaaaa	(0 4 2 4)
(a)(b)(c)	abc	(0 3 0 1 1 2 2 3)
(a)|(b)	b	(0 1 - - 0 1)
(a(b)?)+	aba	(0 3 2 3 1 2)
((a)|b)+	ab	(0 2 1 2 0 1)
(a*)+	b	(0 0 0 0) (1 1 1 1)
(a*)*	b	(0 0 0 0) (1 1 1 1)
(a|b)*	abab	(0 4 3 4)
(?:a(b))+	abab	(0 4 3 4)
(?P<word>\w+)@(?<host>\w+)	me@here you@there	(0 7 0 2 3 7) (8 17 8 11 12 17)
(a)?b	b	(0 1 - -)
(?i)hello	HeLLo hello HELLO	(0 5) (6 11) (12 17)
(?i)[a-c]+	xABCabcx	(1 7)
(?i)k	kK\x{212a}	(0 1) (1 2)
(?i)[^k]+	kKxyzk	(2 5)
(?i)ſ	sS	(0 1) (1 2)
(?i:a)b	Ab AB	(0 2)
a(?i)b	aB AB	(0 2)
(?i)σ	ΣσςΣ	(0 1) (1 2) (2 3) (3 4)
(?i)é	É	(0 1)
(?i)Ж	жЖ	(0 1) (1 2)
(?U)a+	aaa	(0 1) (1 2) (2 3)
(?U)a+?	aaa	(0 3)
(?m-s).	a	(0 1)
(?i)(?-i)a	A	no match
日本	こんにちは日本語	(5 7)
[ぁ-ん]+	こんにちは日本語	(0 5)
a*	baaab	(0 0) (1 4) (5 5)
\b	a b	(0 0) (1 1) (2 2) (3 3)
(?:)	ab	(0 0) (1 1) (2 2)
--- exit 0
